
> aegis-policy-engine@1.0.0 test
> NODE_ENV=test jest

ts-jest[ts-jest-transformer] (WARN) Define `ts-jest` config under `globals` is deprecated. Please do
transform: {
    <transform_regex>: ['ts-jest', { /* ts-jest config goes here in Jest */ }],
},
See more at https://kulshekhar.github.io/ts-jest/docs/getting-started/presets#advanced
ts-jest[ts-jest-transformer] (WARN) Define `ts-jest` config under `globals` is deprecated. Please do
transform: {
    <transform_regex>: ['ts-jest', { /* ts-jest config goes here in Jest */ }],
},
See more at https://kulshekhar.github.io/ts-jest/docs/getting-started/presets#advanced
ts-jest[ts-jest-transformer] (WARN) Define `ts-jest` config under `globals` is deprecated. Please do
transform: {
    <transform_regex>: ['ts-jest', { /* ts-jest config goes here in Jest */ }],
},
See more at https://kulshekhar.github.io/ts-jest/docs/getting-started/presets#advanced
ts-jest[ts-jest-transformer] (WARN) Define `ts-jest` config under `globals` is deprecated. Please do
transform: {
    <transform_regex>: ['ts-jest', { /* ts-jest config goes here in Jest */ }],
},
See more at https://kulshekhar.github.io/ts-jest/docs/getting-started/presets#advanced
ts-jest[ts-jest-transformer] (WARN) Define `ts-jest` config under `globals` is deprecated. Please do
transform: {
    <transform_regex>: ['ts-jest', { /* ts-jest config goes here in Jest */ }],
},
See more at https://kulshekhar.github.io/ts-jest/docs/getting-started/presets#advanced
ts-jest[ts-jest-transformer] (WARN) Define `ts-jest` config under `globals` is deprecated. Please do
transform: {
    <transform_regex>: ['ts-jest', { /* ts-jest config goes here in Jest */ }],
},
See more at https://kulshekhar.github.io/ts-jest/docs/getting-started/presets#advanced
ts-jest[ts-jest-transformer] (WARN) Define `ts-jest` config under `globals` is deprecated. Please do
transform: {
    <transform_regex>: ['ts-jest', { /* ts-jest config goes here in Jest */ }],
},
See more at https://kulshekhar.github.io/ts-jest/docs/getting-started/presets#advanced
ts-jest[ts-jest-transformer] (WARN) Define `ts-jest` config under `globals` is deprecated. Please do
transform: {
    <transform_regex>: ['ts-jest', { /* ts-jest config goes here in Jest */ }],
},
See more at https://kulshekhar.github.io/ts-jest/docs/getting-started/presets#advanced
ts-jest[ts-jest-transformer] (WARN) Define `ts-jest` config under `globals` is deprecated. Please do
transform: {
    <transform_regex>: ['ts-jest', { /* ts-jest config goes here in Jest */ }],
},
See more at https://kulshekhar.github.io/ts-jest/docs/getting-started/presets#advanced
ts-jest[config] (WARN) 
    The "ts-jest" config option "isolatedModules" is deprecated and will be removed in v30.0.0. Please use "isolatedModules: true" in /Users/shingo/Develop/aegis-policy-engine/tsconfig.test.json instead, see https://www.typescriptlang.org/tsconfig/#isolatedModules
  
ts-jest[config] (WARN) 
    The "ts-jest" config option "isolatedModules" is deprecated and will be removed in v30.0.0. Please use "isolatedModules: true" in /Users/shingo/Develop/aegis-policy-engine/tsconfig.test.json instead, see https://www.typescriptlang.org/tsconfig/#isolatedModules
  
ts-jest[config] (WARN) 
    The "ts-jest" config option "isolatedModules" is deprecated and will be removed in v30.0.0. Please use "isolatedModules: true" in /Users/shingo/Develop/aegis-policy-engine/tsconfig.test.json instead, see https://www.typescriptlang.org/tsconfig/#isolatedModules
  
ts-jest[config] (WARN) 
    The "ts-jest" config option "isolatedModules" is deprecated and will be removed in v30.0.0. Please use "isolatedModules: true" in /Users/shingo/Develop/aegis-policy-engine/tsconfig.test.json instead, see https://www.typescriptlang.org/tsconfig/#isolatedModules
  
ts-jest[config] (WARN) 
    The "ts-jest" config option "isolatedModules" is deprecated and will be removed in v30.0.0. Please use "isolatedModules: true" in /Users/shingo/Develop/aegis-policy-engine/tsconfig.test.json instead, see https://www.typescriptlang.org/tsconfig/#isolatedModules
  
ts-jest[config] (WARN) 
    The "ts-jest" config option "isolatedModules" is deprecated and will be removed in v30.0.0. Please use "isolatedModules: true" in /Users/shingo/Develop/aegis-policy-engine/tsconfig.test.json instead, see https://www.typescriptlang.org/tsconfig/#isolatedModules
  
ts-jest[config] (WARN) 
    The "ts-jest" config option "isolatedModules" is deprecated and will be removed in v30.0.0. Please use "isolatedModules: true" in /Users/shingo/Develop/aegis-policy-engine/tsconfig.test.json instead, see https://www.typescriptlang.org/tsconfig/#isolatedModules
  
ts-jest[config] (WARN) 
    The "ts-jest" config option "isolatedModules" is deprecated and will be removed in v30.0.0. Please use "isolatedModules: true" in /Users/shingo/Develop/aegis-policy-engine/tsconfig.test.json instead, see https://www.typescriptlang.org/tsconfig/#isolatedModules
  
ts-jest[config] (WARN) 
    The "ts-jest" config option "isolatedModules" is deprecated and will be removed in v30.0.0. Please use "isolatedModules: true" in /Users/shingo/Develop/aegis-policy-engine/tsconfig.test.json instead, see https://www.typescriptlang.org/tsconfig/#isolatedModules
  
[AI Judgment] Initializing with provider: anthropic
[AI Judgment] Using Anthropic Claude API for real AI judgment
FAIL test/constraints-obligations.test.ts
  ● 制約・義務処理 - 機能テスト › ObligationExecutor - 義務の実行 › 複数義務の並列実行 › 複数の義務を効率的に並列実行する

    TypeError: Cannot read properties of undefined (reading 'send')

      441 |         // 全ての義務が実行されたことを確認
      442 |         expect(executor['auditLogger'].log).toHaveBeenCalled();
    > 443 |         expect(executor['notificationService'].send).toHaveBeenCalled();
          |                                                ^
      444 |
      445 |         // 並列実行により、順次実行より高速であることを確認
      446 |         expect(elapsed).toBeLessThan(1000); // 各義務が200ms程度と仮定

      at Object.<anonymous> (test/constraints-obligations.test.ts:443:48)

  ● 制約・義務処理 - 機能テスト › ObligationExecutor - 義務の実行 › エラーハンドリング › 義務実行エラーをログに記録するが処理は継続する

    TypeError: Cannot read properties of undefined (reading 'send')

      459 |
      460 |         // 通知送信をエラーにする
    > 461 |         executor['notificationService'].send.mockRejectedValueOnce(
          |                                         ^
      462 |           new Error('Notification service unavailable')
      463 |         );
      464 |

      at Object.<anonymous> (test/constraints-obligations.test.ts:461:41)

2026-02-13 09:16:28 [aegis] [31merror[39m: Failed to start MCP Proxy Server: listen EADDRINUSE: address already in use :::3000 {"code":"EADDRINUSE","errno":-48,"syscall":"listen","address":"::","port":3000,"stack":"Error: listen EADDRINUSE: address already in use :::3000\n    at Server.setupListenHandle [as _listen2] (node:net:1908:16)\n    at listenInCluster (node:net:1965:12)\n    at Server.listen (node:net:2067:7)\n    at Function.listen (/Users/shingo/Develop/aegis-policy-engine/node_modules/express/lib/application.js:635:24)\n    at /Users/shingo/Develop/aegis-policy-engine/dist/src/mcp/http-proxy.js:665:31\n    at new Promise (<anonymous>)\n    at MCPHttpPolicyProxy.start (/Users/shingo/Develop/aegis-policy-engine/dist/src/mcp/http-proxy.js:663:15)\n    at async startMCPServer (/Users/shingo/Develop/aegis-policy-engine/dist/src/mcp-server.js:199:9)\n    at async main (/Users/shingo/Develop/aegis-policy-engine/dist/src/mcp-server.js:376:5)"}
FAIL test/integration/real-ai-api.test.ts
  ● AI判定エンジン - 実APIテスト › 実際のAPIコール確認 › シンプルなポリシー判定 - 実際にAPIを呼び出す

    expect(received).toBeGreaterThan(expected)

    Expected: > 0
    Received:   0

      76 |         // 基本的なアサーション
      77 |         expect(decision.decision).toMatch(/PERMIT|DENY|INDETERMINATE/);
    > 78 |         expect(decision.confidence).toBeGreaterThan(0);
         |                                     ^
      79 |         expect(decision.reason).toBeTruthy();
      80 |         expect(elapsed).toBeLessThan(10000); // 10秒以内
      81 |

      at Object.<anonymous> (test/integration/real-ai-api.test.ts:78:37)

  ● AI判定エンジン - 実APIテスト › 実際のAPIコール確認 › キャッシュの動作確認

    expect(received).toBeLessThan(expected)

    Expected: < 25.8
    Received:   207

      121 |
      122 |       // キャッシュからの取得は高速であるべき
    > 123 |       expect(time2).toBeLessThan(time1 * 0.1); // 10%未満の時間
          |                     ^
      124 |       expect(decision2).toEqual(decision1); // 同じ結果
      125 |
      126 |       console.log(`\n✅ キャッシュが正常に動作: ${Math.round((1 - time2/time1) * 100)}% 高速化`);

      at Object.<anonymous> (test/integration/real-ai-api.test.ts:123:21)

  ● AI判定エンジン - 実APIテスト › 実際のAPIコール確認 › 複雑なポリシーでの判定

    expect(received).toContain(expected) // indexOf

    Expected substring: "セキュリティ"
    Received string:    "AI判定エラー: Anthropic API Error: 401 {\"type\":\"error\",\"error\":{\"type\":\"authentication_error\",\"message\":\"invalid x-api-key\"},\"request_id\":\"req_011CY576QUpByUSMhvhXTGHp\"}"

      170 |       // より詳細な分析
      171 |       expect(decision.decision).toBeDefined();
    > 172 |       expect(decision.reason).toContain('セキュリティ');
          |                               ^
      173 |       
      174 |       if (decision.obligations?.length) {
      175 |         console.log('\n📌 AIが推奨する義務:', decision.obligations);

      at Object.<anonymous> (test/integration/real-ai-api.test.ts:172:31)

FAIL src/test/e2e/mcp-proxy-integration.test.ts
  ● AEGIS E2E Tests - MCP Proxy Integration › ツール実行とポリシー制御 › 許可されたファイル読み取りが成功する

    McpError: MCP error -32000: Connection closed

      at Client._onclose (node_modules/@modelcontextprotocol/sdk/src/shared/protocol.ts:312:19)
      at StdioClientTransport._transport.onclose (node_modules/@modelcontextprotocol/sdk/src/shared/protocol.ts:283:12)
      at ChildProcess.<anonymous> (node_modules/@modelcontextprotocol/sdk/src/client/stdio.ts:150:21)

  ● AEGIS E2E Tests - MCP Proxy Integration › ツール実行とポリシー制御 › 禁止されたファイル書き込みが拒否される

    McpError: MCP error -32000: Connection closed

      at Client._onclose (node_modules/@modelcontextprotocol/sdk/src/shared/protocol.ts:312:19)
      at StdioClientTransport._transport.onclose (node_modules/@modelcontextprotocol/sdk/src/shared/protocol.ts:283:12)
      at ChildProcess.<anonymous> (node_modules/@modelcontextprotocol/sdk/src/client/stdio.ts:150:21)

  ● AEGIS E2E Tests - MCP Proxy Integration › ツール実行とポリシー制御 › 制約付きアクセスで匿名化が適用される

    McpError: MCP error -32000: Connection closed

      at Client._onclose (node_modules/@modelcontextprotocol/sdk/src/shared/protocol.ts:312:19)
      at StdioClientTransport._transport.onclose (node_modules/@modelcontextprotocol/sdk/src/shared/protocol.ts:283:12)
      at ChildProcess.<anonymous> (node_modules/@modelcontextprotocol/sdk/src/client/stdio.ts:150:21)

  ● AEGIS E2E Tests - MCP Proxy Integration › リソース管理とポリシー制御 › リソース一覧取得が制御される

    McpError: MCP error -32000: Connection closed

      at Client._onclose (node_modules/@modelcontextprotocol/sdk/src/shared/protocol.ts:312:19)
      at StdioClientTransport._transport.onclose (node_modules/@modelcontextprotocol/sdk/src/shared/protocol.ts:283:12)
      at ChildProcess.<anonymous> (node_modules/@modelcontextprotocol/sdk/src/client/stdio.ts:150:21)

  ● AEGIS E2E Tests - MCP Proxy Integration › リソース管理とポリシー制御 › リソース読み取りがポリシーで制御される

    McpError: MCP error -32000: Connection closed

      at Client._onclose (node_modules/@modelcontextprotocol/sdk/src/shared/protocol.ts:312:19)
      at StdioClientTransport._transport.onclose (node_modules/@modelcontextprotocol/sdk/src/shared/protocol.ts:283:12)
      at ChildProcess.<anonymous> (node_modules/@modelcontextprotocol/sdk/src/client/stdio.ts:150:21)

  ● AEGIS E2E Tests - MCP Proxy Integration › 監査とログ記録 › すべてのアクセスがログに記録される

    McpError: MCP error -32000: Connection closed

      at Client._onclose (node_modules/@modelcontextprotocol/sdk/src/shared/protocol.ts:312:19)
      at StdioClientTransport._transport.onclose (node_modules/@modelcontextprotocol/sdk/src/shared/protocol.ts:283:12)
      at ChildProcess.<anonymous> (node_modules/@modelcontextprotocol/sdk/src/client/stdio.ts:150:21)

  ● AEGIS E2E Tests - MCP Proxy Integration › 監査とログ記録 › ポリシー違反が特別にマークされる

    McpError: MCP error -32000: Connection closed

      at Client._onclose (node_modules/@modelcontextprotocol/sdk/src/shared/protocol.ts:312:19)
      at StdioClientTransport._transport.onclose (node_modules/@modelcontextprotocol/sdk/src/shared/protocol.ts:283:12)
      at ChildProcess.<anonymous> (node_modules/@modelcontextprotocol/sdk/src/client/stdio.ts:150:21)

  ● AEGIS E2E Tests - MCP Proxy Integration › パフォーマンスとキャッシュ › 同一リクエストがキャッシュから返される

    McpError: MCP error -32000: Connection closed

      at Client._onclose (node_modules/@modelcontextprotocol/sdk/src/shared/protocol.ts:312:19)
      at StdioClientTransport._transport.onclose (node_modules/@modelcontextprotocol/sdk/src/shared/protocol.ts:283:12)
      at ChildProcess.<anonymous> (node_modules/@modelcontextprotocol/sdk/src/client/stdio.ts:150:21)

  ● AEGIS E2E Tests - MCP Proxy Integration › エラーハンドリング › 無効なツール名でエラーが返される

    McpError: MCP error -32000: Connection closed

      at Client._onclose (node_modules/@modelcontextprotocol/sdk/src/shared/protocol.ts:312:19)
      at StdioClientTransport._transport.onclose (node_modules/@modelcontextprotocol/sdk/src/shared/protocol.ts:283:12)
      at ChildProcess.<anonymous> (node_modules/@modelcontextprotocol/sdk/src/client/stdio.ts:150:21)

  ● AEGIS E2E Tests - MCP Proxy Integration › エラーハンドリング › ポリシー判定エラーが適切に処理される

    McpError: MCP error -32000: Connection closed

      at Client._onclose (node_modules/@modelcontextprotocol/sdk/src/shared/protocol.ts:312:19)
      at StdioClientTransport._transport.onclose (node_modules/@modelcontextprotocol/sdk/src/shared/protocol.ts:283:12)
      at ChildProcess.<anonymous> (node_modules/@modelcontextprotocol/sdk/src/client/stdio.ts:150:21)

FAIL src/test/mcp-http-proxy-extended.test.ts
  ● MCPHttpPolicyProxy - 拡張機能テスト › ミドルウェア設定 › セッションIDがない場合はUUIDを生成する

    expect(received).toBeDefined()

    Received: undefined

      208 |       // UUIDが生成されることを確認
      209 |       const context = proxy['requestContext'].get('test-uuid-123');
    > 210 |       expect(context).toBeDefined();
          |                       ^
      211 |     });
      212 |
      213 |     it('レスポンス送信後に古いコンテキストをクリーンアップする', () => {

      at Object.<anonymous> (src/test/mcp-http-proxy-extended.test.ts:210:23)

  ● MCPHttpPolicyProxy - 拡張機能テスト › ブリッジモード機能 › ブリッジモードでリソース読み取り結果を正しく処理する

    TypeError: this.app.put is not a function

      647 |     });
      648 |
    > 649 |     this.app.put('/policies/:id', async (req, res) => {
          |              ^
      650 |       try {
      651 |         const { policyLoader } = await import('../policies/policy-loader.js');
      652 |         await policyLoader.updatePolicy(req.params.id, req.body);

      at MCPHttpPolicyProxy.start (src/mcp/http-proxy.ts:649:14)
      at Object.<anonymous> (src/test/mcp-http-proxy-extended.test.ts:272:7)

  ● MCPHttpPolicyProxy - 拡張機能テスト › ブリッジモード機能 › ブリッジモードでツール名のプレフィックスを除去する

    TypeError: this.app.put is not a function

      647 |     });
      648 |
    > 649 |     this.app.put('/policies/:id', async (req, res) => {
          |              ^
      650 |       try {
      651 |         const { policyLoader } = await import('../policies/policy-loader.js');
      652 |         await policyLoader.updatePolicy(req.params.id, req.body);

      at MCPHttpPolicyProxy.start (src/mcp/http-proxy.ts:649:14)
      at Object.<anonymous> (src/test/mcp-http-proxy-extended.test.ts:301:7)

  ● MCPHttpPolicyProxy - 拡張機能テスト › ブリッジモード機能 › ブリッジモードでstdioサーバーを追加する

    TypeError: this.stdioRouter.addServerFromConfig is not a function

      540 |       this.enableBridgeMode();
      541 |     }
    > 542 |     this.stdioRouter!.addServerFromConfig(name, config);
          |                       ^
      543 |     this.logger.info(`Stdio upstream server configured: ${name}`);
      544 |   }
      545 |   

      at MCPHttpPolicyProxy.addStdioUpstreamServer (src/mcp/http-proxy.ts:542:23)
      at Object.<anonymous> (src/test/mcp-http-proxy-extended.test.ts:327:13)

  ● MCPHttpPolicyProxy - 拡張機能テスト › コンテキストエンリッチャー › HTTPリクエストヘッダーからエージェント情報を抽出する

    TypeError: this.app.put is not a function

      647 |     });
      648 |
    > 649 |     this.app.put('/policies/:id', async (req, res) => {
          |              ^
      650 |       try {
      651 |         const { policyLoader } = await import('../policies/policy-loader.js');
      652 |         await policyLoader.updatePolicy(req.params.id, req.body);

      at MCPHttpPolicyProxy.start (src/mcp/http-proxy.ts:649:14)
      at Object.<anonymous> (src/test/mcp-http-proxy-extended.test.ts:350:7)

  ● MCPHttpPolicyProxy - 拡張機能テスト › コンテキストエンリッチャー › ヘッダーが大文字の場合も処理する

    expect(jest.fn()).toHaveBeenCalledWith(...expected)

    Expected: Any<String>, ObjectContaining {"agent": "TEST-AGENT"}, Any<Object>

    Number of calls: 0

      402 |       await enforcePolicy('read', 'test://resource', context);
      403 |
    > 404 |       expect(mockJudgmentEngine.makeDecision).toHaveBeenCalledWith(
          |                                               ^
      405 |         expect.any(String),
      406 |         expect.objectContaining({
      407 |           agent: 'TEST-AGENT'

      at Object.<anonymous> (src/test/mcp-http-proxy-extended.test.ts:404:47)

  ● MCPHttpPolicyProxy - 拡張機能テスト › ヘルスチェックエンドポイント › 包括的なヘルス情報を返す

    TypeError: this.app.put is not a function

      647 |     });
      648 |
    > 649 |     this.app.put('/policies/:id', async (req, res) => {
          |              ^
      650 |       try {
      651 |         const { policyLoader } = await import('../policies/policy-loader.js');
      652 |         await policyLoader.updatePolicy(req.params.id, req.body);

      at MCPHttpPolicyProxy.start (src/mcp/http-proxy.ts:649:14)
      at Object.<anonymous> (src/test/mcp-http-proxy-extended.test.ts:416:7)

  ● MCPHttpPolicyProxy - 拡張機能テスト › エラーハンドリング › 上流サーバーのタイムアウトを処理する

    expect(jest.fn()).toHaveBeenCalledWith(...expected)

    Expected: StringContaining "Upstream request failed", Any<Error>

    Number of calls: 0

      467 |       ).rejects.toThrow();
      468 |
    > 469 |       expect(mockLogger.error).toHaveBeenCalledWith(
          |                                ^
      470 |         expect.stringContaining('Upstream request failed'),
      471 |         expect.any(Error)
      472 |       );

      at Object.<anonymous> (src/test/mcp-http-proxy-extended.test.ts:469:32)

  ● MCPHttpPolicyProxy - 拡張機能テスト › エラーハンドリング › JSON-RPCエラーレスポンスを処理する

    expect(received).rejects.toThrow(expected)

    Expected substring: "Internal error"
    Received message:   "No upstream servers available"

          398 |     
          399 |     if (!upstreamServer) {
        > 400 |       throw new Error('No upstream servers available');
              |             ^
          401 |     }
          402 |     
          403 |     try {

      at MCPHttpPolicyProxy.forwardToUpstream (src/mcp/http-proxy.ts:400:13)
      at Object.<anonymous> (src/test/mcp-http-proxy-extended.test.ts:491:9)
      at Object.toThrow (node_modules/expect/build/index.js:218:22)
      at Object.<anonymous> (src/test/mcp-http-proxy-extended.test.ts:492:17)

  ● MCPHttpPolicyProxy - 拡張機能テスト › エラーハンドリング › 不正なレスポンス形式を処理する

    expect(received).rejects.toThrow(expected)

    Expected substring: "Request failed with status 500"
    Received message:   "No upstream servers available"

          398 |     
          399 |     if (!upstreamServer) {
        > 400 |       throw new Error('No upstream servers available');
              |             ^
          401 |     }
          402 |     
          403 |     try {

      at MCPHttpPolicyProxy.forwardToUpstream (src/mcp/http-proxy.ts:400:13)
      at Object.<anonymous> (src/test/mcp-http-proxy-extended.test.ts:505:9)
      at Object.toThrow (node_modules/expect/build/index.js:218:22)
      at Object.<anonymous> (src/test/mcp-http-proxy-extended.test.ts:506:17)

  ● MCPHttpPolicyProxy - 拡張機能テスト › API管理エンドポイント › ポリシー管理エンドポイントを設定する

    TypeError: this.app.put is not a function

      647 |     });
      648 |
    > 649 |     this.app.put('/policies/:id', async (req, res) => {
          |              ^
      650 |       try {
      651 |         const { policyLoader } = await import('../policies/policy-loader.js');
      652 |         await policyLoader.updatePolicy(req.params.id, req.body);

      at MCPHttpPolicyProxy.start (src/mcp/http-proxy.ts:649:14)
      at Object.<anonymous> (src/test/mcp-http-proxy-extended.test.ts:512:7)

  ● MCPHttpPolicyProxy - 拡張機能テスト › API管理エンドポイント › ポリシー作成エンドポイントを処理する

    TypeError: this.app.put is not a function

      647 |     });
      648 |
    > 649 |     this.app.put('/policies/:id', async (req, res) => {
          |              ^
      650 |       try {
      651 |         const { policyLoader } = await import('../policies/policy-loader.js');
      652 |         await policyLoader.updatePolicy(req.params.id, req.body);

      at MCPHttpPolicyProxy.start (src/mcp/http-proxy.ts:649:14)
      at Object.<anonymous> (src/test/mcp-http-proxy-extended.test.ts:539:7)

  ● MCPHttpPolicyProxy - 拡張機能テスト › API管理エンドポイント › 無効なポリシー作成リクエストを処理する

    TypeError: this.app.put is not a function

      647 |     });
      648 |
    > 649 |     this.app.put('/policies/:id', async (req, res) => {
          |              ^
      650 |       try {
      651 |         const { policyLoader } = await import('../policies/policy-loader.js');
      652 |         await policyLoader.updatePolicy(req.params.id, req.body);

      at MCPHttpPolicyProxy.start (src/mcp/http-proxy.ts:649:14)
      at Object.<anonymous> (src/test/mcp-http-proxy-extended.test.ts:567:7)

  ● MCPHttpPolicyProxy - 拡張機能テスト › MCP管理エンドポイント › MCPメッセージを処理する

    TypeError: this.app.put is not a function

      647 |     });
      648 |
    > 649 |     this.app.put('/policies/:id', async (req, res) => {
          |              ^
      650 |       try {
      651 |         const { policyLoader } = await import('../policies/policy-loader.js');
      652 |         await policyLoader.updatePolicy(req.params.id, req.body);

      at MCPHttpPolicyProxy.start (src/mcp/http-proxy.ts:649:14)
      at Object.<anonymous> (src/test/mcp-http-proxy-extended.test.ts:594:7)

  ● MCPHttpPolicyProxy - 拡張機能テスト › MCP管理エンドポイント › MCP処理エラーを処理する

    TypeError: this.app.put is not a function

      647 |     });
      648 |
    > 649 |     this.app.put('/policies/:id', async (req, res) => {
          |              ^
      650 |       try {
      651 |         const { policyLoader } = await import('../policies/policy-loader.js');
      652 |         await policyLoader.updatePolicy(req.params.id, req.body);

      at MCPHttpPolicyProxy.start (src/mcp/http-proxy.ts:649:14)
      at Object.<anonymous> (src/test/mcp-http-proxy-extended.test.ts:633:7)

  ● MCPHttpPolicyProxy - 拡張機能テスト › 停止処理 › HTTPサーバーを適切に停止する

    TypeError: this.app.put is not a function

      647 |     });
      648 |
    > 649 |     this.app.put('/policies/:id', async (req, res) => {
          |              ^
      650 |       try {
      651 |         const { policyLoader } = await import('../policies/policy-loader.js');
      652 |         await policyLoader.updatePolicy(req.params.id, req.body);

      at MCPHttpPolicyProxy.start (src/mcp/http-proxy.ts:649:14)
      at Object.<anonymous> (src/test/mcp-http-proxy-extended.test.ts:669:7)

  ● MCPHttpPolicyProxy - 拡張機能テスト › 停止処理 › ブリッジモードで上流サーバーも停止する

    TypeError: this.app.put is not a function

      647 |     });
      648 |
    > 649 |     this.app.put('/policies/:id', async (req, res) => {
          |              ^
      650 |       try {
      651 |         const { policyLoader } = await import('../policies/policy-loader.js');
      652 |         await policyLoader.updatePolicy(req.params.id, req.body);

      at MCPHttpPolicyProxy.start (src/mcp/http-proxy.ts:649:14)
      at Object.<anonymous> (src/test/mcp-http-proxy-extended.test.ts:681:7)

  ● MCPHttpPolicyProxy - 拡張機能テスト › 停止処理 › 停止時のエラーを処理する

    TypeError: this.app.put is not a function

      647 |     });
      648 |
    > 649 |     this.app.put('/policies/:id', async (req, res) => {
          |              ^
      650 |       try {
      651 |         const { policyLoader } = await import('../policies/policy-loader.js');
      652 |         await policyLoader.updatePolicy(req.params.id, req.body);

      at MCPHttpPolicyProxy.start (src/mcp/http-proxy.ts:649:14)
      at Object.<anonymous> (src/test/mcp-http-proxy-extended.test.ts:688:7)

  ● MCPHttpPolicyProxy - 拡張機能テスト › ポリシー管理 › デフォルトポリシーを適用する

    TypeError: Cannot read properties of undefined (reading 'bind')

      704 |       proxy.addPolicy('default-policy', 'Default policy content');
      705 |       
    > 706 |       const selectPolicy = proxy['selectPolicy'].bind(proxy);
          |                                                  ^
      707 |       const policy = selectPolicy('unknown-action', 'unknown-resource');
      708 |       
      709 |       expect(policy).toBe('Default policy content');

      at Object.<anonymous> (src/test/mcp-http-proxy-extended.test.ts:706:50)

  ● MCPHttpPolicyProxy - 拡張機能テスト › ポリシー管理 › リソースタイプに基づいてポリシーを選択する

    TypeError: Cannot read properties of undefined (reading 'bind')

      715 |       proxy.addPolicy('file-system-policy', 'File system policy');
      716 |       
    > 717 |       const selectPolicy = proxy['selectPolicy'].bind(proxy);
          |                                                  ^
      718 |       
      719 |       expect(selectPolicy('read', 'customer://data')).toBe('Customer data policy');
      720 |       expect(selectPolicy('read', 'email://inbox')).toBe('Email access policy');

      at Object.<anonymous> (src/test/mcp-http-proxy-extended.test.ts:717:50)

  ● MCPHttpPolicyProxy - 拡張機能テスト › ポリシー管理 › エージェントベースのポリシー選択を行う

    TypeError: Cannot read properties of undefined (reading 'bind')

      725 |       proxy.addPolicy('claude-desktop-policy', 'Claude Desktop policy');
      726 |       
    > 727 |       const selectPolicy = proxy['selectPolicy'].bind(proxy);
          |                                                  ^
      728 |       const policy = selectPolicy('read', 'test://resource', 'claude-desktop');
      729 |       
      730 |       expect(policy).toBe('Claude Desktop policy');

      at Object.<anonymous> (src/test/mcp-http-proxy-extended.test.ts:727:50)

FAIL src/test/mcp-stdio-proxy.test.ts
  ● MCPStdioPolicyProxy - 機能テスト › 初期化とセットアップ › MCPサーバーとハンドラーが正しく設定される

    expect(jest.fn()).toHaveBeenCalledWith(...expected)

    - Expected
    + Received

      Object {
    -   "name": "aegis-policy-proxy",
    +   "name": "aegis-proxy",
        "version": "1.0.0",
      },
      Object {
        "capabilities": Object {
    -     "resources": Object {},
    +     "prompts": Object {},
    +     "resources": Object {
    +       "listChanged": true,
    +     },
          "tools": Object {},
        },
      },

    Number of calls: 1

      148 |   describe('初期化とセットアップ', () => {
      149 |     it('MCPサーバーとハンドラーが正しく設定される', () => {
    > 150 |       expect(Server).toHaveBeenCalledWith(
          |                      ^
      151 |         {
      152 |           name: 'aegis-policy-proxy',
      153 |           version: '1.0.0'

      at Object.<anonymous> (src/test/mcp-stdio-proxy.test.ts:150:22)

  ● MCPStdioPolicyProxy - 機能テスト › リソースアクセス制御 › resources/read リクエストでポリシー判定を実行する

    TypeError: this.stdioRouter.startServers is not a function

      1503 |     } else {
      1504 |       // まだ起動していない場合は起動
    > 1505 |       await this.stdioRouter.startServers();
           |                              ^
      1506 |     }
      1507 |     
      1508 |     // 起動後の状態を確認

      at MCPStdioPolicyProxy.start (src/mcp/stdio-proxy.ts:1505:30)
      at Object.<anonymous> (src/test/mcp-stdio-proxy.test.ts:198:7)

  ● MCPStdioPolicyProxy - 機能テスト › リソースアクセス制御 › resources/read リクエストでポリシー判定を実行する

    listen EADDRINUSE: address already in use :::3000

      1480 |     // APIサーバー起動
      1481 |     const apiPort = parseInt(process.env.MCP_PROXY_PORT || '3000');
    > 1482 |     this.apiServer = this.apiApp.listen(apiPort, () => {
           |                                  ^
      1483 |       // In stdio mode, don't log anything to avoid corrupting JSON-RPC output
      1484 |       if (process.env.MCP_TRANSPORT !== 'stdio' && process.env.LOG_SILENT !== 'true') {
      1485 |         this.logger.info(`🚀 AEGIS API Server running at http://localhost:${apiPort}`);

      at Function.listen (node_modules/express/lib/application.js:635:24)
      at MCPStdioPolicyProxy.start (src/mcp/stdio-proxy.ts:1482:34)
      at Object.<anonymous> (src/test/mcp-stdio-proxy.test.ts:198:7)

  ● MCPStdioPolicyProxy - 機能テスト › リソースアクセス制御 › DENYの判定時にエラーを返す

    TypeError: this.stdioRouter.startServers is not a function

      1503 |     } else {
      1504 |       // まだ起動していない場合は起動
    > 1505 |       await this.stdioRouter.startServers();
           |                              ^
      1506 |     }
      1507 |     
      1508 |     // 起動後の状態を確認

      at MCPStdioPolicyProxy.start (src/mcp/stdio-proxy.ts:1505:30)
      at Object.<anonymous> (src/test/mcp-stdio-proxy.test.ts:228:7)

  ● MCPStdioPolicyProxy - 機能テスト › リソースアクセス制御 › DENYの判定時にエラーを返す

    listen EADDRINUSE: address already in use :::3000

      1480 |     // APIサーバー起動
      1481 |     const apiPort = parseInt(process.env.MCP_PROXY_PORT || '3000');
    > 1482 |     this.apiServer = this.apiApp.listen(apiPort, () => {
           |                                  ^
      1483 |       // In stdio mode, don't log anything to avoid corrupting JSON-RPC output
      1484 |       if (process.env.MCP_TRANSPORT !== 'stdio' && process.env.LOG_SILENT !== 'true') {
      1485 |         this.logger.info(`🚀 AEGIS API Server running at http://localhost:${apiPort}`);

      at Function.listen (node_modules/express/lib/application.js:635:24)
      at MCPStdioPolicyProxy.start (src/mcp/stdio-proxy.ts:1482:34)
      at Object.<anonymous> (src/test/mcp-stdio-proxy.test.ts:228:7)

  ● MCPStdioPolicyProxy - 機能テスト › ツール実行制御 › tools/call リクエストでポリシー判定を実行する

    TypeError: this.stdioRouter.startServers is not a function

      1503 |     } else {
      1504 |       // まだ起動していない場合は起動
    > 1505 |       await this.stdioRouter.startServers();
           |                              ^
      1506 |     }
      1507 |     
      1508 |     // 起動後の状態を確認

      at MCPStdioPolicyProxy.start (src/mcp/stdio-proxy.ts:1505:30)
      at Object.<anonymous> (src/test/mcp-stdio-proxy.test.ts:255:7)

  ● MCPStdioPolicyProxy - 機能テスト › ツール実行制御 › tools/call リクエストでポリシー判定を実行する

    listen EADDRINUSE: address already in use :::3000

      1480 |     // APIサーバー起動
      1481 |     const apiPort = parseInt(process.env.MCP_PROXY_PORT || '3000');
    > 1482 |     this.apiServer = this.apiApp.listen(apiPort, () => {
           |                                  ^
      1483 |       // In stdio mode, don't log anything to avoid corrupting JSON-RPC output
      1484 |       if (process.env.MCP_TRANSPORT !== 'stdio' && process.env.LOG_SILENT !== 'true') {
      1485 |         this.logger.info(`🚀 AEGIS API Server running at http://localhost:${apiPort}`);

      at Function.listen (node_modules/express/lib/application.js:635:24)
      at MCPStdioPolicyProxy.start (src/mcp/stdio-proxy.ts:1482:34)
      at Object.<anonymous> (src/test/mcp-stdio-proxy.test.ts:255:7)

  ● MCPStdioPolicyProxy - 機能テスト › ツール実行制御 › 制約を適用してレスポンスを加工する

    TypeError: this.stdioRouter.startServers is not a function

      1503 |     } else {
      1504 |       // まだ起動していない場合は起動
    > 1505 |       await this.stdioRouter.startServers();
           |                              ^
      1506 |     }
      1507 |     
      1508 |     // 起動後の状態を確認

      at MCPStdioPolicyProxy.start (src/mcp/stdio-proxy.ts:1505:30)
      at Object.<anonymous> (src/test/mcp-stdio-proxy.test.ts:307:7)

  ● MCPStdioPolicyProxy - 機能テスト › ツール実行制御 › 制約を適用してレスポンスを加工する

    listen EADDRINUSE: address already in use :::3000

      1480 |     // APIサーバー起動
      1481 |     const apiPort = parseInt(process.env.MCP_PROXY_PORT || '3000');
    > 1482 |     this.apiServer = this.apiApp.listen(apiPort, () => {
           |                                  ^
      1483 |       // In stdio mode, don't log anything to avoid corrupting JSON-RPC output
      1484 |       if (process.env.MCP_TRANSPORT !== 'stdio' && process.env.LOG_SILENT !== 'true') {
      1485 |         this.logger.info(`🚀 AEGIS API Server running at http://localhost:${apiPort}`);

      at Function.listen (node_modules/express/lib/application.js:635:24)
      at MCPStdioPolicyProxy.start (src/mcp/stdio-proxy.ts:1482:34)
      at Object.<anonymous> (src/test/mcp-stdio-proxy.test.ts:307:7)

  ● MCPStdioPolicyProxy - 機能テスト › リスト操作 › tools/list で利用可能なツールを返す

    TypeError: this.stdioRouter.startServers is not a function

      1503 |     } else {
      1504 |       // まだ起動していない場合は起動
    > 1505 |       await this.stdioRouter.startServers();
           |                              ^
      1506 |     }
      1507 |     
      1508 |     // 起動後の状態を確認

      at MCPStdioPolicyProxy.start (src/mcp/stdio-proxy.ts:1505:30)
      at Object.<anonymous> (src/test/mcp-stdio-proxy.test.ts:343:7)

  ● MCPStdioPolicyProxy - 機能テスト › リスト操作 › tools/list で利用可能なツールを返す

    listen EADDRINUSE: address already in use :::3000

      1480 |     // APIサーバー起動
      1481 |     const apiPort = parseInt(process.env.MCP_PROXY_PORT || '3000');
    > 1482 |     this.apiServer = this.apiApp.listen(apiPort, () => {
           |                                  ^
      1483 |       // In stdio mode, don't log anything to avoid corrupting JSON-RPC output
      1484 |       if (process.env.MCP_TRANSPORT !== 'stdio' && process.env.LOG_SILENT !== 'true') {
      1485 |         this.logger.info(`🚀 AEGIS API Server running at http://localhost:${apiPort}`);

      at Function.listen (node_modules/express/lib/application.js:635:24)
      at MCPStdioPolicyProxy.start (src/mcp/stdio-proxy.ts:1482:34)
      at Object.<anonymous> (src/test/mcp-stdio-proxy.test.ts:343:7)

  ● MCPStdioPolicyProxy - 機能テスト › リスト操作 › resources/list で利用可能なリソースを返す

    TypeError: this.stdioRouter.startServers is not a function

      1503 |     } else {
      1504 |       // まだ起動していない場合は起動
    > 1505 |       await this.stdioRouter.startServers();
           |                              ^
      1506 |     }
      1507 |     
      1508 |     // 起動後の状態を確認

      at MCPStdioPolicyProxy.start (src/mcp/stdio-proxy.ts:1505:30)
      at Object.<anonymous> (src/test/mcp-stdio-proxy.test.ts:370:7)

  ● MCPStdioPolicyProxy - 機能テスト › リスト操作 › resources/list で利用可能なリソースを返す

    listen EADDRINUSE: address already in use :::3000

      1480 |     // APIサーバー起動
      1481 |     const apiPort = parseInt(process.env.MCP_PROXY_PORT || '3000');
    > 1482 |     this.apiServer = this.apiApp.listen(apiPort, () => {
           |                                  ^
      1483 |       // In stdio mode, don't log anything to avoid corrupting JSON-RPC output
      1484 |       if (process.env.MCP_TRANSPORT !== 'stdio' && process.env.LOG_SILENT !== 'true') {
      1485 |         this.logger.info(`🚀 AEGIS API Server running at http://localhost:${apiPort}`);

      at Function.listen (node_modules/express/lib/application.js:635:24)
      at MCPStdioPolicyProxy.start (src/mcp/stdio-proxy.ts:1482:34)
      at Object.<anonymous> (src/test/mcp-stdio-proxy.test.ts:370:7)

  ● MCPStdioPolicyProxy - 機能テスト › 上流サーバー管理 › 設定された上流サーバーを登録する

    TypeError: this.stdioRouter.startServers is not a function

      1503 |     } else {
      1504 |       // まだ起動していない場合は起動
    > 1505 |       await this.stdioRouter.startServers();
           |                              ^
      1506 |     }
      1507 |     
      1508 |     // 起動後の状態を確認

      at MCPStdioPolicyProxy.start (src/mcp/stdio-proxy.ts:1505:30)
      at Object.<anonymous> (src/test/mcp-stdio-proxy.test.ts:382:7)

  ● MCPStdioPolicyProxy - 機能テスト › 上流サーバー管理 › 設定された上流サーバーを登録する

    listen EADDRINUSE: address already in use :::3000

      1480 |     // APIサーバー起動
      1481 |     const apiPort = parseInt(process.env.MCP_PROXY_PORT || '3000');
    > 1482 |     this.apiServer = this.apiApp.listen(apiPort, () => {
           |                                  ^
      1483 |       // In stdio mode, don't log anything to avoid corrupting JSON-RPC output
      1484 |       if (process.env.MCP_TRANSPORT !== 'stdio' && process.env.LOG_SILENT !== 'true') {
      1485 |         this.logger.info(`🚀 AEGIS API Server running at http://localhost:${apiPort}`);

      at Function.listen (node_modules/express/lib/application.js:635:24)
      at MCPStdioPolicyProxy.start (src/mcp/stdio-proxy.ts:1482:34)
      at Object.<anonymous> (src/test/mcp-stdio-proxy.test.ts:382:7)

  ● MCPStdioPolicyProxy - 機能テスト › 上流サーバー管理 › 全ての上流サーバーを起動する

    TypeError: this.stdioRouter.startServers is not a function

      1503 |     } else {
      1504 |       // まだ起動していない場合は起動
    > 1505 |       await this.stdioRouter.startServers();
           |                              ^
      1506 |     }
      1507 |     
      1508 |     // 起動後の状態を確認

      at MCPStdioPolicyProxy.start (src/mcp/stdio-proxy.ts:1505:30)
      at Object.<anonymous> (src/test/mcp-stdio-proxy.test.ts:394:7)

  ● MCPStdioPolicyProxy - 機能テスト › 上流サーバー管理 › 全ての上流サーバーを起動する

    listen EADDRINUSE: address already in use :::3000

      1480 |     // APIサーバー起動
      1481 |     const apiPort = parseInt(process.env.MCP_PROXY_PORT || '3000');
    > 1482 |     this.apiServer = this.apiApp.listen(apiPort, () => {
           |                                  ^
      1483 |       // In stdio mode, don't log anything to avoid corrupting JSON-RPC output
      1484 |       if (process.env.MCP_TRANSPORT !== 'stdio' && process.env.LOG_SILENT !== 'true') {
      1485 |         this.logger.info(`🚀 AEGIS API Server running at http://localhost:${apiPort}`);

      at Function.listen (node_modules/express/lib/application.js:635:24)
      at MCPStdioPolicyProxy.start (src/mcp/stdio-proxy.ts:1482:34)
      at Object.<anonymous> (src/test/mcp-stdio-proxy.test.ts:394:7)

  ● MCPStdioPolicyProxy - 機能テスト › 上流サーバー管理 › 停止時に上流サーバーを停止する

    TypeError: this.stdioRouter.startServers is not a function

      1503 |     } else {
      1504 |       // まだ起動していない場合は起動
    > 1505 |       await this.stdioRouter.startServers();
           |                              ^
      1506 |     }
      1507 |     
      1508 |     // 起動後の状態を確認

      at MCPStdioPolicyProxy.start (src/mcp/stdio-proxy.ts:1505:30)
      at Object.<anonymous> (src/test/mcp-stdio-proxy.test.ts:403:7)

  ● MCPStdioPolicyProxy - 機能テスト › 上流サーバー管理 › 停止時に上流サーバーを停止する

    listen EADDRINUSE: address already in use :::3000

      1480 |     // APIサーバー起動
      1481 |     const apiPort = parseInt(process.env.MCP_PROXY_PORT || '3000');
    > 1482 |     this.apiServer = this.apiApp.listen(apiPort, () => {
           |                                  ^
      1483 |       // In stdio mode, don't log anything to avoid corrupting JSON-RPC output
      1484 |       if (process.env.MCP_TRANSPORT !== 'stdio' && process.env.LOG_SILENT !== 'true') {
      1485 |         this.logger.info(`🚀 AEGIS API Server running at http://localhost:${apiPort}`);

      at Function.listen (node_modules/express/lib/application.js:635:24)
      at MCPStdioPolicyProxy.start (src/mcp/stdio-proxy.ts:1482:34)
      at Object.<anonymous> (src/test/mcp-stdio-proxy.test.ts:403:7)

  ● MCPStdioPolicyProxy - 機能テスト › エラーハンドリング › ポリシー判定エラー時にINDETERMINATEとして処理

    TypeError: this.stdioRouter.startServers is not a function

      1503 |     } else {
      1504 |       // まだ起動していない場合は起動
    > 1505 |       await this.stdioRouter.startServers();
           |                              ^
      1506 |     }
      1507 |     
      1508 |     // 起動後の状態を確認

      at MCPStdioPolicyProxy.start (src/mcp/stdio-proxy.ts:1505:30)
      at Object.<anonymous> (src/test/mcp-stdio-proxy.test.ts:419:7)

  ● MCPStdioPolicyProxy - 機能テスト › エラーハンドリング › ポリシー判定エラー時にINDETERMINATEとして処理

    listen EADDRINUSE: address already in use :::3000

      1480 |     // APIサーバー起動
      1481 |     const apiPort = parseInt(process.env.MCP_PROXY_PORT || '3000');
    > 1482 |     this.apiServer = this.apiApp.listen(apiPort, () => {
           |                                  ^
      1483 |       // In stdio mode, don't log anything to avoid corrupting JSON-RPC output
      1484 |       if (process.env.MCP_TRANSPORT !== 'stdio' && process.env.LOG_SILENT !== 'true') {
      1485 |         this.logger.info(`🚀 AEGIS API Server running at http://localhost:${apiPort}`);

      at Function.listen (node_modules/express/lib/application.js:635:24)
      at MCPStdioPolicyProxy.start (src/mcp/stdio-proxy.ts:1482:34)
      at Object.<anonymous> (src/test/mcp-stdio-proxy.test.ts:419:7)

  ● MCPStdioPolicyProxy - 機能テスト › エラーハンドリング › 上流サーバーエラーを適切に処理する

    TypeError: this.stdioRouter.startServers is not a function

      1503 |     } else {
      1504 |       // まだ起動していない場合は起動
    > 1505 |       await this.stdioRouter.startServers();
           |                              ^
      1506 |     }
      1507 |     
      1508 |     // 起動後の状態を確認

      at MCPStdioPolicyProxy.start (src/mcp/stdio-proxy.ts:1505:30)
      at Object.<anonymous> (src/test/mcp-stdio-proxy.test.ts:448:7)

  ● MCPStdioPolicyProxy - 機能テスト › エラーハンドリング › 上流サーバーエラーを適切に処理する

    listen EADDRINUSE: address already in use :::3000

      1480 |     // APIサーバー起動
      1481 |     const apiPort = parseInt(process.env.MCP_PROXY_PORT || '3000');
    > 1482 |     this.apiServer = this.apiApp.listen(apiPort, () => {
           |                                  ^
      1483 |       // In stdio mode, don't log anything to avoid corrupting JSON-RPC output
      1484 |       if (process.env.MCP_TRANSPORT !== 'stdio' && process.env.LOG_SILENT !== 'true') {
      1485 |         this.logger.info(`🚀 AEGIS API Server running at http://localhost:${apiPort}`);

      at Function.listen (node_modules/express/lib/application.js:635:24)
      at MCPStdioPolicyProxy.start (src/mcp/stdio-proxy.ts:1482:34)
      at Object.<anonymous> (src/test/mcp-stdio-proxy.test.ts:448:7)

  ● MCPStdioPolicyProxy - 機能テスト › ポリシー管理 › ポリシーを追加・更新できる

    TypeError: proxy.updatePolicy is not a function

      469 |       expect(proxy['policies'].get('test-policy')).toBe('テストポリシー内容');
      470 |
    > 471 |       proxy.updatePolicy('test-policy', '更新されたポリシー内容');
          |             ^
      472 |       expect(proxy['policies'].get('test-policy')).toBe('更新されたポリシー内容');
      473 |     });
      474 |

      at Object.<anonymous> (src/test/mcp-stdio-proxy.test.ts:471:13)

  ● MCPStdioPolicyProxy - 機能テスト › パフォーマンスとスケーラビリティ › 複数の同時リクエストを処理できる

    TypeError: this.stdioRouter.startServers is not a function

      1503 |     } else {
      1504 |       // まだ起動していない場合は起動
    > 1505 |       await this.stdioRouter.startServers();
           |                              ^
      1506 |     }
      1507 |     
      1508 |     // 起動後の状態を確認

      at MCPStdioPolicyProxy.start (src/mcp/stdio-proxy.ts:1505:30)
      at Object.<anonymous> (src/test/mcp-stdio-proxy.test.ts:502:7)

  ● MCPStdioPolicyProxy - 機能テスト › パフォーマンスとスケーラビリティ › 複数の同時リクエストを処理できる

    listen EADDRINUSE: address already in use :::3000

      1480 |     // APIサーバー起動
      1481 |     const apiPort = parseInt(process.env.MCP_PROXY_PORT || '3000');
    > 1482 |     this.apiServer = this.apiApp.listen(apiPort, () => {
           |                                  ^
      1483 |       // In stdio mode, don't log anything to avoid corrupting JSON-RPC output
      1484 |       if (process.env.MCP_TRANSPORT !== 'stdio' && process.env.LOG_SILENT !== 'true') {
      1485 |         this.logger.info(`🚀 AEGIS API Server running at http://localhost:${apiPort}`);

      at Function.listen (node_modules/express/lib/application.js:635:24)
      at MCPStdioPolicyProxy.start (src/mcp/stdio-proxy.ts:1482:34)
      at Object.<anonymous> (src/test/mcp-stdio-proxy.test.ts:502:7)

FAIL src/test/integration/mcp-enforcement.test.ts
  ● MCP + EnforcementSystem Integration › Stdio Proxy Integration › should use EnforcementSystem for constraints

    TypeError: Cannot read properties of undefined (reading 'contents')

      78 |
      79 |       // 匿名化が適用されていることを確認
    > 80 |       const parsedContent = JSON.parse(result.contents[0].text);
         |                                               ^
      81 |       expect(parsedContent.name).toBe('[REDACTED]');
      82 |       expect(parsedContent.email).toMatch(/\*\*\*\*@example\.com/);
      83 |       expect(parsedContent.phone).toBe('[REDACTED]');

      at Object.<anonymous> (src/test/integration/mcp-enforcement.test.ts:80:47)

  ● MCP + EnforcementSystem Integration › Stdio Proxy Integration › should use EnforcementSystem for obligations

    expect(received).toContain(expected) // indexOf

    Expected value: "アクセスログ記録"
    Received array: []

      101 |
      102 |       // 義務が実行されたことを確認
    > 103 |       expect(executedObligations).toContain('アクセスログ記録');
          |                                   ^
      104 |       expect(executedObligations).toContain('30日後削除スケジュール設定');
      105 |     });
      106 |

      at Object.<anonymous> (src/test/integration/mcp-enforcement.test.ts:103:35)

  ● MCP + EnforcementSystem Integration › Stdio Proxy Integration › should handle constraint errors gracefully

    expect(received).toEqual(expected) // deep equality

    Expected: {"test": "data"}
    Received: undefined

      118 |       );
      119 |
    > 120 |       expect(result).toEqual(testData);
          |                      ^
      121 |     });
      122 |   });
      123 |

      at Object.<anonymous> (src/test/integration/mcp-enforcement.test.ts:120:22)

  ● MCP + EnforcementSystem Integration › HTTP Proxy Integration › should use EnforcementSystem for constraints

    TypeError: Cannot read properties of undefined (reading 'contents')

      150 |
      151 |       // 匿名化が適用されていることを確認
    > 152 |       const parsedContent = JSON.parse(result.contents[0].text);
          |                                               ^
      153 |       expect(parsedContent.name).toBe('[REDACTED]');
      154 |       expect(parsedContent.email).toMatch(/\*\*\*\*@example\.com/);
      155 |       expect(parsedContent.ssn).toBe('[REDACTED]');

      at Object.<anonymous> (src/test/integration/mcp-enforcement.test.ts:152:47)

  ● MCP + EnforcementSystem Integration › HTTP Proxy Integration › should use EnforcementSystem for obligations

    expect(received).toContain(expected) // indexOf

    Expected value: "監査ログ記録"
    Received array: []

      172 |
      173 |       // 義務が実行されたことを確認
    > 174 |       expect(executedObligations).toContain('監査ログ記録');
          |                                   ^
      175 |       expect(executedObligations).toContain('アクセス通知送信');
      176 |     });
      177 |

      at Object.<anonymous> (src/test/integration/mcp-enforcement.test.ts:174:35)

  ● MCP + EnforcementSystem Integration › Legacy to New System Migration › should not have any legacy anonymization code in stdio proxy

    expect(received).toBeUndefined()

    Received: [Function sendNotification]

      203 |       // レガシーメソッドが存在しないことを確認
      204 |       expect((stdioProxy as any).anonymizeData).toBeUndefined();
    > 205 |       expect((stdioProxy as any).sendNotification).toBeUndefined();
          |                                                    ^
      206 |       expect((stdioProxy as any).scheduleDataDeletion).toBeUndefined();
      207 |       expect((stdioProxy as any).generateAccessReport).toBeUndefined();
      208 |     });

      at Object.<anonymous> (src/test/integration/mcp-enforcement.test.ts:205:52)

FAIL src/test/integration/config-integration.test.ts
  ● Configuration Integration Tests › Component Configuration Integration › should handle missing API keys gracefully in components

    expect(jest.fn()).toHaveBeenCalledWith(...expected)

    Expected: StringContaining "OpenAI API key not set"

    Number of calls: 0

      70 |       (config as any).validateConfig();
      71 |
    > 72 |       expect(consoleSpy).toHaveBeenCalledWith(
         |                          ^
      73 |         expect.stringContaining('OpenAI API key not set')
      74 |       );
      75 |

      at Object.<anonymous> (src/test/integration/config-integration.test.ts:72:26)

  ● Configuration Integration Tests › Security Integration Tests › should prevent system startup with default secret in production

    [Config] Secret key must be changed in production environment

      175 |     // セキュリティ設定検証
      176 |     if (this.config.nodeEnv === 'production' && this.config.secretKey === DEFAULT_SECRET_KEY) {
    > 177 |       throw new Error('[Config] Secret key must be changed in production environment');
          |             ^
      178 |     }
      179 |
      180 |     if (this.config.nodeEnv === 'production' && (!this.config.secretKey || this.config.secretKey.length < MIN_SECRET_KEY_LENGTH)) {

      at Config.validateConfig (src/utils/config.ts:177:13)
      at new Config (src/utils/config.ts:87:10)
      at Object.<anonymous> (src/test/integration/config-integration.test.ts:86:22)

  ● Configuration Integration Tests › Configuration Update and Reload › should handle configuration updates correctly

    ReferenceError: Configuration is not defined

      196 |       
      197 |       // Reset singleton to reload
    > 198 |       (Configuration as any).instance = null;
          |        ^
      199 |       config = new Config();
      200 |       
      201 |       expect(config.getConfig().logLevel).toBe('debug');

      at Object.<anonymous> (src/test/integration/config-integration.test.ts:198:8)

  ● Configuration Integration Tests › Error Scenarios › should handle invalid port numbers gracefully

    expect(received).toBeTruthy()

    Received: false

      224 |       const port = config.getConfig().port;
      225 |       
    > 226 |       expect(isNaN(port)).toBeTruthy();
          |                           ^
      227 |     });
      228 |
      229 |     it('should handle malformed JSON in upstream servers', () => {

      at Object.<anonymous> (src/test/integration/config-integration.test.ts:226:27)

  ● Configuration Integration Tests › Error Scenarios › should handle malformed JSON in upstream servers

    expect(received).toEqual(expected) // deep equality

    - Expected  - 1
    + Received  + 3

    - Object {}
    + Object {
    +   "{\"invalid\"": " json}",
    + }

      232 |       const config = new Config();
      233 |       // Should fallback to empty object or handle error
    > 234 |       expect(config.getConfig().mcpProxy.upstreamServers).toEqual({});
          |                                                           ^
      235 |     });
      236 |
      237 |     it('should handle invalid boolean values', () => {

      at Object.<anonymous> (src/test/integration/config-integration.test.ts:234:59)

FAIL src/test/mcp/base-proxy.test.ts
  ● MCPPolicyProxyBase › initialization › should work without judgment engine

    AIJudgmentEngine is required for AIPolicyEngine

      48 |     // AIポリシーエンジン初期化
      49 |     if (!judgmentEngine) {
    > 50 |       throw new Error('AIJudgmentEngine is required for AIPolicyEngine');
         |             ^
      51 |     }
      52 |     this.aiPolicyEngine = new AIPolicyEngine(judgmentEngine, {
      53 |       aiThreshold: parseFloat(process.env.AEGIS_AI_THRESHOLD || '0.7'),

      at new MCPPolicyProxyBase (src/mcp/base-proxy.ts:50:13)
      at new TestMCPProxy (src/test/mcp/base-proxy.test.ts:29:9)
      at Object.<anonymous> (src/test/mcp/base-proxy.test.ts:150:30)

  ● MCPPolicyProxyBase › selectApplicablePolicy › should select high-risk-operations-policy for dangerous actions

    expect(received).toBe(expected) // Object.is equality

    Expected: "high-risk-operations-policy"
    Received: "file-system-policy"

      217 |
      218 |       const policy = await proxy.testSelectApplicablePolicy(deleteContext);
    > 219 |       expect(policy).toBe('high-risk-operations-policy');
          |                      ^
      220 |     });
      221 |
      222 |     it('should select default-policy when no specific policy matches', async () => {

      at Object.<anonymous> (src/test/mcp/base-proxy.test.ts:219:22)

  ● MCPPolicyProxyBase › addPolicy › should add policy to internal map

    expect(jest.fn()).toHaveBeenCalledWith(...expected)

    Expected: "Policy added: test-policy"
    Received
           1: "エンリッチャー登録: time-based"
           2: "エンリッチャー登録: agent-info"
           3: "エンリッチャー登録: resource-classifier"

    Number of calls: 5

      357 |
      358 |       expect(proxy.getPolicies().get('test-policy')).toBe('Test policy content');
    > 359 |       expect(mockLogger.info).toHaveBeenCalledWith('Policy added: test-policy');
          |                               ^
      360 |     });
      361 |
      362 |     it('should handle policy addition errors gracefully', () => {

      at Object.<anonymous> (src/test/mcp/base-proxy.test.ts:359:31)

  ● MCPPolicyProxyBase › addPolicy › should handle policy addition errors gracefully

    expect(jest.fn()).toHaveBeenCalledWith(...expected)

    Expected: "Policy added: error-policy"
    Received
           1: "エンリッチャー登録: time-based"
           2: "エンリッチャー登録: agent-info"
           3: "エンリッチャー登録: resource-classifier"

    Number of calls: 5

      366 |       // Should still add to internal map
      367 |       expect(proxy.getPolicies().get('error-policy')).toBe('Error policy content');
    > 368 |       expect(mockLogger.info).toHaveBeenCalledWith('Policy added: error-policy');
          |                               ^
      369 |     });
      370 |   });
      371 |

      at Object.<anonymous> (src/test/mcp/base-proxy.test.ts:368:31)

FAIL src/test/core-controller.test.ts
  ● AEGISController - 統合テスト › 初期化とセットアップ › 正しく初期化される

    expect(jest.fn()).toHaveBeenCalledTimes(expected)

    Expected number of calls: 4
    Received number of calls: 5

      103 |       expect(AIJudgmentEngine).toHaveBeenCalledWith(testConfig.llm);
      104 |       expect(ContextCollector).toHaveBeenCalled();
    > 105 |       expect(mockContextCollector.registerEnricher).toHaveBeenCalledTimes(4); // 4つのエンリッチャー
          |                                                     ^
      106 |       expect(mockLogger.info).toHaveBeenCalledWith('Context enrichers registered successfully');
      107 |     });
      108 |

      at Object.<anonymous> (src/test/core-controller.test.ts:105:53)

  ● AEGISController - 統合テスト › 初期化とセットアップ › デフォルトポリシーが設定される

    expect(received).toBeGreaterThan(expected)

    Expected: > 0
    Received:   0

      109 |     it('デフォルトポリシーが設定される', () => {
      110 |       // setupDefaultPoliciesが呼ばれることを確認
    > 111 |       expect(controller['policies'].size).toBeGreaterThan(0);
          |                                           ^
      112 |     });
      113 |   });
      114 |

      at Object.<anonymous> (src/test/core-controller.test.ts:111:43)

  ● AEGISController - 統合テスト › アクセス制御フロー › 完全な判定フローを実行できる

    expect(jest.fn()).toHaveBeenCalledWith(...expected)

    Expected: Any<String>, {"action": "read", "agent": "test-agent", "environment": {"agentType": "internal", "businessHours": true, "clientIP": "192.168.1.1", "resourceSensitivity": "high"}, "resource": "customer://data/123", "time": 2026-02-13T00:16:30.920Z}, {"agentType": "internal", "businessHours": true, "clientIP": "192.168.1.1", "resourceSensitivity": "high"}

    Number of calls: 0

      162 |       );
      163 |
    > 164 |       expect(mockJudgmentEngine.makeDecision).toHaveBeenCalledWith(
          |                                               ^
      165 |         expect.any(String), // ポリシー文字列
      166 |         enrichedContext,
      167 |         enrichedContext.environment

      at Object.<anonymous> (src/test/core-controller.test.ts:164:47)

  ● AEGISController - 統合テスト › アクセス制御フロー › DENYの判定を正しく処理する

    expect(jest.fn()).toHaveBeenCalledWith(...expected)

    Expected: "external-agent", "DENY", "customer://all-data", "External agents cannot delete customer data"

    Number of calls: 0

      218 |       expect(result.decision).toBe('DENY');
      219 |       expect(result.riskLevel).toBe('CRITICAL');
    > 220 |       expect(mockLogger.decision).toHaveBeenCalledWith(
          |                                   ^
      221 |         'external-agent',
      222 |         'DENY',
      223 |         'customer://all-data',

      at Object.<anonymous> (src/test/core-controller.test.ts:220:35)

  ● AEGISController - 統合テスト › 決定履歴管理 › 決定履歴を記録する

    expect(received).toHaveLength(expected)

    Expected length: 1
    Received length: 0
    Received array:  []

      338 |
      339 |       // 履歴が記録されていることを確認
    > 340 |       expect(controller['decisionHistory']).toHaveLength(1);
          |                                             ^
      341 |       expect(controller['decisionHistory'][0]).toMatchObject({
      342 |         timestamp: expect.any(Date),
      343 |         context: enrichedContext,

      at Object.<anonymous> (src/test/core-controller.test.ts:340:45)

  ● AEGISController - 統合テスト › 決定履歴管理 › 履歴の上限を守る

    expect(received).toHaveLength(expected)

    Expected length: 3
    Received length: 0
    Received array:  []

      383 |
      384 |       // 履歴が3件に制限されていることを確認
    > 385 |       expect(limitedController['decisionHistory']).toHaveLength(3);
          |                                                    ^
      386 |       // 最新の3件が保持されていることを確認
      387 |       expect(limitedController['decisionHistory'][0].context.agent).toBe('agent-1');
      388 |       expect(limitedController['decisionHistory'][2].context.agent).toBe('agent-3');

      at Object.<anonymous> (src/test/core-controller.test.ts:385:52)

  ● AEGISController - 統合テスト › 統計情報 › 統計情報を収集する

    expect(received).toMatchObject(expected)

    - Expected  - 5
    + Received  + 5

      Object {
    -   "averageConfidence": closeTo<0.8375, 2>,
    +   "averageConfidence": 0,
        "averageProcessingTime": Any<Number>,
    -   "denyCount": 1,
    -   "indeterminateCount": 1,
    -   "permitCount": 2,
    -   "totalDecisions": 4,
    +   "denyCount": 0,
    +   "indeterminateCount": 0,
    +   "permitCount": 0,
    +   "totalDecisions": 0,
      }

      415 |       const stats = controller.getStatistics();
      416 |
    > 417 |       expect(stats).toMatchObject({
          |                     ^
      418 |         totalDecisions: 4,
      419 |         permitCount: 2,
      420 |         denyCount: 1,

      at Object.<anonymous> (src/test/core-controller.test.ts:417:21)

  ● AEGISController - 統合テスト › パフォーマンスとメモリ管理 › 決定キャッシュをクリアできる

    expect(jest.fn()).toHaveBeenCalled()

    Expected number of calls: >= 1
    Received number of calls:    0

      470 |       controller.clearCache();
      471 |       
    > 472 |       expect(mockJudgmentEngine.clearCache).toHaveBeenCalled();
          |                                             ^
      473 |       expect(mockLogger.info).toHaveBeenCalledWith('Decision cache cleared');
      474 |     });
      475 |

      at Object.<anonymous> (src/test/core-controller.test.ts:472:45)

  ● AEGISController - 統合テスト › パフォーマンスとメモリ管理 › 処理時間を正確に測定する

    expect(received).toBeGreaterThan(expected)

    Expected: > 150
    Received:   89

      498 |
      499 |       // 処理時間が適切に記録されていることを確認（余裕を持たせて150ms以上）
    > 500 |       expect(result.processingTime).toBeGreaterThan(150);
          |                                     ^
      501 |     });
      502 |   });
      503 | });

      at Object.<anonymous> (src/test/core-controller.test.ts:500:37)

FAIL src/test/mcp-http-proxy.test.ts
  ● MCPHttpPolicyProxy - 機能テスト › 初期化とセットアップ › ExpressアプリとMCPサーバーが正しく設定される

    expect(jest.fn()).toHaveBeenCalledWith(...expected)

    - Expected
    + Received

      Object {
    -   "name": "aegis-policy-proxy-http",
    +   "name": "aegis-proxy",
        "version": "1.0.0",
      },
      Object {
        "capabilities": Object {
    -     "resources": Object {},
    +     "prompts": Object {},
    +     "resources": Object {
    +       "listChanged": true,
    +     },
          "tools": Object {},
        },
      },

    Number of calls: 1

      127 |     it('ExpressアプリとMCPサーバーが正しく設定される', () => {
      128 |       expect(express).toHaveBeenCalled();
    > 129 |       expect(Server).toHaveBeenCalledWith(
          |                      ^
      130 |         {
      131 |           name: 'aegis-policy-proxy-http',
      132 |           version: '1.0.0'

      at Object.<anonymous> (src/test/mcp-http-proxy.test.ts:129:22)

  ● MCPHttpPolicyProxy - 機能テスト › 初期化とセットアップ › 上流サーバーが登録される

    TypeError: this.app.put is not a function

      647 |     });
      648 |
    > 649 |     this.app.put('/policies/:id', async (req, res) => {
          |              ^
      650 |       try {
      651 |         const { policyLoader } = await import('../policies/policy-loader.js');
      652 |         await policyLoader.updatePolicy(req.params.id, req.body);

      at MCPHttpPolicyProxy.start (src/mcp/http-proxy.ts:649:14)
      at Object.<anonymous> (src/test/mcp-http-proxy.test.ts:147:7)

  ● MCPHttpPolicyProxy - 機能テスト › HTTPリクエストハンドリング › resources/read リクエストでポリシー判定を実行する

    TypeError: this.app.put is not a function

      647 |     });
      648 |
    > 649 |     this.app.put('/policies/:id', async (req, res) => {
          |              ^
      650 |       try {
      651 |         const { policyLoader } = await import('../policies/policy-loader.js');
      652 |         await policyLoader.updatePolicy(req.params.id, req.body);

      at MCPHttpPolicyProxy.start (src/mcp/http-proxy.ts:649:14)
      at Object.<anonymous> (src/test/mcp-http-proxy.test.ts:176:7)

  ● MCPHttpPolicyProxy - 機能テスト › HTTPリクエストハンドリング › tools/call リクエストで制約を適用する

    TypeError: this.app.put is not a function

      647 |     });
      648 |
    > 649 |     this.app.put('/policies/:id', async (req, res) => {
          |              ^
      650 |       try {
      651 |         const { policyLoader } = await import('../policies/policy-loader.js');
      652 |         await policyLoader.updatePolicy(req.params.id, req.body);

      at MCPHttpPolicyProxy.start (src/mcp/http-proxy.ts:649:14)
      at Object.<anonymous> (src/test/mcp-http-proxy.test.ts:224:7)

  ● MCPHttpPolicyProxy - 機能テスト › HTTPリクエストハンドリング › DENYの判定時にエラーを返す

    TypeError: this.app.put is not a function

      647 |     });
      648 |
    > 649 |     this.app.put('/policies/:id', async (req, res) => {
          |              ^
      650 |       try {
      651 |         const { policyLoader } = await import('../policies/policy-loader.js');
      652 |         await policyLoader.updatePolicy(req.params.id, req.body);

      at MCPHttpPolicyProxy.start (src/mcp/http-proxy.ts:649:14)
      at Object.<anonymous> (src/test/mcp-http-proxy.test.ts:252:7)

  ● MCPHttpPolicyProxy - 機能テスト › ヘルスチェック › ヘルスチェックエンドポイントが設定される

    TypeError: this.app.put is not a function

      647 |     });
      648 |
    > 649 |     this.app.put('/policies/:id', async (req, res) => {
          |              ^
      650 |       try {
      651 |         const { policyLoader } = await import('../policies/policy-loader.js');
      652 |         await policyLoader.updatePolicy(req.params.id, req.body);

      at MCPHttpPolicyProxy.start (src/mcp/http-proxy.ts:649:14)
      at Object.<anonymous> (src/test/mcp-http-proxy.test.ts:267:7)

  ● MCPHttpPolicyProxy - 機能テスト › 上流サーバー通信 › 上流サーバーにリクエストを転送する

    TypeError: this.app.put is not a function

      647 |     });
      648 |
    > 649 |     this.app.put('/policies/:id', async (req, res) => {
          |              ^
      650 |       try {
      651 |         const { policyLoader } = await import('../policies/policy-loader.js');
      652 |         await policyLoader.updatePolicy(req.params.id, req.body);

      at MCPHttpPolicyProxy.start (src/mcp/http-proxy.ts:649:14)
      at Object.<anonymous> (src/test/mcp-http-proxy.test.ts:319:7)

  ● MCPHttpPolicyProxy - 機能テスト › 上流サーバー通信 › 上流サーバーエラーを適切に処理する

    TypeError: this.app.put is not a function

      647 |     });
      648 |
    > 649 |     this.app.put('/policies/:id', async (req, res) => {
          |              ^
      650 |       try {
      651 |         const { policyLoader } = await import('../policies/policy-loader.js');
      652 |         await policyLoader.updatePolicy(req.params.id, req.body);

      at MCPHttpPolicyProxy.start (src/mcp/http-proxy.ts:649:14)
      at Object.<anonymous> (src/test/mcp-http-proxy.test.ts:354:7)

  ● MCPHttpPolicyProxy - 機能テスト › 上流サーバー通信 › ネットワークエラーを処理する

    TypeError: this.app.put is not a function

      647 |     });
      648 |
    > 649 |     this.app.put('/policies/:id', async (req, res) => {
          |              ^
      650 |       try {
      651 |         const { policyLoader } = await import('../policies/policy-loader.js');
      652 |         await policyLoader.updatePolicy(req.params.id, req.body);

      at MCPHttpPolicyProxy.start (src/mcp/http-proxy.ts:649:14)
      at Object.<anonymous> (src/test/mcp-http-proxy.test.ts:376:7)

  ● MCPHttpPolicyProxy - 機能テスト › エラーハンドリング › ポリシー判定エラーを適切に処理する

    TypeError: this.app.put is not a function

      647 |     });
      648 |
    > 649 |     this.app.put('/policies/:id', async (req, res) => {
          |              ^
      650 |       try {
      651 |         const { policyLoader } = await import('../policies/policy-loader.js');
      652 |         await policyLoader.updatePolicy(req.params.id, req.body);

      at MCPHttpPolicyProxy.start (src/mcp/http-proxy.ts:649:14)
      at Object.<anonymous> (src/test/mcp-http-proxy.test.ts:405:7)

  ● MCPHttpPolicyProxy - 機能テスト › エラーハンドリング › 不正なリクエストを処理する

    TypeError: this.app.put is not a function

      647 |     });
      648 |
    > 649 |     this.app.put('/policies/:id', async (req, res) => {
          |              ^
      650 |       try {
      651 |         const { policyLoader } = await import('../policies/policy-loader.js');
      652 |         await policyLoader.updatePolicy(req.params.id, req.body);

      at MCPHttpPolicyProxy.start (src/mcp/http-proxy.ts:649:14)
      at Object.<anonymous> (src/test/mcp-http-proxy.test.ts:423:7)

  ● MCPHttpPolicyProxy - 機能テスト › パフォーマンスとスケーラビリティ › 複数の同時リクエストを処理できる

    TypeError: this.app.put is not a function

      647 |     });
      648 |
    > 649 |     this.app.put('/policies/:id', async (req, res) => {
          |              ^
      650 |       try {
      651 |         const { policyLoader } = await import('../policies/policy-loader.js');
      652 |         await policyLoader.updatePolicy(req.params.id, req.body);

      at MCPHttpPolicyProxy.start (src/mcp/http-proxy.ts:649:14)
      at Object.<anonymous> (src/test/mcp-http-proxy.test.ts:453:7)

  ● MCPHttpPolicyProxy - 機能テスト › ライフサイクル管理 › サーバーを起動・停止できる

    TypeError: this.app.put is not a function

      647 |     });
      648 |
    > 649 |     this.app.put('/policies/:id', async (req, res) => {
          |              ^
      650 |       try {
      651 |         const { policyLoader } = await import('../policies/policy-loader.js');
      652 |         await policyLoader.updatePolicy(req.params.id, req.body);

      at MCPHttpPolicyProxy.start (src/mcp/http-proxy.ts:649:14)
      at Object.<anonymous> (src/test/mcp-http-proxy.test.ts:472:7)

FAIL src/test/core/obligations/manager.test.ts
  ● ObligationExecutorManager › execution history and stats › should calculate execution statistics

    expect(received).toBe(expected) // Object.is equality

    Expected: 4
    Received: 3

      371 |       const stats = manager.getExecutionStats();
      372 |       
    > 373 |       expect(stats.totalExecutions).toBe(4); // 3 success + 1 fail
          |                                     ^
      374 |       expect(stats.successCount).toBe(3);
      375 |       expect(stats.failureCount).toBe(1);
      376 |       expect(stats.averageDuration).toBeGreaterThan(0);

      at Object.<anonymous> (src/test/core/obligations/manager.test.ts:373:37)

FAIL src/test/integration/full-mcp-flow.test.ts
  ● Full MCP Request Flow Integration › End-to-End Request Scenarios › should handle complete tool discovery and execution flow

    TypeError: policyAdmin.getAuditTrail is not a function

      206 |
      207 |       // Verify audit trail
    > 208 |       const auditEntries = await policyAdmin.getAuditTrail();
          |                                              ^
      209 |       expect(auditEntries).toContainEqual(expect.objectContaining({
      210 |         action: 'tools/call',
      211 |         resource: 'execute-command',

      at Object.<anonymous> (src/test/integration/full-mcp-flow.test.ts:208:46)

FAIL test/ai-judgment-engine.test.ts
  ● AIJudgmentEngine - 機能テスト › 自然言語ポリシー → AI判定変換 › 顧客データアクセスポリシーを正しく判定できる

    expect(received).toBe(expected) // Object.is equality

    Expected: "PERMIT"
    Received: "INDETERMINATE"

      72 |       const decision = await engine.judge(context, policy);
      73 |
    > 74 |       expect(decision.decision).toBe('PERMIT');
         |                                 ^
      75 |       expect(decision.confidence).toBe(0.95);
      76 |       expect(decision.constraints).toContain('個人情報の匿名化');
      77 |       expect(decision.obligations).toContain('アクセスログ記録');

      at Object.<anonymous> (test/ai-judgment-engine.test.ts:74:33)

  ● AIJudgmentEngine - 機能テスト › 自然言語ポリシー → AI判定変換 › 営業時間外のアクセスは拒否される

    expect(received).toBe(expected) // Object.is equality

    Expected: "DENY"
    Received: "INDETERMINATE"

       97 |
       98 |       const decision = await engine.judge(context);
    >  99 |       expect(decision.decision).toBe('DENY');
          |                                 ^
      100 |       expect(decision.reason).toContain('営業時間外');
      101 |     });
      102 |   });

      at Object.<anonymous> (test/ai-judgment-engine.test.ts:99:33)

  ● AIJudgmentEngine - 機能テスト › コンテキストベースの判定 › 緊急時は営業時間外でもアクセスを許可

    expect(received).toBe(expected) // Object.is equality

    Expected: "PERMIT"
    Received: "INDETERMINATE"

      123 |
      124 |       const decision = await engine.judge(context);
    > 125 |       expect(decision.decision).toBe('PERMIT');
          |                                 ^
      126 |       expect(decision.obligations).toContain('上長への通知');
      127 |     });
      128 |

      at Object.<anonymous> (test/ai-judgment-engine.test.ts:125:33)

  ● AIJudgmentEngine - 機能テスト › コンテキストベースの判定 › 外部エージェントのアクセスは拒否

    expect(received).toBe(expected) // Object.is equality

    Expected: "DENY"
    Received: "INDETERMINATE"

      146 |
      147 |       const decision = await engine.judge(context);
    > 148 |       expect(decision.decision).toBe('DENY');
          |                                 ^
      149 |       expect(decision.confidence).toBeGreaterThan(0.9);
      150 |     });
      151 |   });

      at Object.<anonymous> (test/ai-judgment-engine.test.ts:148:33)

  ● AIJudgmentEngine - 機能テスト › バッチ処理 › 複数のリクエストを効率的に処理できる

    TypeError: engine.judgeBatch is not a function

      187 |       ]);
      188 |
    > 189 |       const decisions = await engine.judgeBatch(contexts);
          |                                      ^
      190 |       
      191 |       expect(decisions).toHaveLength(2);
      192 |       expect(decisions[0].decision).toBe('PERMIT');

      at Object.<anonymous> (test/ai-judgment-engine.test.ts:189:38)

  ● AIJudgmentEngine - 機能テスト › エラーハンドリング › LLMエラー時は安全側（DENY）に倒す

    expect(received).toBe(expected) // Object.is equality

    Expected: "DENY"
    Received: "INDETERMINATE"

      210 |       const decision = await engine.judge(context);
      211 |       
    > 212 |       expect(decision.decision).toBe('DENY');
          |                                 ^
      213 |       expect(decision.reason).toContain('エラー');
      214 |       expect(decision.confidence).toBe(0);
      215 |     });

      at Object.<anonymous> (test/ai-judgment-engine.test.ts:212:33)

  ● AIJudgmentEngine - 機能テスト › エラーハンドリング › 不正なレスポンス形式でも処理を継続

    expect(received).toBe(expected) // Object.is equality

    Expected: "DENY"
    Received: "INDETERMINATE"

      231 |       const decision = await engine.judge(context);
      232 |       
    > 233 |       expect(decision.decision).toBe('DENY');
          |                                 ^
      234 |       expect(decision.reason).toContain('形式エラー');
      235 |     });
      236 |   });

      at Object.<anonymous> (test/ai-judgment-engine.test.ts:233:33)

  ● AIJudgmentEngine - 機能テスト › 判定信頼度の処理 › 低信頼度の判定は理由に含める

    expect(received).toBe(expected) // Object.is equality

    Expected: 0.4
    Received: 0

      256 |       const decision = await engine.judge(context);
      257 |       
    > 258 |       expect(decision.confidence).toBe(0.4);
          |                                   ^
      259 |       expect(decision.reason).toContain('信頼度: 40%');
      260 |     });
      261 |   });

      at Object.<anonymous> (test/ai-judgment-engine.test.ts:258:35)

FAIL src/test/error-handling/edge-cases-and-boundaries.test.ts
  ● Edge Cases and Boundary Value Tests › Input Validation Edge Cases › should handle extremely long policy names

    expect(received).resolves.toBeDefined()

    Received promise rejected instead of resolved
    Rejected to value: [TypeError: this.contextCollector.enrichContext is not a function]

      54 |
      55 |       // Should truncate or handle gracefully
    > 56 |       await expect(
         |             ^
      57 |         enforcer.enforcePolicy('read', 'test', context, {
      58 |           selectPolicy: async () => ({ id: '1', name: veryLongPolicyName, content: 'test' })
      59 |         } as any)

      at expect (node_modules/expect/build/index.js:113:15)
      at Object.<anonymous> (src/test/error-handling/edge-cases-and-boundaries.test.ts:56:13)

  ● Edge Cases and Boundary Value Tests › Input Validation Edge Cases › should handle unicode and special characters in inputs

    expect(received).toBeDefined()

    Received: undefined

       96 |         // Should handle without crashing
       97 |         expect(result).toBeDefined();
    >  98 |         expect(result.data).toBeDefined();
          |                             ^
       99 |       }
      100 |     });
      101 |

      at Object.<anonymous> (src/test/error-handling/edge-cases-and-boundaries.test.ts:98:29)

  ● Edge Cases and Boundary Value Tests › Input Validation Edge Cases › should handle empty and whitespace-only inputs

    TypeError: dynamic_tool_discovery_1.DynamicToolDiscovery is not a constructor

      110 |       ];
      111 |
    > 112 |       const discovery = new DynamicToolDiscovery(mockLogger);
          |                         ^
      113 |
      114 |       for (const input of emptyInputs) {
      115 |         // Should handle empty tool names gracefully

      at Object.<anonymous> (src/test/error-handling/edge-cases-and-boundaries.test.ts:112:25)

  ● Edge Cases and Boundary Value Tests › Numeric Boundary Values › should handle rate limiter at boundaries

    expect(received).toBe(expected) // Object.is equality

    Expected: false
    Received: undefined

      146 |       for (let i = 0; i < 3; i++) {
      147 |         const result = await rateLimiter.apply('rate-limit:3/100ms', {}, context);
    > 148 |         expect(result.rateLimited).toBe(false);
          |                                    ^
      149 |       }
      150 |
      151 |       // Just over limit

      at Object.<anonymous> (src/test/error-handling/edge-cases-and-boundaries.test.ts:148:36)

  ● Edge Cases and Boundary Value Tests › Numeric Boundary Values › should handle cache size limits

    TypeError: cache.metrics is not a function

      186 |       }
      187 |
    > 188 |       const stats1 = await cache.metrics();
          |                                  ^
      189 |       expect(stats1.size).toBe(3);
      190 |       expect(stats1.evictions).toBe(0);
      191 |

      at Object.<anonymous> (src/test/error-handling/edge-cases-and-boundaries.test.ts:188:34)

  ● Edge Cases and Boundary Value Tests › Date and Time Edge Cases › should handle various date formats and edge cases

    expect(received).toBe(expected) // Object.is equality

    Expected: true
    Received: undefined

      285 |             { decision: 'PERMIT', reason: 'Test', confidence: 0.9 }
      286 |           );
    > 287 |           expect(result.logged).toBe(true);
          |                                 ^
      288 |         }
      289 |       }
      290 |     });

      at Object.<anonymous> (src/test/error-handling/edge-cases-and-boundaries.test.ts:287:33)

  ● Edge Cases and Boundary Value Tests › Concurrency Edge Cases › should handle exactly simultaneous requests

    expect(received).toMatch(expected)

    Matcher error: received value must be a string

    Received has value: undefined

      412 |       const result = await cache.get(context, 'policy', {});
      413 |       expect(result).toBeDefined();
    > 414 |       expect(result?.reason).toMatch(/Decision \d/);
          |                              ^
      415 |     });
      416 |
      417 |     it('should handle rapid policy updates without corruption', async () => {

      at Object.<anonymous> (src/test/error-handling/edge-cases-and-boundaries.test.ts:414:30)

  ● Edge Cases and Boundary Value Tests › Memory and Buffer Edge Cases › should handle buffer overflow scenarios

    expect(jest.fn()).toHaveBeenCalledWith(...expected)

    Expected: StringContaining "Large buffer allocation", ObjectContaining {"size": 16777216}

    Number of calls: 0

      560 |         
      561 |         if (size > 10 * 1024 * 1024) {
    > 562 |           expect(mockLogger.warn).toHaveBeenCalledWith(
          |                                   ^
      563 |             expect.stringContaining('Large buffer allocation'),
      564 |             expect.objectContaining({ size })
      565 |           );

      at Object.<anonymous> (src/test/error-handling/edge-cases-and-boundaries.test.ts:562:35)

FAIL src/test/error-handling/external-dependencies-failures.test.ts (6.014 s)
  ● External Dependencies and Integration Failures › Network Service Failures › should handle DNS resolution failures

    TypeError: Cannot set property lookup of #<Object> which has only a getter

      50 |
      51 |       // Mock DNS failure
    > 52 |       (dns.lookup as jest.Mock) = jest.fn((hostname, callback) => {
         |                                ^
      53 |         callback(new Error('ENOTFOUND: DNS lookup failed'), null);
      54 |       });
      55 |

      at Object.<anonymous> (src/test/error-handling/external-dependencies-failures.test.ts:52:32)

  ● External Dependencies and Integration Failures › Network Service Failures › should handle SSL/TLS certificate errors

    TypeError: http_proxy_1.MCPHttpProxy is not a constructor

      75 |
      76 |     it('should handle SSL/TLS certificate errors', async () => {
    > 77 |       const httpProxy = new MCPHttpProxy({
         |                         ^
      78 |         port: 3000,
      79 |         upstreamMCPServers: [{
      80 |           url: 'https://secure.example.com',

      at Object.<anonymous> (src/test/error-handling/external-dependencies-failures.test.ts:77:25)

  ● External Dependencies and Integration Failures › Network Service Failures › should handle proxy connection failures

    TypeError: http_proxy_1.MCPHttpProxy is not a constructor

      110 |       process.env.HTTPS_PROXY = 'http://proxy.example.com:8080';
      111 |       
    > 112 |       const httpProxy = new MCPHttpProxy({
          |                         ^
      113 |         port: 3000,
      114 |         upstreamMCPServers: [{
      115 |           url: 'https://api.example.com',

      at Object.<anonymous> (src/test/error-handling/external-dependencies-failures.test.ts:112:25)

  ● External Dependencies and Integration Failures › External API Failures › should handle OpenAI API outage

    expect(received).toBe(expected) // Object.is equality

    Expected: "PERMIT"
    Received: "INDETERMINATE"

      173 |       });
      174 |
    > 175 |       expect(result.decision).toBe('PERMIT');
          |                               ^
      176 |       expect(result.reason).toContain('Fallback');
      177 |       expect(mockLogger.warn).toHaveBeenCalledWith(
      178 |         expect.stringContaining('Primary LLM failed, using fallback'),

      at Object.<anonymous> (src/test/error-handling/external-dependencies-failures.test.ts:175:31)

  ● External Dependencies and Integration Failures › External API Failures › should handle GeoIP service rate limiting

    expect(received).rejects.toThrow()

    Received promise resolved instead of rejected
    Resolved to value: {}

      207 |       };
      208 |
    > 209 |       await expect(
          |             ^
      210 |         geoRestrictor.apply('geo-restrict:JP', {}, context)
      211 |       ).rejects.toThrow('Rate limit exceeded');
      212 |

      at expect (node_modules/expect/build/index.js:113:15)
      at Object.<anonymous> (src/test/error-handling/external-dependencies-failures.test.ts:209:13)

  ● External Dependencies and Integration Failures › Message Queue and Event Bus Failures › should handle event bus disconnection

    TypeError: auditSystem.publishEvent is not a function

      285 |
      286 |       await expect(
    > 287 |         auditSystem.publishEvent({
          |                     ^
      288 |           type: 'policy.decision',
      289 |           data: {
      290 |             decision: 'DENY',

      at Object.<anonymous> (src/test/error-handling/external-dependencies-failures.test.ts:287:21)

  ● External Dependencies and Integration Failures › Database and Storage Failures › should handle database connection pool exhaustion

    expect(received).rejects.toThrow()

    Received promise resolved instead of rejected
    Resolved to value: {"executedAt": 2026-02-13T00:16:28.168Z, "metadata": {"actionId": "action-1770941788167-bvuw0jxt1", "actionType": "delete", "resource": "customer-data", "scheduledFor": 2027-02-13T00:16:28.168Z}, "success": true}

      321 |       (dataLifecycle as any).db = mockDb;
      322 |
    > 323 |       await expect(
          |             ^
      324 |         dataLifecycle.execute(
      325 |           'schedule-deletion:30d',
      326 |           {

      at expect (node_modules/expect/build/index.js:113:15)
      at Object.<anonymous> (src/test/error-handling/external-dependencies-failures.test.ts:323:13)

  ● External Dependencies and Integration Failures › Database and Storage Failures › should handle storage quota exceeded

    TypeError: auditSystem.writeAuditLog is not a function

      363 |
      364 |       await expect(
    > 365 |         auditSystem.writeAuditLog({
          |                     ^
      366 |           timestamp: new Date(),
      367 |           action: 'test',
      368 |           decision: 'PERMIT',

      at Object.<anonymous> (src/test/error-handling/external-dependencies-failures.test.ts:365:21)

  ● External Dependencies and Integration Failures › Authentication and Authorization Failures › should handle OAuth token expiration

    TypeError: http_proxy_1.MCPHttpProxy is not a constructor

      421 |   describe('Authentication and Authorization Failures', () => {
      422 |     it('should handle OAuth token expiration', async () => {
    > 423 |       const httpProxy = new MCPHttpProxy({
          |                         ^
      424 |         port: 3000,
      425 |         upstreamMCPServers: [{
      426 |           url: 'https://oauth-api.example.com',

      at Object.<anonymous> (src/test/error-handling/external-dependencies-failures.test.ts:423:25)

  ● External Dependencies and Integration Failures › Authentication and Authorization Failures › should handle API key revocation

    expect(received).toContain(expected) // indexOf

    Expected substring: "Authentication failed"
    Received string:    "AI判定エラー: Invalid API key: Key has been revoked"

      500 |
      501 |       expect(result.decision).toBe('INDETERMINATE');
    > 502 |       expect(result.reason).toContain('Authentication failed');
          |                             ^
      503 |       
      504 |       expect(mockLogger.critical).toHaveBeenCalledWith(
      505 |         expect.stringContaining('API key revoked'),

      at Object.<anonymous> (src/test/error-handling/external-dependencies-failures.test.ts:502:29)

FAIL test/dynamic-tool-discovery.test.ts
  ● DynamicToolDiscoveryService › 初期化 › 正しく初期化される

    expect(jest.fn()).toHaveBeenCalled()

    Expected number of calls: >= 1
    Received number of calls:    0

      55 |     it('正しく初期化される', () => {
      56 |       expect(service).toBeDefined();
    > 57 |       expect(Logger).toHaveBeenCalled();
         |                      ^
      58 |     });
      59 |
      60 |     it('リフレッシュ間隔が設定されている場合、定期実行を設定する', () => {

      at Object.<anonymous> (test/dynamic-tool-discovery.test.ts:57:22)

  ● DynamicToolDiscoveryService › リスク評価 › 高リスクパターンを正しく検出する

    expect(jest.fn()).toHaveBeenCalledTimes(expected)

    Expected number of calls: 8
    Received number of calls: 4

      252 |
      253 |       // 各ツールが高リスクとして登録されることを確認
    > 254 |       expect(mockLogger.info).toHaveBeenCalledTimes(highRiskTools.length * 2); // 発見ログ + 登録ログ
          |                               ^
      255 |       
      256 |       highRiskTools.forEach(tool => {
      257 |         expect(mockLogger.info).toHaveBeenCalledWith(

      at Object.<anonymous> (test/dynamic-tool-discovery.test.ts:254:31)

  ● DynamicToolDiscoveryService › リスク評価 › カスタムルールによるリスク評価を適用する

    expect(jest.fn()).toHaveBeenCalledWith(...expected)

    Expected: "Registered dynamic tool", ObjectContaining {"name": "custom_high_risk", "risk": "high"}
    Received
           1: "Registered dynamic tool", {"category": "general", "name": "custom_high_risk", "policyEnforced": true, "risk": "medium", "source": "test-source"}
           2: "Registered dynamic tool", {"category": "general", "name": "custom_low_risk", "policyEnforced": true, "risk": "medium", "source": "test-source"}

    Number of calls: 2

      321 |
      322 |       // execパターンがhighRiskPatternsに含まれているため
    > 323 |       expect(mockLogger.info).toHaveBeenCalledWith(
          |                               ^
      324 |         'Registered dynamic tool',
      325 |         expect.objectContaining({
      326 |           name: 'custom_high_risk',

      at Object.<anonymous> (test/dynamic-tool-discovery.test.ts:323:31)

  ● DynamicToolDiscoveryService › ポリシー設定の決定 › 信頼できるソースからのツールは許可される

    expect(jest.fn()).toHaveBeenCalledWith(...expected)

    Expected: "Registered dynamic tool", ObjectContaining {"name": "trusted-tool", "policyEnforced": false, "source": "official-mcp-server"}
    Received: "Registered dynamic tool", {"category": "general", "name": "trusted-tool", "policyEnforced": true, "risk": "medium", "source": "official-mcp-server"}

    Number of calls: 1

      369 |       );
      370 |
    > 371 |       expect(mockLogger.info).toHaveBeenCalledWith(
          |                               ^
      372 |         'Registered dynamic tool',
      373 |         expect.objectContaining({
      374 |           name: 'trusted-tool',

      at Object.<anonymous> (test/dynamic-tool-discovery.test.ts:371:31)

  ● DynamicToolDiscoveryService › ポリシー設定の決定 › smartモードで低リスクツールは許可される

    expect(jest.fn()).toHaveBeenCalledWith(...expected)

    Expected: "Registered dynamic tool", ObjectContaining {"name": "read_data", "policyEnforced": false, "risk": "low"}
    Received: "Registered dynamic tool", {"category": "data", "name": "read_data", "policyEnforced": true, "risk": "low", "source": "unknown-source"}

    Number of calls: 1

      445 |       await service.discoverToolsFromListResponse({ tools: [tool] }, 'unknown-source');
      446 |
    > 447 |       expect(mockLogger.info).toHaveBeenCalledWith(
          |                               ^
      448 |         'Registered dynamic tool',
      449 |         expect.objectContaining({
      450 |           name: 'read_data',

      at Object.<anonymous> (test/dynamic-tool-discovery.test.ts:447:31)

  ● DynamicToolDiscoveryService › ツールのカテゴリ分類 › 複数のツールを同じカテゴリに分類する

    expect(jest.fn()).toHaveBeenCalledWith(...expected)

    Expected: "Registered dynamic tool", ObjectContaining {"category": "file-management", "name": "read_file"}
    Received
           1: "Registered dynamic tool", {"category": "filesystem", "name": "read_file", "policyEnforced": true, "risk": "low", "source": "test-source"}
           2: "Registered dynamic tool", {"category": "filesystem", "name": "write_file", "policyEnforced": true, "risk": "medium", "source": "test-source"}
           3: "Registered dynamic tool", {"category": "filesystem", "name": "delete_file", "policyEnforced": true, "risk": "high", "source": "test-source"}

    Number of calls: 3

      490 |       // すべてファイル管理カテゴリに分類されることを期待
      491 |       fileTools.forEach(tool => {
    > 492 |         expect(mockLogger.info).toHaveBeenCalledWith(
          |                                 ^
      493 |           'Registered dynamic tool',
      494 |           expect.objectContaining({
      495 |             name: tool.name,

      at test/dynamic-tool-discovery.test.ts:492:33
          at Array.forEach (<anonymous>)
      at Object.<anonymous> (test/dynamic-tool-discovery.test.ts:491:17)

  ● DynamicToolDiscoveryService › パブリックメソッド › カテゴリ別にツールを取得できる

    expect(received).toBeGreaterThanOrEqual(expected)

    Matcher error: received value must be a number or bigint

    Received has value: undefined

      601 |
      602 |       const fileTools = getToolsByCategory('file-management');
    > 603 |       expect(fileTools?.size).toBeGreaterThanOrEqual(2);
          |                               ^
      604 |       
      605 |       const execTools = getToolsByCategory('execution');
      606 |       expect(execTools?.has('exec_command')).toBe(true);

      at Object.<anonymous> (test/dynamic-tool-discovery.test.ts:603:31)

FAIL test/core-controller.test.ts
  ● AEGISController - 統合テスト › 初期化とセットアップ › 正しく初期化される

    expect(jest.fn()).toHaveBeenCalledTimes(expected)

    Expected number of calls: 4
    Received number of calls: 5

      103 |       expect(AIJudgmentEngine).toHaveBeenCalledWith(testConfig.llm);
      104 |       expect(ContextCollector).toHaveBeenCalled();
    > 105 |       expect(mockContextCollector.registerEnricher).toHaveBeenCalledTimes(4); // 4つのエンリッチャー
          |                                                     ^
      106 |       expect(mockLogger.info).toHaveBeenCalledWith('Context enrichers registered successfully');
      107 |     });
      108 |

      at Object.<anonymous> (test/core-controller.test.ts:105:53)

  ● AEGISController - 統合テスト › 初期化とセットアップ › デフォルトポリシーが設定される

    expect(received).toBeGreaterThan(expected)

    Expected: > 0
    Received:   0

      109 |     it('デフォルトポリシーが設定される', () => {
      110 |       // setupDefaultPoliciesが呼ばれることを確認
    > 111 |       expect(controller['policies'].size).toBeGreaterThan(0);
          |                                           ^
      112 |     });
      113 |   });
      114 |

      at Object.<anonymous> (test/core-controller.test.ts:111:43)

  ● AEGISController - 統合テスト › アクセス制御フロー › 完全な判定フローを実行できる

    expect(jest.fn()).toHaveBeenCalledWith(...expected)

    Expected: Any<String>, {"action": "read", "agent": "test-agent", "environment": {"agentType": "internal", "businessHours": true, "clientIP": "192.168.1.1", "resourceSensitivity": "high"}, "resource": "customer://data/123", "time": 2026-02-13T00:16:31.826Z}, {"agentType": "internal", "businessHours": true, "clientIP": "192.168.1.1", "resourceSensitivity": "high"}

    Number of calls: 0

      162 |       );
      163 |
    > 164 |       expect(mockJudgmentEngine.makeDecision).toHaveBeenCalledWith(
          |                                               ^
      165 |         expect.any(String), // ポリシー文字列
      166 |         enrichedContext,
      167 |         enrichedContext.environment

      at Object.<anonymous> (test/core-controller.test.ts:164:47)

  ● AEGISController - 統合テスト › アクセス制御フロー › DENYの判定を正しく処理する

    expect(jest.fn()).toHaveBeenCalledWith(...expected)

    Expected: "external-agent", "DENY", "customer://all-data", "External agents cannot delete customer data"

    Number of calls: 0

      218 |       expect(result.decision).toBe('DENY');
      219 |       expect(result.riskLevel).toBe('CRITICAL');
    > 220 |       expect(mockLogger.decision).toHaveBeenCalledWith(
          |                                   ^
      221 |         'external-agent',
      222 |         'DENY',
      223 |         'customer://all-data',

      at Object.<anonymous> (test/core-controller.test.ts:220:35)

  ● AEGISController - 統合テスト › 決定履歴管理 › 決定履歴を記録する

    expect(received).toHaveLength(expected)

    Expected length: 1
    Received length: 0
    Received array:  []

      338 |
      339 |       // 履歴が記録されていることを確認
    > 340 |       expect(controller['decisionHistory']).toHaveLength(1);
          |                                             ^
      341 |       expect(controller['decisionHistory'][0]).toMatchObject({
      342 |         timestamp: expect.any(Date),
      343 |         context: enrichedContext,

      at Object.<anonymous> (test/core-controller.test.ts:340:45)

  ● AEGISController - 統合テスト › 決定履歴管理 › 履歴の上限を守る

    expect(received).toHaveLength(expected)

    Expected length: 3
    Received length: 0
    Received array:  []

      383 |
      384 |       // 履歴が3件に制限されていることを確認
    > 385 |       expect(limitedController['decisionHistory']).toHaveLength(3);
          |                                                    ^
      386 |       // 最新の3件が保持されていることを確認
      387 |       expect(limitedController['decisionHistory'][0].context.agent).toBe('agent-1');
      388 |       expect(limitedController['decisionHistory'][2].context.agent).toBe('agent-3');

      at Object.<anonymous> (test/core-controller.test.ts:385:52)

  ● AEGISController - 統合テスト › 統計情報 › 統計情報を収集する

    expect(received).toMatchObject(expected)

    - Expected  - 5
    + Received  + 5

      Object {
    -   "averageConfidence": closeTo<0.8375, 2>,
    +   "averageConfidence": 0,
        "averageProcessingTime": Any<Number>,
    -   "denyCount": 1,
    -   "indeterminateCount": 1,
    -   "permitCount": 2,
    -   "totalDecisions": 4,
    +   "denyCount": 0,
    +   "indeterminateCount": 0,
    +   "permitCount": 0,
    +   "totalDecisions": 0,
      }

      415 |       const stats = controller.getStatistics();
      416 |
    > 417 |       expect(stats).toMatchObject({
          |                     ^
      418 |         totalDecisions: 4,
      419 |         permitCount: 2,
      420 |         denyCount: 1,

      at Object.<anonymous> (test/core-controller.test.ts:417:21)

  ● AEGISController - 統合テスト › パフォーマンスとメモリ管理 › 決定キャッシュをクリアできる

    expect(jest.fn()).toHaveBeenCalled()

    Expected number of calls: >= 1
    Received number of calls:    0

      470 |       controller.clearCache();
      471 |       
    > 472 |       expect(mockJudgmentEngine.clearCache).toHaveBeenCalled();
          |                                             ^
      473 |       expect(mockLogger.info).toHaveBeenCalledWith('Decision cache cleared');
      474 |     });
      475 |

      at Object.<anonymous> (test/core-controller.test.ts:472:45)

  ● AEGISController - 統合テスト › パフォーマンスとメモリ管理 › 処理時間を正確に測定する

    expect(received).toBeGreaterThan(expected)

    Expected: > 150
    Received:   54

      498 |
      499 |       // 処理時間が適切に記録されていることを確認（余裕を持たせて150ms以上）
    > 500 |       expect(result.processingTime).toBeGreaterThan(150);
          |                                     ^
      501 |     });
      502 |   });
      503 | });

      at Object.<anonymous> (test/core-controller.test.ts:500:37)

FAIL src/test/policy-management.test.ts
  ● PolicyAdministrator - 機能テスト › ポリシーCRUD操作 › 新しいポリシーを作成できる

    expect(jest.fn()).toHaveBeenCalledWith(...expected)

    Expected: StringContaining "test-policies/policy-", StringContaining "Customer Data Access Policy", {"encoding": "utf-8"}
    Received
           1: "test-policies/policy-ea1335b1-3e43-4f08-abaa-47da86089ff4.json", "{
      \"name\": \"Customer Data Access Policy\",
      \"description\": \"顧客データへのアクセスを制御するポリシー\",
      \"policy\": \"\\n        顧客データアクセスポリシー：\\n        \\n        【基本原則】\\n        - 顧客サポート担当者のみアクセス可能\\n        - 営業時間内のみ許可\\n        - アクセスログ必須\\n        \\n        【制限事項】\\n        - 外部エージェントのアクセス禁止\\n        - データの外部共有は一切禁止\\n        - 個人情報の長期保存禁止\\n      \",
      \"examples\": [],
      \"metadata\": {
        \"id\": \"policy-ea1335b1-3e43-4f08-abaa-47da86089ff4\",
        \"name\": \"Customer Data Access Policy\",
        \"description\": \"顧客データへのアクセスを制御するポリシー\",
        \"version\": \"1.0.0\",
        \"createdAt\": \"2026-02-13T00:16:31.842Z\",
        \"createdBy\": \"admin\",
        \"lastModified\": \"2026-02-13T00:16:31.842Z\",
        \"lastModifiedBy\": \"admin\",
        \"tags\": [
          \"customer\",
          \"data-access\"
        ],
        \"status\": \"active\"
      }
    }"
           2: "test-policies/history/policy-ea1335b1-3e43-4f08-abaa-47da86089ff4.json", "[
      {
        \"version\": \"1.0.0\",
        \"policy\": \"\\n        顧客データアクセスポリシー：\\n        \\n        【基本原則】\\n        - 顧客サポート担当者のみアクセス可能\\n        - 営業時間内のみ許可\\n        - アクセスログ必須\\n        \\n        【制限事項】\\n        - 外部エージェントのアクセス禁止\\n        - データの外部共有は一切禁止\\n        - 個人情報の長期保存禁止\\n      \",
        \"createdAt\": \"2026-02-13T00:16:31.842Z\",
        \"createdBy\": \"admin\",
        \"changeLog\": \"Initial version\"
      }
    ]"

    Number of calls: 2

      52 |
      53 |       expect(policyId).toMatch(/^policy-[a-f0-9-]+$/);
    > 54 |       expect(fs.writeFile).toHaveBeenCalledWith(
         |                            ^
      55 |         expect.stringContaining('test-policies/policy-'),
      56 |         expect.stringContaining('Customer Data Access Policy'),
      57 |         { encoding: 'utf-8' }

      at Object.<anonymous> (src/test/policy-management.test.ts:54:28)

  ● PolicyAdministrator - 機能テスト › インポート/エクスポート › ポリシーをエクスポートできる

    expect(jest.fn()).toHaveBeenCalledWith(...expected)

    Expected: StringContaining "exports", Any<String>, Any<String>
    Received
           1: "test-policies/policy-f21cabe6-34d5-4444-a655-f45b5ccdabea.json", "{
      \"name\": \"Export Test\",
      \"description\": \"エクスポート機能のテスト\",
      \"policy\": \"【基本原則】\\nエクスポートテスト\\n【制限事項】\\nなし\",
      \"examples\": [],
      \"metadata\": {
        \"id\": \"policy-f21cabe6-34d5-4444-a655-f45b5ccdabea\",
        \"name\": \"Export Test\",
        \"description\": \"エクスポート機能のテスト\",
        \"version\": \"1.0.0\",
        \"createdAt\": \"2026-02-13T00:16:31.917Z\",
        \"createdBy\": \"system\",
        \"lastModified\": \"2026-02-13T00:16:31.917Z\",
        \"lastModifiedBy\": \"system\",
        \"tags\": [
          \"test\",
          \"export\"
        ],
        \"status\": \"active\"
      }
    }"
           2: "test-policies/history/policy-f21cabe6-34d5-4444-a655-f45b5ccdabea.json", "[
      {
        \"version\": \"1.0.0\",
        \"policy\": \"【基本原則】\\nエクスポートテスト\\n【制限事項】\\nなし\",
        \"createdAt\": \"2026-02-13T00:16:31.917Z\",
        \"createdBy\": \"system\",
        \"changeLog\": \"Initial version\"
      }
    ]"
           3: "test-policies/exports/policy-f21cabe6-34d5-4444-a655-f45b5ccdabea-export-1770941791917.json", "{
      \"version\": \"1.0\",
      \"exportedAt\": \"2026-02-13T00:16:31.917Z\",
      \"exportedBy\": \"system\",
      \"policy\": {
        \"name\": \"Export Test\",
        \"description\": \"エクスポート機能のテスト\",
        \"policy\": \"【基本原則】\\nエクスポートテスト\\n【制限事項】\\nなし\",
        \"examples\": [],
        \"metadata\": {
          \"id\": \"policy-f21cabe6-34d5-4444-a655-f45b5ccdabea\",
          \"name\": \"Export Test\",
          \"description\": \"エクスポート機能のテスト\",
          \"version\": \"1.0.0\",
          \"createdAt\": \"2026-02-13T00:16:31.917Z\",
          \"createdBy\": \"system\",
          \"lastModified\": \"2026-02-13T00:16:31.917Z\",
          \"lastModifiedBy\": \"system\",
          \"tags\": [
            \"test\",
            \"export\"
          ],
          \"status\": \"active\"
        }
      },
      \"history\": [
        {
          \"version\": \"1.0.0\",
          \"policy\": \"【基本原則】\\nエクスポートテスト\\n【制限事項】\\nなし\",
          \"createdAt\": \"2026-02-13T00:16:31.917Z\",
          \"createdBy\": \"system\",
          \"changeLog\": \"Initial version\"
        }
      ]
    }"

    Number of calls: 3

      267 |       });
      268 |
    > 269 |       expect(fs.writeFile).toHaveBeenCalledWith(
          |                            ^
      270 |         expect.stringContaining('exports'),
      271 |         expect.any(String),
      272 |         expect.any(String)

      at Object.<anonymous> (src/test/policy-management.test.ts:269:28)

  ● PolicyAdministrator - 機能テスト › ファイルシステム永続化 › ポリシー作成時にディスクに保存する

    expect(jest.fn()).toHaveBeenCalledWith(...expected)

    Expected: StringContaining "test-policies/policy-", StringContaining "Persist Test", Any<String>
    Received
           1: "test-policies/policy-56074673-94cd-4b7d-b668-bfdb67c16745.json", "{
      \"name\": \"Persist Test\",
      \"description\": \"Policy for Persist Test\",
      \"policy\": \"【基本原則】\\n永続化テスト\\n【制限事項】\\nなし\",
      \"examples\": [],
      \"metadata\": {
        \"id\": \"policy-56074673-94cd-4b7d-b668-bfdb67c16745\",
        \"name\": \"Persist Test\",
        \"description\": \"Policy for Persist Test\",
        \"version\": \"1.0.0\",
        \"createdAt\": \"2026-02-13T00:16:32.026Z\",
        \"createdBy\": \"system\",
        \"lastModified\": \"2026-02-13T00:16:32.026Z\",
        \"lastModifiedBy\": \"system\",
        \"tags\": [],
        \"status\": \"active\"
      }
    }"
           2: "test-policies/history/policy-56074673-94cd-4b7d-b668-bfdb67c16745.json", "[
      {
        \"version\": \"1.0.0\",
        \"policy\": \"【基本原則】\\n永続化テスト\\n【制限事項】\\nなし\",
        \"createdAt\": \"2026-02-13T00:16:32.026Z\",
        \"createdBy\": \"system\",
        \"changeLog\": \"Initial version\"
      }
    ]"

    Number of calls: 2

      407 |       );
      408 |
    > 409 |       expect(fs.writeFile).toHaveBeenCalledWith(
          |                            ^
      410 |         expect.stringContaining('test-policies/policy-'),
      411 |         expect.stringContaining('Persist Test'),
      412 |         expect.any(String)

      at Object.<anonymous> (src/test/policy-management.test.ts:409:28)

FAIL src/test/security/config-security.test.ts
  ● Configuration Security Tests › Secret Key Security › should reject weak secret keys in production

    ReferenceError: Configuration is not defined

      12 |       }
      13 |     });
    > 14 |     (Configuration as any).instance = null;
         |      ^
      15 |   });
      16 |
      17 |   afterEach(() => {

      at Object.<anonymous> (src/test/security/config-security.test.ts:14:6)

  ● Configuration Security Tests › Secret Key Security › should reject weak secret keys in production

    ReferenceError: Configuration is not defined

      17 |   afterEach(() => {
      18 |     process.env = originalEnv;
    > 19 |     (Configuration as any).instance = null;
         |      ^
      20 |   });
      21 |
      22 |   describe('Secret Key Security', () => {

      at Object.<anonymous> (src/test/security/config-security.test.ts:19:6)

  ● Configuration Security Tests › Secret Key Security › should enforce minimum secret key length

    ReferenceError: Configuration is not defined

      12 |       }
      13 |     });
    > 14 |     (Configuration as any).instance = null;
         |      ^
      15 |   });
      16 |
      17 |   afterEach(() => {

      at Object.<anonymous> (src/test/security/config-security.test.ts:14:6)

  ● Configuration Security Tests › Secret Key Security › should enforce minimum secret key length

    ReferenceError: Configuration is not defined

      17 |   afterEach(() => {
      18 |     process.env = originalEnv;
    > 19 |     (Configuration as any).instance = null;
         |      ^
      20 |   });
      21 |
      22 |   describe('Secret Key Security', () => {

      at Object.<anonymous> (src/test/security/config-security.test.ts:19:6)

  ● Configuration Security Tests › Secret Key Security › should generate cryptographically secure defaults in development

    ReferenceError: Configuration is not defined

      12 |       }
      13 |     });
    > 14 |     (Configuration as any).instance = null;
         |      ^
      15 |   });
      16 |
      17 |   afterEach(() => {

      at Object.<anonymous> (src/test/security/config-security.test.ts:14:6)

  ● Configuration Security Tests › Secret Key Security › should generate cryptographically secure defaults in development

    ReferenceError: Configuration is not defined

      17 |   afterEach(() => {
      18 |     process.env = originalEnv;
    > 19 |     (Configuration as any).instance = null;
         |      ^
      20 |   });
      21 |
      22 |   describe('Secret Key Security', () => {

      at Object.<anonymous> (src/test/security/config-security.test.ts:19:6)

  ● Configuration Security Tests › API Key Security › should never expose API keys in error messages

    ReferenceError: Configuration is not defined

      12 |       }
      13 |     });
    > 14 |     (Configuration as any).instance = null;
         |      ^
      15 |   });
      16 |
      17 |   afterEach(() => {

      at Object.<anonymous> (src/test/security/config-security.test.ts:14:6)

  ● Configuration Security Tests › API Key Security › should never expose API keys in error messages

    ReferenceError: Configuration is not defined

      17 |   afterEach(() => {
      18 |     process.env = originalEnv;
    > 19 |     (Configuration as any).instance = null;
         |      ^
      20 |   });
      21 |
      22 |   describe('Secret Key Security', () => {

      at Object.<anonymous> (src/test/security/config-security.test.ts:19:6)

  ● Configuration Security Tests › API Key Security › should validate API key format

    ReferenceError: Configuration is not defined

      12 |       }
      13 |     });
    > 14 |     (Configuration as any).instance = null;
         |      ^
      15 |   });
      16 |
      17 |   afterEach(() => {

      at Object.<anonymous> (src/test/security/config-security.test.ts:14:6)

  ● Configuration Security Tests › API Key Security › should validate API key format

    ReferenceError: Configuration is not defined

      17 |   afterEach(() => {
      18 |     process.env = originalEnv;
    > 19 |     (Configuration as any).instance = null;
         |      ^
      20 |   });
      21 |
      22 |   describe('Secret Key Security', () => {

      at Object.<anonymous> (src/test/security/config-security.test.ts:19:6)

  ● Configuration Security Tests › API Key Security › should mask API keys in toString representations

    ReferenceError: Configuration is not defined

      12 |       }
      13 |     });
    > 14 |     (Configuration as any).instance = null;
         |      ^
      15 |   });
      16 |
      17 |   afterEach(() => {

      at Object.<anonymous> (src/test/security/config-security.test.ts:14:6)

  ● Configuration Security Tests › API Key Security › should mask API keys in toString representations

    ReferenceError: Configuration is not defined

      17 |   afterEach(() => {
      18 |     process.env = originalEnv;
    > 19 |     (Configuration as any).instance = null;
         |      ^
      20 |   });
      21 |
      22 |   describe('Secret Key Security', () => {

      at Object.<anonymous> (src/test/security/config-security.test.ts:19:6)

  ● Configuration Security Tests › JWT Security › should enforce strong JWT secrets

    ReferenceError: Configuration is not defined

      12 |       }
      13 |     });
    > 14 |     (Configuration as any).instance = null;
         |      ^
      15 |   });
      16 |
      17 |   afterEach(() => {

      at Object.<anonymous> (src/test/security/config-security.test.ts:14:6)

  ● Configuration Security Tests › JWT Security › should enforce strong JWT secrets

    ReferenceError: Configuration is not defined

      17 |   afterEach(() => {
      18 |     process.env = originalEnv;
    > 19 |     (Configuration as any).instance = null;
         |      ^
      20 |   });
      21 |
      22 |   describe('Secret Key Security', () => {

      at Object.<anonymous> (src/test/security/config-security.test.ts:19:6)

  ● Configuration Security Tests › JWT Security › should use different secrets for JWT and encryption

    ReferenceError: Configuration is not defined

      12 |       }
      13 |     });
    > 14 |     (Configuration as any).instance = null;
         |      ^
      15 |   });
      16 |
      17 |   afterEach(() => {

      at Object.<anonymous> (src/test/security/config-security.test.ts:14:6)

  ● Configuration Security Tests › JWT Security › should use different secrets for JWT and encryption

    ReferenceError: Configuration is not defined

      17 |   afterEach(() => {
      18 |     process.env = originalEnv;
    > 19 |     (Configuration as any).instance = null;
         |      ^
      20 |   });
      21 |
      22 |   describe('Secret Key Security', () => {

      at Object.<anonymous> (src/test/security/config-security.test.ts:19:6)

  ● Configuration Security Tests › Encryption Configuration Security › should only allow secure encryption algorithms

    ReferenceError: Configuration is not defined

      12 |       }
      13 |     });
    > 14 |     (Configuration as any).instance = null;
         |      ^
      15 |   });
      16 |
      17 |   afterEach(() => {

      at Object.<anonymous> (src/test/security/config-security.test.ts:14:6)

  ● Configuration Security Tests › Encryption Configuration Security › should only allow secure encryption algorithms

    ReferenceError: Configuration is not defined

      17 |   afterEach(() => {
      18 |     process.env = originalEnv;
    > 19 |     (Configuration as any).instance = null;
         |      ^
      20 |   });
      21 |
      22 |   describe('Secret Key Security', () => {

      at Object.<anonymous> (src/test/security/config-security.test.ts:19:6)

  ● Configuration Security Tests › Encryption Configuration Security › should validate encryption key derivation settings

    ReferenceError: Configuration is not defined

      12 |       }
      13 |     });
    > 14 |     (Configuration as any).instance = null;
         |      ^
      15 |   });
      16 |
      17 |   afterEach(() => {

      at Object.<anonymous> (src/test/security/config-security.test.ts:14:6)

  ● Configuration Security Tests › Encryption Configuration Security › should validate encryption key derivation settings

    ReferenceError: Configuration is not defined

      17 |   afterEach(() => {
      18 |     process.env = originalEnv;
    > 19 |     (Configuration as any).instance = null;
         |      ^
      20 |   });
      21 |
      22 |   describe('Secret Key Security', () => {

      at Object.<anonymous> (src/test/security/config-security.test.ts:19:6)

  ● Configuration Security Tests › CORS Security › should validate CORS origins

    ReferenceError: Configuration is not defined

      12 |       }
      13 |     });
    > 14 |     (Configuration as any).instance = null;
         |      ^
      15 |   });
      16 |
      17 |   afterEach(() => {

      at Object.<anonymous> (src/test/security/config-security.test.ts:14:6)

  ● Configuration Security Tests › CORS Security › should validate CORS origins

    ReferenceError: Configuration is not defined

      17 |   afterEach(() => {
      18 |     process.env = originalEnv;
    > 19 |     (Configuration as any).instance = null;
         |      ^
      20 |   });
      21 |
      22 |   describe('Secret Key Security', () => {

      at Object.<anonymous> (src/test/security/config-security.test.ts:19:6)

  ● Configuration Security Tests › CORS Security › should only allow HTTPS origins in production

    ReferenceError: Configuration is not defined

      12 |       }
      13 |     });
    > 14 |     (Configuration as any).instance = null;
         |      ^
      15 |   });
      16 |
      17 |   afterEach(() => {

      at Object.<anonymous> (src/test/security/config-security.test.ts:14:6)

  ● Configuration Security Tests › CORS Security › should only allow HTTPS origins in production

    ReferenceError: Configuration is not defined

      17 |   afterEach(() => {
      18 |     process.env = originalEnv;
    > 19 |     (Configuration as any).instance = null;
         |      ^
      20 |   });
      21 |
      22 |   describe('Secret Key Security', () => {

      at Object.<anonymous> (src/test/security/config-security.test.ts:19:6)

  ● Configuration Security Tests › Audit Log Security › should enforce encryption for audit logs

    ReferenceError: Configuration is not defined

      12 |       }
      13 |     });
    > 14 |     (Configuration as any).instance = null;
         |      ^
      15 |   });
      16 |
      17 |   afterEach(() => {

      at Object.<anonymous> (src/test/security/config-security.test.ts:14:6)

  ● Configuration Security Tests › Audit Log Security › should enforce encryption for audit logs

    ReferenceError: Configuration is not defined

      17 |   afterEach(() => {
      18 |     process.env = originalEnv;
    > 19 |     (Configuration as any).instance = null;
         |      ^
      20 |   });
      21 |
      22 |   describe('Secret Key Security', () => {

      at Object.<anonymous> (src/test/security/config-security.test.ts:19:6)

  ● Configuration Security Tests › Audit Log Security › should validate audit log retention policies

    ReferenceError: Configuration is not defined

      12 |       }
      13 |     });
    > 14 |     (Configuration as any).instance = null;
         |      ^
      15 |   });
      16 |
      17 |   afterEach(() => {

      at Object.<anonymous> (src/test/security/config-security.test.ts:14:6)

  ● Configuration Security Tests › Audit Log Security › should validate audit log retention policies

    ReferenceError: Configuration is not defined

      17 |   afterEach(() => {
      18 |     process.env = originalEnv;
    > 19 |     (Configuration as any).instance = null;
         |      ^
      20 |   });
      21 |
      22 |   describe('Secret Key Security', () => {

      at Object.<anonymous> (src/test/security/config-security.test.ts:19:6)

  ● Configuration Security Tests › Network Security Configuration › should not expose services on all interfaces by default

    ReferenceError: Configuration is not defined

      12 |       }
      13 |     });
    > 14 |     (Configuration as any).instance = null;
         |      ^
      15 |   });
      16 |
      17 |   afterEach(() => {

      at Object.<anonymous> (src/test/security/config-security.test.ts:14:6)

  ● Configuration Security Tests › Network Security Configuration › should not expose services on all interfaces by default

    ReferenceError: Configuration is not defined

      17 |   afterEach(() => {
      18 |     process.env = originalEnv;
    > 19 |     (Configuration as any).instance = null;
         |      ^
      20 |   });
      21 |
      22 |   describe('Secret Key Security', () => {

      at Object.<anonymous> (src/test/security/config-security.test.ts:19:6)

  ● Configuration Security Tests › Network Security Configuration › should validate upstream server URLs

    ReferenceError: Configuration is not defined

      12 |       }
      13 |     });
    > 14 |     (Configuration as any).instance = null;
         |      ^
      15 |   });
      16 |
      17 |   afterEach(() => {

      at Object.<anonymous> (src/test/security/config-security.test.ts:14:6)

  ● Configuration Security Tests › Network Security Configuration › should validate upstream server URLs

    ReferenceError: Configuration is not defined

      17 |   afterEach(() => {
      18 |     process.env = originalEnv;
    > 19 |     (Configuration as any).instance = null;
         |      ^
      20 |   });
      21 |
      22 |   describe('Secret Key Security', () => {

      at Object.<anonymous> (src/test/security/config-security.test.ts:19:6)

  ● Configuration Security Tests › Environment Variable Security › should not log environment variables

    ReferenceError: Configuration is not defined

      12 |       }
      13 |     });
    > 14 |     (Configuration as any).instance = null;
         |      ^
      15 |   });
      16 |
      17 |   afterEach(() => {

      at Object.<anonymous> (src/test/security/config-security.test.ts:14:6)

  ● Configuration Security Tests › Environment Variable Security › should not log environment variables

    ReferenceError: Configuration is not defined

      17 |   afterEach(() => {
      18 |     process.env = originalEnv;
    > 19 |     (Configuration as any).instance = null;
         |      ^
      20 |   });
      21 |
      22 |   describe('Secret Key Security', () => {

      at Object.<anonymous> (src/test/security/config-security.test.ts:19:6)

  ● Configuration Security Tests › Environment Variable Security › should sanitize configuration output

    ReferenceError: Configuration is not defined

      12 |       }
      13 |     });
    > 14 |     (Configuration as any).instance = null;
         |      ^
      15 |   });
      16 |
      17 |   afterEach(() => {

      at Object.<anonymous> (src/test/security/config-security.test.ts:14:6)

  ● Configuration Security Tests › Environment Variable Security › should sanitize configuration output

    ReferenceError: Configuration is not defined

      17 |   afterEach(() => {
      18 |     process.env = originalEnv;
    > 19 |     (Configuration as any).instance = null;
         |      ^
      20 |   });
      21 |
      22 |   describe('Secret Key Security', () => {

      at Object.<anonymous> (src/test/security/config-security.test.ts:19:6)

  ● Configuration Security Tests › Configuration Injection Prevention › should prevent prototype pollution

    ReferenceError: Configuration is not defined

      12 |       }
      13 |     });
    > 14 |     (Configuration as any).instance = null;
         |      ^
      15 |   });
      16 |
      17 |   afterEach(() => {

      at Object.<anonymous> (src/test/security/config-security.test.ts:14:6)

  ● Configuration Security Tests › Configuration Injection Prevention › should prevent prototype pollution

    ReferenceError: Configuration is not defined

      17 |   afterEach(() => {
      18 |     process.env = originalEnv;
    > 19 |     (Configuration as any).instance = null;
         |      ^
      20 |   });
      21 |
      22 |   describe('Secret Key Security', () => {

      at Object.<anonymous> (src/test/security/config-security.test.ts:19:6)

  ● Configuration Security Tests › Configuration Injection Prevention › should validate numeric inputs to prevent injection

    ReferenceError: Configuration is not defined

      12 |       }
      13 |     });
    > 14 |     (Configuration as any).instance = null;
         |      ^
      15 |   });
      16 |
      17 |   afterEach(() => {

      at Object.<anonymous> (src/test/security/config-security.test.ts:14:6)

  ● Configuration Security Tests › Configuration Injection Prevention › should validate numeric inputs to prevent injection

    ReferenceError: Configuration is not defined

      17 |   afterEach(() => {
      18 |     process.env = originalEnv;
    > 19 |     (Configuration as any).instance = null;
         |      ^
      20 |   });
      21 |
      22 |   describe('Secret Key Security', () => {

      at Object.<anonymous> (src/test/security/config-security.test.ts:19:6)

  ● Configuration Security Tests › Security Headers and Settings › should enforce secure defaults

    ReferenceError: Configuration is not defined

      12 |       }
      13 |     });
    > 14 |     (Configuration as any).instance = null;
         |      ^
      15 |   });
      16 |
      17 |   afterEach(() => {

      at Object.<anonymous> (src/test/security/config-security.test.ts:14:6)

  ● Configuration Security Tests › Security Headers and Settings › should enforce secure defaults

    ReferenceError: Configuration is not defined

      17 |   afterEach(() => {
      18 |     process.env = originalEnv;
    > 19 |     (Configuration as any).instance = null;
         |      ^
      20 |   });
      21 |
      22 |   describe('Secret Key Security', () => {

      at Object.<anonymous> (src/test/security/config-security.test.ts:19:6)

  ● Configuration Security Tests › Compliance and Regulatory › should support compliance configuration

    ReferenceError: Configuration is not defined

      12 |       }
      13 |     });
    > 14 |     (Configuration as any).instance = null;
         |      ^
      15 |   });
      16 |
      17 |   afterEach(() => {

      at Object.<anonymous> (src/test/security/config-security.test.ts:14:6)

  ● Configuration Security Tests › Compliance and Regulatory › should support compliance configuration

    ReferenceError: Configuration is not defined

      17 |   afterEach(() => {
      18 |     process.env = originalEnv;
    > 19 |     (Configuration as any).instance = null;
         |      ^
      20 |   });
      21 |
      22 |   describe('Secret Key Security', () => {

      at Object.<anonymous> (src/test/security/config-security.test.ts:19:6)

  ● Configuration Security Tests › Compliance and Regulatory › should validate data retention policies

    ReferenceError: Configuration is not defined

      12 |       }
      13 |     });
    > 14 |     (Configuration as any).instance = null;
         |      ^
      15 |   });
      16 |
      17 |   afterEach(() => {

      at Object.<anonymous> (src/test/security/config-security.test.ts:14:6)

  ● Configuration Security Tests › Compliance and Regulatory › should validate data retention policies

    ReferenceError: Configuration is not defined

      17 |   afterEach(() => {
      18 |     process.env = originalEnv;
    > 19 |     (Configuration as any).instance = null;
         |      ^
      20 |   });
      21 |
      22 |   describe('Secret Key Security', () => {

      at Object.<anonymous> (src/test/security/config-security.test.ts:19:6)

FAIL src/test/context-enrichers.test.ts
  ● Context Enrichers - 機能テスト › ResourceClassifier › リソースの機密度を分類する

    expect(received).toMatchObject(expected)

    - Expected  - 4
    + Received  + 4

      Object {
    -   "dataType": "customer-data",
    +   "dataType": "unclassified",
        "sensitivityLevel": "high",
    -   "tags": ArrayContaining [
    -     "pii",
    -     "regulated",
    +   "tags": Array [
    +     "unclassified",
    +     "review-required",
        ],
      }

      319 |         const enriched = await classifier.enrich(context);
      320 |
    > 321 |         expect(enriched['resource-classifier']).toMatchObject({
          |                                                 ^
      322 |           dataType: testCase.expectedType,
      323 |           sensitivityLevel: testCase.expectedSensitivity,
      324 |           tags: expect.arrayContaining(testCase.expectedTags)

      at Object.<anonymous> (src/test/context-enrichers.test.ts:321:49)

  ● Context Enrichers - 機能テスト › ResourceClassifier › 個人情報を含むリソースを識別する

    expect(received).toBe(expected) // Object.is equality

    Expected: true
    Received: false

      346 |         const enriched = await classifier.enrich(context);
      347 |
    > 348 |         expect(enriched['resource-classifier'].isPii).toBe(true);
          |                                                       ^
      349 |         expect(enriched['resource-classifier'].tags).toContain('pii');
      350 |       }
      351 |     });

      at Object.<anonymous> (src/test/context-enrichers.test.ts:348:55)

  ● Context Enrichers - 機能テスト › SecurityInfoEnricher › 異常なアクセスパターンを検出する

    expect(received).toBeGreaterThan(expected)

    Expected: > 0
    Received:   0

      521 |       
      522 |       // 異常パターンが検出されていることを確認
    > 523 |       expect(enriched['security-info'].unusualActivity.length).toBeGreaterThan(0);
          |                                                                ^
      524 |     });
      525 |   });
      526 |

      at Object.<anonymous> (src/test/context-enrichers.test.ts:523:64)

  ● Context Enrichers - 機能テスト › ContextCollector統合テスト › 全てのenricherが協調して動作する

    expect(received).toMatchObject(expected)

    - Expected  -  12
    + Received  + 123

    @@ -1,28 +1,139 @@
      Object {
        "action": "read",
        "agent": "customer-support-agent",
    -   "environment": ObjectContaining {
    -     "enrichments": ObjectContaining {
    -       "agent-info": ObjectContaining {
    -         "agentType": Any<String>,
    -         "clearanceLevel": Any<Number>,
    -         "department": Any<String>,
    +   "environment": Object {
    +     "clientIP": "192.168.1.100",
    +     "enrichmentTime": 1,
    +     "enrichments": Object {
    +       "agent-info": Object {
    +         "activityStatus": "active-today",
    +         "ageDays": 760,
    +         "agentId": "customer-support-agent",
    +         "agentType": "support",
    +         "clearanceLevel": 2,
    +         "clearanceName": "standard",
    +         "createdAt": "2024-01-15T00:00:00.000Z",
    +         "department": "customer-service",
    +         "hasAdminPrivileges": false,
    +         "hasHighClearance": false,
    +         "inactiveDays": 0,
    +         "isExternal": false,
    +         "isInactive": false,
    +         "isNewAgent": false,
    +         "lastActivity": "2026-02-13T00:16:32.128Z",
    +         "location": "tokyo-office",
    +         "permissions": Array [
    +           "read-customer-data",
    +           "create-tickets",
    +         ],
    +         "requiresSupervision": false,
    +         "riskScore": 0.2,
    +         "supervisor": "support-manager",
    +         "tags": Array [
    +           "production",
    +           "verified",
    +         ],
    +         "trustScore": 1,
    +       },
    +       "resource-classifier": Object {
    +         "accessFrequency": Object {
    +           "daily": 54,
    +           "monthly": 1126,
    +           "trend": "stable",
    +           "weekly": 452,
    +         },
    +         "dataAge": "current",
    +         "dataController": "data-governance-team",
    +         "dataType": "unclassified",
    +         "department": "unknown",
    +         "isFinancial": false,
    +         "isPhi": false,
    +         "isPii": false,
    +         "isPublic": false,
    +         "isRegulated": false,
    +         "lineage": Object {
    +           "dependencies": Array [],
    +           "lastModified": "2026-02-13T00:16:32.133Z",
    +           "source": "original-system",
    +           "transformations": Array [
    +             "anonymized",
    +             "aggregated",
    +           ],
    +           "version": "1.0",
              },
    -       "resource-classifier": ObjectContaining {
    -         "dataType": "customer-data",
    -         "isPii": true,
    +         "owner": "unknown",
    +         "requiresAudit": false,
    +         "requiresEncryption": true,
    +         "resourceHost": "profile",
    +         "resourcePath": "/12345",
    +         "resourceScheme": "customer",
    +         "resourceUri": "customer://profile/12345",
    +         "retentionDays": 90,
              "sensitivityLevel": "high",
    +         "sensitivityScore": 0.8,
    +         "tags": Array [
    +           "unclassified",
    +           "review-required",
    +         ],
            },
    -       "security-info": ObjectContaining {
    +       "security-info": Object {
    +         "authMethod": "password",
    +         "authStrength": "medium",
              "clientIP": "192.168.1.100",
    -         "threatLevel": Any<String>,
    +         "deviceTrust": "untrusted",
    +         "geoLocation": Object {
    +           "city": "Unknown",
    +           "country": "US",
    +           "isHighRisk": false,
    +           "region": "Unknown",
    +           "timezone": "UTC",
    +         },
    +         "ipType": "external",
    +         "isInternalIP": false,
    +         "isOfficeIP": false,
    +         "isThreatIP": false,
    +         "isVpnConnection": false,
    +         "lastSuccessfulAccess": null,
    +         "mfaEnabled": false,
    +         "networkTrust": "untrusted",
    +         "recentFailedAttempts": 0,
    +         "requiresAdditionalAuth": true,
    +         "securityScore": 0.4,
    +         "sessionAge": 3528,
    +         "threatLevel": "low",
    +         "threatReasons": Array [],
    +         "unusualActivity": Array [],
    +         "vpnType": null,
    +       },
    +       "time-based": Object {
    +         "businessHoursConfig": Object {
    +           "end": 18,
    +           "start": 9,
    +           "timezone": "Asia/Tokyo",
              },
    -       "time-based": ObjectContaining {
    +         "currentTime": "2024-01-15T01:00:00.000Z",
    +         "dayOfMonth": 15,
    +         "dayOfWeek": 1,
              "dayOfWeekName": "Monday",
    +         "fiscalQuarter": 4,
    +         "fiscalYear": 2023,
    +         "hour": 10,
    +         "isBusinessDay": true,
              "isBusinessHours": true,
    +         "isHoliday": false,
    +         "isMonthEnd": false,
              "isWeekend": false,
    +         "minute": 0,
    +         "month": 1,
    +         "monthName": "January",
    +         "quarter": 1,
    +         "timeOfDay": "morning",
    +         "timeSinceBusinessStart": 60,
    +         "timeUntilBusinessEnd": 480,
    +         "timezone": "Asia/Tokyo",
    +         "year": 2024,
            },
          },
          "requestId": "req-123",
          "sessionId": "session-456",
        },

      557 |
      558 |       // 全てのenricherからの情報が統合されていることを確認
    > 559 |       expect(enrichedContext).toMatchObject({
          |                               ^
      560 |         // 基本情報
      561 |         agent: 'customer-support-agent',
      562 |         action: 'read',

      at Object.<anonymous> (src/test/context-enrichers.test.ts:559:31)

FAIL src/test/schemas/config.schema.test.ts
  ● Configuration Schema Validation Tests › Schema Structure Validation › should accept valid complete configuration

    expect(received).not.toThrow()

    Error name:    "TypeError"
    Error message: "Cannot read properties of undefined (reading 'parse')"

          58 |       };
          59 |
        > 60 |       expect(() => AEGISConfigSchema.parse(validConfig)).not.toThrow();
             |                                      ^
          61 |     });
          62 |
          63 |     it('should accept minimal valid configuration', () => {

      at src/test/schemas/config.schema.test.ts:60:38
      at Object.<anonymous> (node_modules/expect/build/toThrowMatchers.js:74:11)
      at Object.throwingMatcher [as toThrow] (node_modules/expect/build/index.js:320:21)
      at Object.<anonymous> (src/test/schemas/config.schema.test.ts:60:62)
      at Object.<anonymous> (src/test/schemas/config.schema.test.ts:60:62)

  ● Configuration Schema Validation Tests › Schema Structure Validation › should accept minimal valid configuration

    TypeError: Cannot read properties of undefined (reading 'parse')

      69 |       };
      70 |
    > 71 |       const result = AEGISConfigSchema.parse(minimalConfig);
         |                                        ^
      72 |       expect(result.llm.provider).toBe('openai');
      73 |       expect(result.llm.apiKey).toBe('test-key');
      74 |       // Check defaults are applied

      at Object.<anonymous> (src/test/schemas/config.schema.test.ts:71:40)

  ● Configuration Schema Validation Tests › LLM Configuration Schema › should validate temperature range

    expect(received).not.toThrow()

    Error name:    "TypeError"
    Error message: "Cannot read properties of undefined (reading 'parse')"

          113 |           expect(() => AEGISConfigSchema.parse(config)).toThrow();
          114 |         } else {
        > 115 |           expect(() => AEGISConfigSchema.parse(config)).not.toThrow();
              |                                          ^
          116 |         }
          117 |       });
          118 |     });

      at src/test/schemas/config.schema.test.ts:115:42
      at Object.<anonymous> (node_modules/expect/build/toThrowMatchers.js:74:11)
      at Object.throwingMatcher [as toThrow] (node_modules/expect/build/index.js:320:21)
      at src/test/schemas/config.schema.test.ts:115:61
                at Array.forEach (<anonymous>)
      at Object.<anonymous> (src/test/schemas/config.schema.test.ts:103:17)
      at src/test/schemas/config.schema.test.ts:115:61
          at Array.forEach (<anonymous>)
      at Object.<anonymous> (src/test/schemas/config.schema.test.ts:103:17)

  ● Configuration Schema Validation Tests › MCP Configuration Schema › should validate transport types

    expect(received).not.toThrow()

    Error name:    "TypeError"
    Error message: "Cannot read properties of undefined (reading 'parse')"

          151 |         };
          152 |         
        > 153 |         expect(() => AEGISConfigSchema.parse(config)).not.toThrow();
              |                                        ^
          154 |       });
          155 |
          156 |       const invalidTransport = {

      at src/test/schemas/config.schema.test.ts:153:40
      at Object.<anonymous> (node_modules/expect/build/toThrowMatchers.js:74:11)
      at Object.throwingMatcher [as toThrow] (node_modules/expect/build/index.js:320:21)
      at src/test/schemas/config.schema.test.ts:153:59
                at Array.forEach (<anonymous>)
      at Object.<anonymous> (src/test/schemas/config.schema.test.ts:147:23)
      at src/test/schemas/config.schema.test.ts:153:59
          at Array.forEach (<anonymous>)
      at Object.<anonymous> (src/test/schemas/config.schema.test.ts:147:23)

  ● Configuration Schema Validation Tests › MCP Configuration Schema › should validate port numbers

    expect(received).not.toThrow()

    Error name:    "TypeError"
    Error message: "Cannot read properties of undefined (reading 'parse')"

          181 |           expect(() => AEGISConfigSchema.parse(config)).toThrow();
          182 |         } else {
        > 183 |           expect(() => AEGISConfigSchema.parse(config)).not.toThrow();
              |                                          ^
          184 |         }
          185 |       });
          186 |     });

      at src/test/schemas/config.schema.test.ts:183:42
      at Object.<anonymous> (node_modules/expect/build/toThrowMatchers.js:74:11)
      at Object.throwingMatcher [as toThrow] (node_modules/expect/build/index.js:320:21)
      at src/test/schemas/config.schema.test.ts:183:61
                at Array.forEach (<anonymous>)
      at Object.<anonymous> (src/test/schemas/config.schema.test.ts:174:17)
      at src/test/schemas/config.schema.test.ts:183:61
          at Array.forEach (<anonymous>)
      at Object.<anonymous> (src/test/schemas/config.schema.test.ts:174:17)

  ● Configuration Schema Validation Tests › MCP Configuration Schema › should validate CORS origins are valid URLs

    expect(received).not.toThrow()

    Error name:    "TypeError"
    Error message: "Cannot read properties of undefined (reading 'parse')"

          198 |       };
          199 |
        > 200 |       expect(() => AEGISConfigSchema.parse(validOrigins)).not.toThrow();
              |                                      ^
          201 |
          202 |       const invalidOrigins = {
          203 |         llm: { provider: 'openai', apiKey: 'key' },

      at src/test/schemas/config.schema.test.ts:200:38
      at Object.<anonymous> (node_modules/expect/build/toThrowMatchers.js:74:11)
      at Object.throwingMatcher [as toThrow] (node_modules/expect/build/index.js:320:21)
      at Object.<anonymous> (src/test/schemas/config.schema.test.ts:200:63)
      at Object.<anonymous> (src/test/schemas/config.schema.test.ts:200:63)

  ● Configuration Schema Validation Tests › Security Configuration Schema › should validate secret key length

    expect(received).not.toThrow()

    Error name:    "TypeError"
    Error message: "Cannot read properties of undefined (reading 'parse')"

          229 |       };
          230 |
        > 231 |       expect(() => AEGISConfigSchema.parse(validKey)).not.toThrow();
              |                                      ^
          232 |     });
          233 |
          234 |     it('should validate encryption algorithms', () => {

      at src/test/schemas/config.schema.test.ts:231:38
      at Object.<anonymous> (node_modules/expect/build/toThrowMatchers.js:74:11)
      at Object.throwingMatcher [as toThrow] (node_modules/expect/build/index.js:320:21)
      at Object.<anonymous> (src/test/schemas/config.schema.test.ts:231:59)
      at Object.<anonymous> (src/test/schemas/config.schema.test.ts:231:59)

  ● Configuration Schema Validation Tests › Security Configuration Schema › should validate encryption algorithms

    expect(received).not.toThrow()

    Error name:    "TypeError"
    Error message: "Cannot read properties of undefined (reading 'parse')"

          244 |         };
          245 |         
        > 246 |         expect(() => AEGISConfigSchema.parse(config)).not.toThrow();
              |                                        ^
          247 |       });
          248 |
          249 |       const invalidAlgorithm = {

      at src/test/schemas/config.schema.test.ts:246:40
      at Object.<anonymous> (node_modules/expect/build/toThrowMatchers.js:74:11)
      at Object.throwingMatcher [as toThrow] (node_modules/expect/build/index.js:320:21)
      at src/test/schemas/config.schema.test.ts:246:59
                at Array.forEach (<anonymous>)
      at Object.<anonymous> (src/test/schemas/config.schema.test.ts:237:23)
      at src/test/schemas/config.schema.test.ts:246:59
          at Array.forEach (<anonymous>)
      at Object.<anonymous> (src/test/schemas/config.schema.test.ts:237:23)

  ● Configuration Schema Validation Tests › Cache Configuration Schema › should validate cache strategies

    expect(received).not.toThrow()

    Error name:    "TypeError"
    Error message: "Cannot read properties of undefined (reading 'parse')"

          281 |         };
          282 |         
        > 283 |         expect(() => AEGISConfigSchema.parse(config)).not.toThrow();
              |                                        ^
          284 |       });
          285 |
          286 |       const invalidStrategy = {

      at src/test/schemas/config.schema.test.ts:283:40
      at Object.<anonymous> (node_modules/expect/build/toThrowMatchers.js:74:11)
      at Object.throwingMatcher [as toThrow] (node_modules/expect/build/index.js:320:21)
      at src/test/schemas/config.schema.test.ts:283:59
                at Array.forEach (<anonymous>)
      at Object.<anonymous> (src/test/schemas/config.schema.test.ts:277:23)
      at src/test/schemas/config.schema.test.ts:283:59
          at Array.forEach (<anonymous>)
      at Object.<anonymous> (src/test/schemas/config.schema.test.ts:277:23)

  ● Configuration Schema Validation Tests › Monitoring Configuration Schema › should validate log levels

    expect(received).not.toThrow()

    Error name:    "TypeError"
    Error message: "Cannot read properties of undefined (reading 'parse')"

          321 |         };
          322 |         
        > 323 |         expect(() => AEGISConfigSchema.parse(config)).not.toThrow();
              |                                        ^
          324 |       });
          325 |
          326 |       const invalidLevel = {

      at src/test/schemas/config.schema.test.ts:323:40
      at Object.<anonymous> (node_modules/expect/build/toThrowMatchers.js:74:11)
      at Object.throwingMatcher [as toThrow] (node_modules/expect/build/index.js:320:21)
      at src/test/schemas/config.schema.test.ts:323:59
                at Array.forEach (<anonymous>)
      at Object.<anonymous> (src/test/schemas/config.schema.test.ts:317:19)
      at src/test/schemas/config.schema.test.ts:323:59
          at Array.forEach (<anonymous>)
      at Object.<anonymous> (src/test/schemas/config.schema.test.ts:317:19)

  ● Configuration Schema Validation Tests › Policy Configuration Schema › should validate strictness levels

    expect(received).not.toThrow()

    Error name:    "TypeError"
    Error message: "Cannot read properties of undefined (reading 'parse')"

          369 |         };
          370 |         
        > 371 |         expect(() => AEGISConfigSchema.parse(config)).not.toThrow();
              |                                        ^
          372 |       });
          373 |
          374 |       const invalidLevel = {

      at src/test/schemas/config.schema.test.ts:371:40
      at Object.<anonymous> (node_modules/expect/build/toThrowMatchers.js:74:11)
      at Object.throwingMatcher [as toThrow] (node_modules/expect/build/index.js:320:21)
      at src/test/schemas/config.schema.test.ts:371:59
                at Array.forEach (<anonymous>)
      at Object.<anonymous> (src/test/schemas/config.schema.test.ts:365:19)
      at src/test/schemas/config.schema.test.ts:371:59
          at Array.forEach (<anonymous>)
      at Object.<anonymous> (src/test/schemas/config.schema.test.ts:365:19)

  ● Configuration Schema Validation Tests › Environment Variable Transformation › should transform environment variables to nested config

    expect(received).toBeDefined()

    Received: undefined

      407 |       // This would need a transformation function that's tested
      408 |       // Document that the schema should support env var transformation
    > 409 |       expect(AEGISConfigSchema).toBeDefined();
          |                                 ^
      410 |     });
      411 |   });
      412 |

      at Object.<anonymous> (src/test/schemas/config.schema.test.ts:409:33)

  ● Configuration Schema Validation Tests › Schema Compatibility › should be compatible with AEGISConfig type

    TypeError: Cannot read properties of undefined (reading 'parse')

      454 |       };
      455 |
    > 456 |       const parsed = AEGISConfigSchema.parse(config);
          |                                        ^
      457 |       
      458 |       // Type assertion to ensure compatibility
      459 |       const _typeCheck: z.infer<typeof AEGISConfigSchema> = parsed;

      at Object.<anonymous> (src/test/schemas/config.schema.test.ts:456:40)

FAIL test/policy/policy-detector.test.ts
  ● PolicyFormatDetector › 形式不明のケース › 無関係なテキストは形式不明

    expect(received).toBe(expected) // Object.is equality

    Expected: "UNKNOWN"
    Received: "NATURAL_LANGUAGE"

      105 |       const result = PolicyFormatDetector.detect(randomText);
      106 |       
    > 107 |       expect(result.format).toBe('UNKNOWN');
          |                             ^
      108 |       expect(result.confidence).toBeLessThan(0.5);
      109 |     });
      110 |

      at Object.<anonymous> (test/policy/policy-detector.test.ts:107:29)

  ● PolicyFormatDetector › 複数ポリシーからの形式推定 › すべて不明な場合

    expect(received).toBe(expected) // Object.is equality

    Expected: "UNKNOWN"
    Received: "NATURAL_LANGUAGE"

      162 |       const bestFormat = PolicyFormatDetector.detectBestFormat(policies);
      163 |       
    > 164 |       expect(bestFormat).toBe('UNKNOWN');
          |                          ^
      165 |     });
      166 |   });
      167 |

      at Object.<anonymous> (test/policy/policy-detector.test.ts:164:26)

  ● PolicyFormatDetector › 境界ケース › 大量のテキストを含むポリシー

    expect(received).toBeGreaterThan(expected)

    Expected: > 0.8
    Received:   0.75

      224 |       
      225 |       expect(result.format).toBe('NATURAL_LANGUAGE');
    > 226 |       expect(result.confidence).toBeGreaterThan(0.8);
          |                                 ^
      227 |     });
      228 |   });
      229 | });

      at Object.<anonymous> (test/policy/policy-detector.test.ts:226:33)

FAIL test/mcp/tool-discovery.test.ts
  ● ToolDiscoveryService › Native Tools Registration › should register all native tools on initialization

    expect(received).toBe(expected) // Object.is equality

    Expected: true
    Received: false

      47 |       
      48 |       // Check some native tools are registered
    > 49 |       expect(tools.some(t => t.name === 'Agent')).toBe(true);
         |                                                   ^
      50 |       expect(tools.some(t => t.name === 'Bash')).toBe(true);
      51 |       expect(tools.some(t => t.name === 'Edit')).toBe(true);
      52 |       expect(tools.some(t => t.name === 'Read')).toBe(true);

      at Object.<anonymous> (test/mcp/tool-discovery.test.ts:49:51)

  ● ToolDiscoveryService › Native Tools Registration › should apply policy control to native tools

    expect(received).toBe(expected) // Object.is equality

    Expected: true
    Received: undefined

      62 |       // Default enabled tools should have policy control
      63 |       const bashTool = tools.find(t => t.name === 'Bash');
    > 64 |       expect(bashTool?.policyControlled).toBe(true);
         |                                          ^
      65 |       
      66 |       // Exception tools should not have policy control
      67 |       const todoRead = tools.find(t => t.name === 'TodoRead');

      at Object.<anonymous> (test/mcp/tool-discovery.test.ts:64:42)

  ● ToolDiscoveryService › Tool Discovery › should discover tools from configured sources

    TypeError: service.discoverTools is not a function

      112 |       
      113 |       service = new ToolDiscoveryService(config, mockLogger);
    > 114 |       await service.discoverTools();
          |                     ^
      115 |       
      116 |       const tools = service.getAllTools();
      117 |       

      at Object.<anonymous> (test/mcp/tool-discovery.test.ts:114:21)

  ● ToolDiscoveryService › Tool Discovery › should handle discovery errors gracefully

    TypeError: service.discoverTools is not a function

      138 |       
      139 |       service = new ToolDiscoveryService(config, mockLogger);
    > 140 |       await service.discoverTools();
          |                     ^
      141 |       
      142 |       // Should log error but not throw
      143 |       expect(mockLogger.error).toHaveBeenCalledWith(

      at Object.<anonymous> (test/mcp/tool-discovery.test.ts:140:21)

  ● ToolDiscoveryService › Tool Discovery › should apply policy control based on exceptions

    TypeError: service.discoverTools is not a function

      177 |       
      178 |       service = new ToolDiscoveryService(config, mockLogger);
    > 179 |       await service.discoverTools();
          |                     ^
      180 |       
      181 |       const tools = service.getAllTools();
      182 |       

      at Object.<anonymous> (test/mcp/tool-discovery.test.ts:179:21)

  ● ToolDiscoveryService › Tool Filtering › should filter tools by policy control status

    TypeError: service.getNonPolicyControlledTools is not a function

      192 |     it('should filter tools by policy control status', () => {
      193 |       const policyControlledTools = service.getPolicyControlledTools();
    > 194 |       const nonPolicyControlledTools = service.getNonPolicyControlledTools();
          |                                                ^
      195 |       
      196 |       // All policy controlled tools should have policyControlled = true
      197 |       policyControlledTools.forEach(tool => {

      at Object.<anonymous> (test/mcp/tool-discovery.test.ts:194:48)

  ● ToolDiscoveryService › Tool Filtering › should get tool by name

    TypeError: service.getToolByName is not a function

      211 |
      212 |     it('should get tool by name', () => {
    > 213 |       const bashTool = service.getToolByName('Bash');
          |                                ^
      214 |       expect(bashTool).toBeDefined();
      215 |       expect(bashTool?.name).toBe('Bash');
      216 |       

      at Object.<anonymous> (test/mcp/tool-discovery.test.ts:213:32)

  ● ToolDiscoveryService › Tool Prefixing › should check if tool name has prefix

    TypeError: service.hasToolPrefix is not a function

      222 |   describe('Tool Prefixing', () => {
      223 |     it('should check if tool name has prefix', () => {
    > 224 |       expect(service.hasToolPrefix('filesystem__read_file')).toBe(true);
          |                      ^
      225 |       expect(service.hasToolPrefix('execution-server__run_command')).toBe(true);
      226 |       expect(service.hasToolPrefix('simple_tool')).toBe(false);
      227 |     });

      at Object.<anonymous> (test/mcp/tool-discovery.test.ts:224:22)

  ● ToolDiscoveryService › Tool Prefixing › should extract prefix from tool name

    TypeError: service.getToolPrefix is not a function

      228 |
      229 |     it('should extract prefix from tool name', () => {
    > 230 |       expect(service.getToolPrefix('filesystem__read_file')).toBe('filesystem');
          |                      ^
      231 |       expect(service.getToolPrefix('execution-server__run_command'))
      232 |         .toBe('execution-server');
      233 |       expect(service.getToolPrefix('simple_tool')).toBeNull();

      at Object.<anonymous> (test/mcp/tool-discovery.test.ts:230:22)

  ● ToolDiscoveryService › Tool Prefixing › should strip prefix from tool name

    TypeError: service.stripToolPrefix is not a function

      235 |
      236 |     it('should strip prefix from tool name', () => {
    > 237 |       expect(service.stripToolPrefix('filesystem__read_file')).toBe('read_file');
          |                      ^
      238 |       expect(service.stripToolPrefix('execution-server__run_command'))
      239 |         .toBe('run_command');
      240 |       expect(service.stripToolPrefix('simple_tool')).toBe('simple_tool');

      at Object.<anonymous> (test/mcp/tool-discovery.test.ts:237:22)

  ● ToolDiscoveryService › Configuration Updates › should update policy control configuration

    TypeError: service.getToolByName is not a function

      245 |     it('should update policy control configuration', () => {
      246 |       // Initial state
    > 247 |       let bashTool = service.getToolByName('Bash');
          |                              ^
      248 |       expect(bashTool?.policyControlled).toBe(true);
      249 |       
      250 |       // Update config to exclude Bash

      at Object.<anonymous> (test/mcp/tool-discovery.test.ts:247:30)

  ● ToolDiscoveryService › Configuration Updates › should handle defaultEnabled = false correctly

    TypeError: service.updatePolicyControl is not a function

      260 |
      261 |     it('should handle defaultEnabled = false correctly', () => {
    > 262 |       service.updatePolicyControl({
          |               ^
      263 |         defaultEnabled: false,
      264 |         exceptions: ['Bash'] // This should be enabled as exception
      265 |       });

      at Object.<anonymous> (test/mcp/tool-discovery.test.ts:262:15)

  ● ToolDiscoveryService › Integration Tests › should handle complete workflow

    TypeError: service.discoverTools is not a function

      302 |       
      303 |       service = new ToolDiscoveryService(config, mockLogger);
    > 304 |       await service.discoverTools();
          |                     ^
      305 |       
      306 |       const allTools = service.getAllTools();
      307 |       const nativeTools = allTools.filter(t => t.source === ToolSource.NATIVE);

      at Object.<anonymous> (test/mcp/tool-discovery.test.ts:304:21)

FAIL src/test/mcp/tool-discovery.test.ts
  ● ToolDiscoveryService › Native Tools Registration › should register all native tools on initialization

    expect(received).toBe(expected) // Object.is equality

    Expected: true
    Received: false

      47 |       
      48 |       // Check some native tools are registered
    > 49 |       expect(tools.some(t => t.name === 'Agent')).toBe(true);
         |                                                   ^
      50 |       expect(tools.some(t => t.name === 'Bash')).toBe(true);
      51 |       expect(tools.some(t => t.name === 'Edit')).toBe(true);
      52 |       

      at Object.<anonymous> (src/test/mcp/tool-discovery.test.ts:49:51)

  ● ToolDiscoveryService › Native Tools Registration › should apply policy control based on risk level

    expect(received).toBe(expected) // Object.is equality

    Expected: true
    Received: undefined

      91 |       const read = service.getTool('Read');
      92 |       
    > 93 |       expect(agent?.source.policyControlled).toBe(true); // High risk
         |                                              ^
      94 |       expect(read?.source.policyControlled).toBe(true); // Low risk but not in exceptions
      95 |     });
      96 |

      at Object.<anonymous> (src/test/mcp/tool-discovery.test.ts:93:46)

  ● ToolDiscoveryService › Native Tools Registration › should respect exceptions list

    expect(received).toBe(expected) // Object.is equality

    Expected: false
    Received: undefined

       99 |       const ls = service.getTool('LS');
      100 |       
    > 101 |       expect(todoRead?.source.policyControlled).toBe(false);
          |                                                 ^
      102 |       expect(ls?.source.policyControlled).toBe(false);
      103 |     });
      104 |   });

      at Object.<anonymous> (src/test/mcp/tool-discovery.test.ts:101:49)

  ● ToolDiscoveryService › Policy Control › should force policy control for high-risk tools

    expect(received).toBe(expected) // Object.is equality

    Expected: "high"
    Received: "medium"

      254 |       // For test, we'll use the risk assessment method
      255 |       const bashRisk = serviceHighRisk.assessToolRisk('Bash');
    > 256 |       expect(bashRisk).toBe('high');
          |                        ^
      257 |     });
      258 |   });
      259 |

      at Object.<anonymous> (src/test/mcp/tool-discovery.test.ts:256:24)

  ● ToolDiscoveryService › Tool Risk Assessment › should assess risk based on tool metadata

    expect(received).toBe(expected) // Object.is equality

    Expected: "high"
    Received: "medium"

      261 |     it('should assess risk based on tool metadata', () => {
      262 |       // Native tools have risk metadata
    > 263 |       expect(service.assessToolRisk('Agent')).toBe('high');
          |                                               ^
      264 |       expect(service.assessToolRisk('Edit')).toBe('medium');
      265 |       expect(service.assessToolRisk('Read')).toBe('low');
      266 |     });

      at Object.<anonymous> (src/test/mcp/tool-discovery.test.ts:263:47)

  ● ToolDiscoveryService › Tool Queries › should get policy-controlled tools only

    expect(received).toBeDefined()

    Received: undefined

      307 |       // Should include high-risk tools
      308 |       const agent = controlledTools.find(t => t.name === 'Agent');
    > 309 |       expect(agent).toBeDefined();
          |                     ^
      310 |     });
      311 |
      312 |     it('should get specific tool by name', () => {

      at Object.<anonymous> (src/test/mcp/tool-discovery.test.ts:309:21)

FAIL src/test/dynamic-tool-discovery.test.ts
  ● DynamicToolDiscoveryService › 初期化 › 正しく初期化される

    expect(jest.fn()).toHaveBeenCalled()

    Expected number of calls: >= 1
    Received number of calls:    0

      55 |     it('正しく初期化される', () => {
      56 |       expect(service).toBeDefined();
    > 57 |       expect(Logger).toHaveBeenCalled();
         |                      ^
      58 |     });
      59 |
      60 |     it('リフレッシュ間隔が設定されている場合、定期実行を設定する', () => {

      at Object.<anonymous> (src/test/dynamic-tool-discovery.test.ts:57:22)

  ● DynamicToolDiscoveryService › リスク評価 › 高リスクパターンを正しく検出する

    expect(jest.fn()).toHaveBeenCalledTimes(expected)

    Expected number of calls: 8
    Received number of calls: 4

      252 |
      253 |       // 各ツールが高リスクとして登録されることを確認
    > 254 |       expect(mockLogger.info).toHaveBeenCalledTimes(highRiskTools.length * 2); // 発見ログ + 登録ログ
          |                               ^
      255 |       
      256 |       highRiskTools.forEach(tool => {
      257 |         expect(mockLogger.info).toHaveBeenCalledWith(

      at Object.<anonymous> (src/test/dynamic-tool-discovery.test.ts:254:31)

  ● DynamicToolDiscoveryService › リスク評価 › カスタムルールによるリスク評価を適用する

    expect(jest.fn()).toHaveBeenCalledWith(...expected)

    Expected: "Registered dynamic tool", ObjectContaining {"name": "custom_high_risk", "risk": "high"}
    Received
           1: "Registered dynamic tool", {"category": "general", "name": "custom_high_risk", "policyEnforced": true, "risk": "medium", "source": "test-source"}
           2: "Registered dynamic tool", {"category": "general", "name": "custom_low_risk", "policyEnforced": true, "risk": "medium", "source": "test-source"}

    Number of calls: 2

      321 |
      322 |       // execパターンがhighRiskPatternsに含まれているため
    > 323 |       expect(mockLogger.info).toHaveBeenCalledWith(
          |                               ^
      324 |         'Registered dynamic tool',
      325 |         expect.objectContaining({
      326 |           name: 'custom_high_risk',

      at Object.<anonymous> (src/test/dynamic-tool-discovery.test.ts:323:31)

  ● DynamicToolDiscoveryService › ポリシー設定の決定 › 信頼できるソースからのツールは許可される

    expect(jest.fn()).toHaveBeenCalledWith(...expected)

    Expected: "Registered dynamic tool", ObjectContaining {"name": "trusted-tool", "policyEnforced": false, "source": "official-mcp-server"}
    Received: "Registered dynamic tool", {"category": "general", "name": "trusted-tool", "policyEnforced": true, "risk": "medium", "source": "official-mcp-server"}

    Number of calls: 1

      369 |       );
      370 |
    > 371 |       expect(mockLogger.info).toHaveBeenCalledWith(
          |                               ^
      372 |         'Registered dynamic tool',
      373 |         expect.objectContaining({
      374 |           name: 'trusted-tool',

      at Object.<anonymous> (src/test/dynamic-tool-discovery.test.ts:371:31)

  ● DynamicToolDiscoveryService › ポリシー設定の決定 › smartモードで低リスクツールは許可される

    expect(jest.fn()).toHaveBeenCalledWith(...expected)

    Expected: "Registered dynamic tool", ObjectContaining {"name": "read_data", "policyEnforced": false, "risk": "low"}
    Received: "Registered dynamic tool", {"category": "data", "name": "read_data", "policyEnforced": true, "risk": "low", "source": "unknown-source"}

    Number of calls: 1

      445 |       await service.discoverToolsFromListResponse({ tools: [tool] }, 'unknown-source');
      446 |
    > 447 |       expect(mockLogger.info).toHaveBeenCalledWith(
          |                               ^
      448 |         'Registered dynamic tool',
      449 |         expect.objectContaining({
      450 |           name: 'read_data',

      at Object.<anonymous> (src/test/dynamic-tool-discovery.test.ts:447:31)

  ● DynamicToolDiscoveryService › ツールのカテゴリ分類 › 複数のツールを同じカテゴリに分類する

    expect(jest.fn()).toHaveBeenCalledWith(...expected)

    Expected: "Registered dynamic tool", ObjectContaining {"category": "file-management", "name": "read_file"}
    Received
           1: "Registered dynamic tool", {"category": "filesystem", "name": "read_file", "policyEnforced": true, "risk": "low", "source": "test-source"}
           2: "Registered dynamic tool", {"category": "filesystem", "name": "write_file", "policyEnforced": true, "risk": "medium", "source": "test-source"}
           3: "Registered dynamic tool", {"category": "filesystem", "name": "delete_file", "policyEnforced": true, "risk": "high", "source": "test-source"}

    Number of calls: 3

      490 |       // すべてファイル管理カテゴリに分類されることを期待
      491 |       fileTools.forEach(tool => {
    > 492 |         expect(mockLogger.info).toHaveBeenCalledWith(
          |                                 ^
      493 |           'Registered dynamic tool',
      494 |           expect.objectContaining({
      495 |             name: tool.name,

      at src/test/dynamic-tool-discovery.test.ts:492:33
          at Array.forEach (<anonymous>)
      at Object.<anonymous> (src/test/dynamic-tool-discovery.test.ts:491:17)

  ● DynamicToolDiscoveryService › パブリックメソッド › カテゴリ別にツールを取得できる

    expect(received).toBeGreaterThanOrEqual(expected)

    Matcher error: received value must be a number or bigint

    Received has value: undefined

      601 |
      602 |       const fileTools = getToolsByCategory('file-management');
    > 603 |       expect(fileTools?.size).toBeGreaterThanOrEqual(2);
          |                               ^
      604 |       
      605 |       const execTools = getToolsByCategory('execution');
      606 |       expect(execTools?.has('exec_command')).toBe(true);

      at Object.<anonymous> (src/test/dynamic-tool-discovery.test.ts:603:31)

FAIL test/context-enrichers.test.ts
  ● Context Enrichers - 機能テスト › ResourceClassifier › リソースの機密度を分類する

    expect(received).toMatchObject(expected)

    - Expected  - 4
    + Received  + 4

      Object {
    -   "dataType": "customer-data",
    +   "dataType": "unclassified",
        "sensitivityLevel": "high",
    -   "tags": ArrayContaining [
    -     "pii",
    -     "regulated",
    +   "tags": Array [
    +     "unclassified",
    +     "review-required",
        ],
      }

      319 |         const enriched = await classifier.enrich(context);
      320 |
    > 321 |         expect(enriched['resource-classifier']).toMatchObject({
          |                                                 ^
      322 |           dataType: testCase.expectedType,
      323 |           sensitivityLevel: testCase.expectedSensitivity,
      324 |           tags: expect.arrayContaining(testCase.expectedTags)

      at Object.<anonymous> (test/context-enrichers.test.ts:321:49)

  ● Context Enrichers - 機能テスト › ResourceClassifier › 個人情報を含むリソースを識別する

    expect(received).toBe(expected) // Object.is equality

    Expected: true
    Received: false

      346 |         const enriched = await classifier.enrich(context);
      347 |
    > 348 |         expect(enriched['resource-classifier'].isPii).toBe(true);
          |                                                       ^
      349 |         expect(enriched['resource-classifier'].tags).toContain('pii');
      350 |       }
      351 |     });

      at Object.<anonymous> (test/context-enrichers.test.ts:348:55)

  ● Context Enrichers - 機能テスト › SecurityInfoEnricher › 異常なアクセスパターンを検出する

    expect(received).toBeGreaterThan(expected)

    Expected: > 0
    Received:   0

      521 |       
      522 |       // 異常パターンが検出されていることを確認
    > 523 |       expect(enriched['security-info'].unusualActivity.length).toBeGreaterThan(0);
          |                                                                ^
      524 |     });
      525 |   });
      526 |

      at Object.<anonymous> (test/context-enrichers.test.ts:523:64)

  ● Context Enrichers - 機能テスト › ContextCollector統合テスト › 全てのenricherが協調して動作する

    expect(received).toMatchObject(expected)

    - Expected  -  12
    + Received  + 123

    @@ -1,28 +1,139 @@
      Object {
        "action": "read",
        "agent": "customer-support-agent",
    -   "environment": ObjectContaining {
    -     "enrichments": ObjectContaining {
    -       "agent-info": ObjectContaining {
    -         "agentType": Any<String>,
    -         "clearanceLevel": Any<Number>,
    -         "department": Any<String>,
    +   "environment": Object {
    +     "clientIP": "192.168.1.100",
    +     "enrichmentTime": 0,
    +     "enrichments": Object {
    +       "agent-info": Object {
    +         "activityStatus": "active-today",
    +         "ageDays": 760,
    +         "agentId": "customer-support-agent",
    +         "agentType": "support",
    +         "clearanceLevel": 2,
    +         "clearanceName": "standard",
    +         "createdAt": "2024-01-15T00:00:00.000Z",
    +         "department": "customer-service",
    +         "hasAdminPrivileges": false,
    +         "hasHighClearance": false,
    +         "inactiveDays": 0,
    +         "isExternal": false,
    +         "isInactive": false,
    +         "isNewAgent": false,
    +         "lastActivity": "2026-02-13T00:16:32.418Z",
    +         "location": "tokyo-office",
    +         "permissions": Array [
    +           "read-customer-data",
    +           "create-tickets",
    +         ],
    +         "requiresSupervision": false,
    +         "riskScore": 0.2,
    +         "supervisor": "support-manager",
    +         "tags": Array [
    +           "production",
    +           "verified",
    +         ],
    +         "trustScore": 1,
    +       },
    +       "resource-classifier": Object {
    +         "accessFrequency": Object {
    +           "daily": 1,
    +           "monthly": 1977,
    +           "trend": "stable",
    +           "weekly": 408,
    +         },
    +         "dataAge": "current",
    +         "dataController": "data-governance-team",
    +         "dataType": "unclassified",
    +         "department": "unknown",
    +         "isFinancial": false,
    +         "isPhi": false,
    +         "isPii": false,
    +         "isPublic": false,
    +         "isRegulated": false,
    +         "lineage": Object {
    +           "dependencies": Array [],
    +           "lastModified": "2026-02-13T00:16:32.419Z",
    +           "source": "original-system",
    +           "transformations": Array [
    +             "anonymized",
    +             "aggregated",
    +           ],
    +           "version": "1.0",
              },
    -       "resource-classifier": ObjectContaining {
    -         "dataType": "customer-data",
    -         "isPii": true,
    +         "owner": "unknown",
    +         "requiresAudit": false,
    +         "requiresEncryption": true,
    +         "resourceHost": "profile",
    +         "resourcePath": "/12345",
    +         "resourceScheme": "customer",
    +         "resourceUri": "customer://profile/12345",
    +         "retentionDays": 90,
              "sensitivityLevel": "high",
    +         "sensitivityScore": 0.8,
    +         "tags": Array [
    +           "unclassified",
    +           "review-required",
    +         ],
            },
    -       "security-info": ObjectContaining {
    +       "security-info": Object {
    +         "authMethod": "password",
    +         "authStrength": "medium",
              "clientIP": "192.168.1.100",
    -         "threatLevel": Any<String>,
    +         "deviceTrust": "untrusted",
    +         "geoLocation": Object {
    +           "city": "Unknown",
    +           "country": "US",
    +           "isHighRisk": false,
    +           "region": "Unknown",
    +           "timezone": "UTC",
    +         },
    +         "ipType": "external",
    +         "isInternalIP": false,
    +         "isOfficeIP": false,
    +         "isThreatIP": false,
    +         "isVpnConnection": false,
    +         "lastSuccessfulAccess": null,
    +         "mfaEnabled": false,
    +         "networkTrust": "untrusted",
    +         "recentFailedAttempts": 0,
    +         "requiresAdditionalAuth": true,
    +         "securityScore": 0.4,
    +         "sessionAge": 2247,
    +         "threatLevel": "low",
    +         "threatReasons": Array [],
    +         "unusualActivity": Array [],
    +         "vpnType": null,
    +       },
    +       "time-based": Object {
    +         "businessHoursConfig": Object {
    +           "end": 18,
    +           "start": 9,
    +           "timezone": "Asia/Tokyo",
              },
    -       "time-based": ObjectContaining {
    +         "currentTime": "2024-01-15T01:00:00.000Z",
    +         "dayOfMonth": 15,
    +         "dayOfWeek": 1,
              "dayOfWeekName": "Monday",
    +         "fiscalQuarter": 4,
    +         "fiscalYear": 2023,
    +         "hour": 10,
    +         "isBusinessDay": true,
              "isBusinessHours": true,
    +         "isHoliday": false,
    +         "isMonthEnd": false,
              "isWeekend": false,
    +         "minute": 0,
    +         "month": 1,
    +         "monthName": "January",
    +         "quarter": 1,
    +         "timeOfDay": "morning",
    +         "timeSinceBusinessStart": 60,
    +         "timeUntilBusinessEnd": 480,
    +         "timezone": "Asia/Tokyo",
    +         "year": 2024,
            },
          },
          "requestId": "req-123",
          "sessionId": "session-456",
        },

      557 |
      558 |       // 全てのenricherからの情報が統合されていることを確認
    > 559 |       expect(enrichedContext).toMatchObject({
          |                               ^
      560 |         // 基本情報
      561 |         agent: 'customer-support-agent',
      562 |         action: 'read',

      at Object.<anonymous> (test/context-enrichers.test.ts:559:31)

FAIL src/test/utils-config.test.ts
  ● Config › 基本設定 › デフォルト値で初期化される

    expect(received).toBe(expected) // Object.is equality

    Expected: "development"
    Received: "test"

      33 |       const config = new Config();
      34 |
    > 35 |       expect(config.nodeEnv).toBe('development');
         |                              ^
      36 |       expect(config.port).toBe(3000);
      37 |       expect(config.logLevel).toBe('info');
      38 |     });

      at Object.<anonymous> (src/test/utils-config.test.ts:35:30)

  ● Config › 基本設定 › 環境変数から値を読み込む

    [Config] Secret key must be changed in production environment

      175 |     // セキュリティ設定検証
      176 |     if (this.config.nodeEnv === 'production' && this.config.secretKey === DEFAULT_SECRET_KEY) {
    > 177 |       throw new Error('[Config] Secret key must be changed in production environment');
          |             ^
      178 |     }
      179 |
      180 |     if (this.config.nodeEnv === 'production' && (!this.config.secretKey || this.config.secretKey.length < MIN_SECRET_KEY_LENGTH)) {

      at Config.validateConfig (src/utils/config.ts:177:13)
      at new Config (src/utils/config.ts:87:10)
      at Object.<anonymous> (src/test/utils-config.test.ts:45:22)

  ● Config › LLM設定 › デフォルトのLLM設定を使用する

    expect(received).toEqual(expected) // deep equality

    - Expected  - 2
    + Received  + 2

      Object {
        "apiKey": "",
        "baseURL": undefined,
        "maxTokens": 4096,
    -   "model": "gpt-4",
    -   "provider": "openai",
    +   "model": "claude-opus-4-20250514",
    +   "provider": "anthropic",
        "temperature": 0.3,
      }

      67 |       const config = new Config();
      68 |
    > 69 |       expect(config.llm).toEqual({
         |                          ^
      70 |         provider: 'openai',
      71 |         apiKey: '',
      72 |         model: 'gpt-4',

      at Object.<anonymous> (src/test/utils-config.test.ts:69:26)

  ● Config › セキュリティ設定 › 本番環境でカスタムシークレットキーを使用すると正常に動作する

    expect(received).not.toThrow()

    Error name:    "Error"
    Error message: "[Config] Secret key must be at least 32 characters long in production"

          179 |
          180 |     if (this.config.nodeEnv === 'production' && (!this.config.secretKey || this.config.secretKey.length < MIN_SECRET_KEY_LENGTH)) {
        > 181 |       throw new Error('[Config] Secret key must be at least 32 characters long in production');
              |             ^
          182 |     }
          183 |
          184 |     // ポート番号検証

      at Config.validateConfig (src/utils/config.ts:181:13)
      at new Config (src/utils/config.ts:87:10)
      at src/test/utils-config.test.ts:277:20
      at Object.<anonymous> (node_modules/expect/build/toThrowMatchers.js:74:11)
      at Object.throwingMatcher [as toThrow] (node_modules/expect/build/index.js:320:21)
      at Object.<anonymous> (src/test/utils-config.test.ts:277:38)
      at Object.<anonymous> (src/test/utils-config.test.ts:277:38)

  ● Config › 上流サーバーのパース › 空白を含む設定も処理する

    expect(received).toEqual(expected) // deep equality

    - Expected  - 2
    + Received  + 2

      Object {
    -   "server1": "http://server1.com",
    -   "server2": "http://server2.com",
    +   "server1 ": " http://server1.com",
    +   "server2 ": " http://server2.com",
      }

      306 |       const config = new Config();
      307 |
    > 308 |       expect(config.mcpProxy.upstreamServers).toEqual({
          |                                               ^
      309 |         server1: 'http://server1.com',
      310 |         server2: 'http://server2.com'
      311 |       });

      at Object.<anonymous> (src/test/utils-config.test.ts:308:47)

  ● Config › 環境チェックメソッド › isProductionが正しく動作する

    [Config] Secret key must be at least 32 characters long in production

      179 |
      180 |     if (this.config.nodeEnv === 'production' && (!this.config.secretKey || this.config.secretKey.length < MIN_SECRET_KEY_LENGTH)) {
    > 181 |       throw new Error('[Config] Secret key must be at least 32 characters long in production');
          |             ^
      182 |     }
      183 |
      184 |     // ポート番号検証

      at Config.validateConfig (src/utils/config.ts:181:13)
      at new Config (src/utils/config.ts:87:10)
      at Object.<anonymous> (src/test/utils-config.test.ts:346:22)

  ● Config › 設定検証 › APIキーが設定されていない場合に警告を出力する

    expect(jest.fn()).toHaveBeenCalledWith(...expected)

    Expected: "[Config] Warning: OpenAI API key not set. Set OPENAI_API_KEY environment variable."

    Number of calls: 0

      366 |       new Config();
      367 |
    > 368 |       expect(consoleErrorSpy).toHaveBeenCalledWith(
          |                               ^
      369 |         '[Config] Warning: OpenAI API key not set. Set OPENAI_API_KEY environment variable.'
      370 |       );
      371 |     });

      at Object.<anonymous> (src/test/utils-config.test.ts:368:31)

  ● Config › 設定検証 › 設定が正常にロードされたことをログ出力する

    expect(jest.fn()).toHaveBeenCalledWith(...expected)

    Expected: "[Config] Configuration loaded successfully"

    Number of calls: 0

      411 |       new Config();
      412 |
    > 413 |       expect(consoleErrorSpy).toHaveBeenCalledWith('[Config] Configuration loaded successfully');
          |                               ^
      414 |       expect(consoleErrorSpy).toHaveBeenCalledWith('[Config] Environment: development');
      415 |       expect(consoleErrorSpy).toHaveBeenCalledWith('[Config] LLM Provider: openai');
      416 |       expect(consoleErrorSpy).toHaveBeenCalledWith('[Config] LLM Model: gpt-4');

      at Object.<anonymous> (src/test/utils-config.test.ts:413:31)

  ● Config › toJSON › 機密情報をマスクして出力する

    expect(received).toBe(expected) // Object.is equality

    Expected: "[REDACTED]"
    Received: "[NOT_SET]"

      427 |       const json = config.toJSON();
      428 |
    > 429 |       expect(json.llm?.apiKey).toBe('[REDACTED]');
          |                                ^
      430 |       expect(json.secretKey).toBe('[REDACTED]');
      431 |       expect(json.jwtSecret).toBe('[REDACTED]');
      432 |     });

      at Object.<anonymous> (src/test/utils-config.test.ts:429:32)

  ● Config › dotenv設定 › dotenv.configがoverride: falseで呼ばれる

    expect(jest.fn()).toHaveBeenCalledWith(...expected)

    Expected: {"override": false}

    Number of calls: 0

      462 |       new Config();
      463 |
    > 464 |       expect(dotenv.config).toHaveBeenCalledWith({ override: false });
          |                             ^
      465 |     });
      466 |   });
      467 | });

      at Object.<anonymous> (src/test/utils-config.test.ts:464:29)

FAIL src/test/mcp-stdio-proxy-extended.test.ts (7.205 s)
  ● MCPStdioPolicyProxy - 拡張機能テスト › ポリシーローダー機能 › アクティブポリシーを優先的に使用する

    TypeError: this.stdioRouter.on is not a function

      1529 |   private setupNotificationHandling(): void {
      1530 |     // StdioRouterからのupstreamNotificationイベントを購読
    > 1531 |     this.stdioRouter.on('upstreamNotification', (event: {
           |                      ^
      1532 |       serverName: string;
      1533 |       notificationMethod: string;
      1534 |       notificationParams: any;

      at MCPStdioPolicyProxy.setupNotificationHandling (src/mcp/stdio-proxy.ts:1531:22)
      at MCPStdioPolicyProxy.start (src/mcp/stdio-proxy.ts:1513:10)
      at Object.<anonymous> (src/test/mcp-stdio-proxy-extended.test.ts:211:7)

  ● MCPStdioPolicyProxy - 拡張機能テスト › リアルタイム異常検知 › ポリシー判定後に異常検知を実行する

    expect(jest.fn()).toHaveBeenCalled()

    Expected number of calls: >= 1
    Received number of calls:    0

      267 |       await enforcePolicy('read', 'test://resource', {});
      268 |       
    > 269 |       expect(mockAnomalyDetector.detectRealTimeAnomalies).toHaveBeenCalled();
          |                                                           ^
      270 |       expect(mockLogger.info).toHaveBeenCalledWith(
      271 |         expect.stringContaining('Detected 1 real-time anomalies'),
      272 |         expect.any(Object)

      at Object.<anonymous> (src/test/mcp-stdio-proxy-extended.test.ts:269:59)

  ● MCPStdioPolicyProxy - 拡張機能テスト › インテリジェントキャッシュシステム › 新しい判定結果をキャッシュに保存する

    expect(jest.fn()).toHaveBeenCalled()

    Expected number of calls: >= 1
    Received number of calls:    0

      329 |       await enforcePolicy('read', 'test://resource', {});
      330 |       
    > 331 |       expect(mockCacheSystem.set).toHaveBeenCalled();
          |                                   ^
      332 |     });
      333 |
      334 |     it('キャッシュ統計情報を取得する', () => {

      at Object.<anonymous> (src/test/mcp-stdio-proxy-extended.test.ts:331:35)

  ● MCPStdioPolicyProxy - 拡張機能テスト › サーキットブレーカー機能 › 成功時にサーキットブレーカーをリセットする

    expect(received).toBe(expected) // Object.is equality

    Expected: 0
    Received: undefined

      438 |       
      439 |       const stats = proxy.getCircuitBreakerStats();
    > 440 |       expect(stats['test-method']?.failures).toBe(0);
          |                                              ^
      441 |     });
      442 |
      443 |     it('クールダウン期間後にサーキットブレーカーをリセットする', async () => {

      at Object.<anonymous> (src/test/mcp-stdio-proxy-extended.test.ts:440:46)

  ● MCPStdioPolicyProxy - 拡張機能テスト › システムヘルスモニタリング › 起動時にヘルスモニタリングを開始する

    Configuration error:

    Could not locate module ./http-proxy.js mapped as:
    $1.

    Please check your configuration for these entries:
    {
      "moduleNameMapper": {
        "/^(\.{1,2}\/.*)\.js$/": "$1"
      },
      "resolver": undefined
    }

      637 |       };
      638 |       
    > 639 |       jest.doMock('./http-proxy.js', () => ({
          |            ^
      640 |         MCPHttpPolicyProxy: jest.fn().mockImplementation(() => mockHttpProxy)
      641 |       }));
      642 |       

      at createNoMappedModuleFoundError (node_modules/jest-resolve/build/resolver.js:759:17)
      at Object.<anonymous> (src/test/mcp-stdio-proxy-extended.test.ts:639:12)

PASS src/test/enforcement/enforcement-system.test.ts
PASS src/test/constraints-obligations.test.ts
PASS src/test/enforcement/constraints/rate-limiter.test.ts
PASS src/test/core/constraints/manager.test.ts
PASS src/test/utils/config.test.ts
PASS src/test/utils-error-handler.test.ts
PASS test/notification-hub.test.ts
PASS src/test/ai-judgment-engine.test.ts
PASS test/context/collector.test.ts
PASS src/ai/judgment-engine.test.ts
PASS test/ai/judgment-engine.test.ts
PASS src/test/simple-integration.test.ts
PASS src/test/enforcement/constraints/data-anonymizer.test.ts
PASS test/context/enrichers/security-info.test.ts
PASS src/context/enrichers/security-info.test.ts
PASS src/test/context/collector.test.ts
PASS src/test/enforcement/constraints/geo-restrictor.test.ts
FAIL src/test/e2e/policy-lifecycle.test.ts
  ● Test suite failed to run

    Jest encountered an unexpected token

    Jest failed to parse a file. This happens e.g. when your code or its dependencies use non-standard JavaScript syntax, or when Jest is not configured to support such syntax.

    Out of the box Jest supports Babel, which will be used to transform your files into valid JS based on your Babel configuration.

    By default "node_modules" folder is ignored by transformers.

    Here's what you can do:
     • If you are trying to use ECMAScript Modules, see https://jestjs.io/docs/ecmascript-modules for how to enable it.
     • If you are trying to use TypeScript, see https://jestjs.io/docs/getting-started#using-typescript
     • To have some of your "node_modules" files transformed, you can specify a custom "transformIgnorePatterns" in your config.
     • If you need a custom transformation specify a "transform" option in your config.
     • If you simply want to mock your non-JS modules (e.g. binary assets) you can stub them out with the "moduleNameMapper" config option.

    You'll find more details and examples of these config options in the docs:
    https://jestjs.io/docs/configuration
    For information about custom transformations, see:
    https://jestjs.io/docs/code-transformation

    Details:

    /Users/shingo/Develop/aegis-policy-engine/node_modules/node-fetch/src/index.js:9
    import http from 'node:http';
    ^^^^^^

    SyntaxError: Cannot use import statement outside a module

       5 | import { describe, it, expect, beforeAll, afterAll } from '@jest/globals';
       6 | // @ts-ignore
    >  7 | const fetch = require('node-fetch').default || require('node-fetch');
         |               ^
       8 | import { PolicyAdministrator } from '../../policies/administrator.js';
       9 | import { AIJudgmentEngine } from '../../ai/judgment-engine.js';
      10 |

      at Runtime.createScriptFromCode (node_modules/jest-runtime/build/index.js:1505:14)
      at Object.<anonymous> (src/test/e2e/policy-lifecycle.test.ts:7:15)

PASS src/test/enforcement/obligations/audit-logger.test.ts
FAIL src/test/mcp/policy-enforcer.test.ts (11.495 s)
  ● PolicyEnforcer › enforcePolicy › should handle policy decision timeout

    thrown: "Exceeded timeout of 10000 ms for a test.
    Add a timeout value to this test to increase the timeout, if this is a long-running test. See https://jestjs.io/docs/api#testname-fn-timeout."

      223 |     });
      224 |
    > 225 |     it('should handle policy decision timeout', async () => {
          |     ^
      226 |       // Mock a delayed decision that will timeout
      227 |       (mockPolicyEngine.decide as jest.Mock).mockImplementation(
      228 |         () => new Promise(resolve => setTimeout(resolve, TIMEOUTS.POLICY_DECISION + 1000))

      at src/test/mcp/policy-enforcer.test.ts:225:5
      at src/test/mcp/policy-enforcer.test.ts:102:3
      at Object.<anonymous> (src/test/mcp/policy-enforcer.test.ts:86:1)

  ● PolicyEnforcer › enforcePolicy › should use default policy when no policy loader provided

    expect(jest.fn()).toHaveBeenCalledWith(...expected)

    - Expected
    + Received

      {"action": "read", "agent": "test-agent", "environment": {"agent": "test-agent", "request": {"params": {"purpose": "test-purpose"}}, "transport": "http"}, "purpose": "test-purpose", "resource": "file://test.txt", "time": 2026-02-13T00:16:27.051Z},
    - null,
    + undefined,

    Number of calls: 1

      304 |       );
      305 |
    > 306 |       expect(mockPolicyEngine.decide).toHaveBeenCalledWith(
          |                                       ^
      307 |         enrichedContext,
      308 |         null // No policy
      309 |       );

      at Object.<anonymous> (src/test/mcp/policy-enforcer.test.ts:306:39)

FAIL test/ai/judgment-engine-comprehensive.test.ts (32.165 s)
  ● AIJudgmentEngine - Comprehensive Tests › Security Tests › should handle prompt injection attempts safely

    TypeError: Cannot read properties of undefined (reading '0')

      69 |       // Verify the prompt is constructed safely
      70 |       const promptCall = mockLLM.complete.mock.calls[0][0];
    > 71 |       expect(promptCall.messages[0].content).toContain('アクセス制御ポリシー');
         |                                 ^
      72 |     });
      73 |
      74 |     it('should handle context data injection attempts', async () => {

      at Object.<anonymous> (test/ai/judgment-engine-comprehensive.test.ts:71:33)

  ● AIJudgmentEngine - Comprehensive Tests › Security Tests › should validate and sanitize LLM responses

    expect(received).not.toHaveProperty(path)

    Expected path: not "__proto__"

    Received value: {}

      122 |       expect(result.confidence).toBeLessThanOrEqual(1);
      123 |       expect(result.constraints).not.toContain('<script>alert("xss")</script>');
    > 124 |       expect(result).not.toHaveProperty('__proto__');
          |                          ^
      125 |       expect(result).not.toHaveProperty('constructor');
      126 |     });
      127 |   });

      at Object.<anonymous> (test/ai/judgment-engine-comprehensive.test.ts:124:26)

  ● AIJudgmentEngine - Comprehensive Tests › Performance and Concurrency Tests › should handle concurrent requests efficiently

    TypeError: Cannot read properties of undefined (reading 'has')

      164 |       // Should use cache for duplicate requests
      165 |       const cacheKey = (engine as any).generateCacheKey(policy, contexts[0]);
    > 166 |       expect((engine as any).cache.has(cacheKey)).toBe(true);
          |                                    ^
      167 |     });
      168 |
      169 |     it('should respect rate limits', async () => {

      at Object.<anonymous> (test/ai/judgment-engine-comprehensive.test.ts:166:36)

  ● AIJudgmentEngine - Comprehensive Tests › Performance and Concurrency Tests › should respect rate limits

    expect(received).toBeGreaterThan(expected)

    Expected: > 0
    Received:   0

      202 |       // Some should succeed, some should fail due to rate limit
      203 |       expect(successful.length).toBeGreaterThan(0);
    > 204 |       expect(failed.length).toBeGreaterThan(0);
          |                             ^
      205 |     });
      206 |
      207 |     it('should implement request timeout', async () => {

      at Object.<anonymous> (test/ai/judgment-engine-comprehensive.test.ts:204:29)

  ● AIJudgmentEngine - Comprehensive Tests › Performance and Concurrency Tests › should implement request timeout

    thrown: "Exceeded timeout of 30000 ms for a test.
    Add a timeout value to this test to increase the timeout, if this is a long-running test. See https://jestjs.io/docs/api#testname-fn-timeout."

      205 |     });
      206 |
    > 207 |     it('should implement request timeout', async () => {
          |     ^
      208 |       const policy = 'Timeout test policy';
      209 |       const context: DecisionContext = {
      210 |         agent: 'test',

      at test/ai/judgment-engine-comprehensive.test.ts:207:5
      at test/ai/judgment-engine-comprehensive.test.ts:129:3
      at Object.<anonymous> (test/ai/judgment-engine-comprehensive.test.ts:16:1)

  ● AIJudgmentEngine - Comprehensive Tests › Error Recovery and Resilience › should retry on transient failures

    expect(received).toBe(expected) // Object.is equality

    Expected: "PERMIT"
    Received: "INDETERMINATE"

      437 |       const result = await engine.makeDecision(policy, context);
      438 |
    > 439 |       expect(result.decision).toBe('PERMIT');
          |                               ^
      440 |       expect(attemptCount).toBe(3);
      441 |     });
      442 |

      at Object.<anonymous> (test/ai/judgment-engine-comprehensive.test.ts:439:31)

  ● AIJudgmentEngine - Comprehensive Tests › Custom Prompt Templates › should support custom prompt templates

    expect(received).toContain(expected) // indexOf

    Expected substring: "SECURITY POLICY EVALUATION"
    Received string:    "\"# AI利用制御判定システム\\n\\nあなたは組織のAI利用に関するセキュリティポリシーを評価する専門家です。\\n提供されたコンテキスト情報とポリシーに基づいて、AIエージェントのリクエストを判定してください。\\n\\n## 判定基準\\n1. エージェントの権限とリソースへのアクセス権\\n2. 操作の目的と組織のポリシーとの整合性  \\n3. セキュリティリスクの評価\\n4. 時間的・地理的制約の確認\\n\\n## コンテキスト情報\\n\\n- **エージェント**: test-agent (タイプ: 不明)\\n- **要求アクション**: read\\n- **対象リソース**: test-resource\\n- **業務目的**: 未指定\\n- **時刻**: 2026/2/13 9:16:57 (営業時間内)\\n- **場所**: 不明\\n- **クリアランスレベル**: 不明\\n- **過去の違反履歴**: なし\\n\\n## 環境情報\\n```json\\n{\\n  \\\"custom\\\": \\\"value\\\"\\n}\\n```\\n\\n## 適用ポリシー\\nCustom template test policy\\n\\n## 判定対象\\nエージェント: test-agent\\nアクション: read\\nリソース: test-resource\\n目的: 未指定\\n\\n## 出力形式\\n以下のJSON形式で回答してください：\\n{\\n  \\\"decision\\\": \\\"PERMIT\\\" | \\\"DENY\\\" | \\\"INDETERMINATE\\\",\\n  \\\"reason\\\": \\\"判定理由の詳細説明\\\",\\n  \\\"confidence\\\": 0.0-1.0の信頼度スコア,\\n  \\\"constraints\\\": [\\\"適用すべき制約のリスト\\\"],\\n  \\\"obligations\\\": [\\\"実行すべき義務のリスト\\\"],\\n  \\\"metadata\\\": {\\n    \\\"risk_level\\\": \\\"LOW\\\" | \\\"MEDIUM\\\" | \\\"HIGH\\\",\\n    \\\"policy_violations\\\": [\\\"違反したポリシー項目\\\"],\\n    \\\"recommendations\\\": [\\\"推奨事項\\\"]\\n  }\\n}\""

      540 |       // Verify custom template was used
      541 |       const call = mockLLM.complete.mock.calls[0][0];
    > 542 |       expect(JSON.stringify(call)).toContain('SECURITY POLICY EVALUATION');
          |                                    ^
      543 |     });
      544 |   });
      545 |

      at Object.<anonymous> (test/ai/judgment-engine-comprehensive.test.ts:542:36)

  ● AIJudgmentEngine - Comprehensive Tests › Monitoring and Metrics › should track decision metrics

    expect(received).toBe(expected) // Object.is equality

    Expected: 3
    Received: 100

      566 |       const stats = engine.getStats();
      567 |       
    > 568 |       expect(stats.totalDecisions).toBe(3);
          |                                    ^
      569 |       expect(stats.permitCount).toBe(2);
      570 |       expect(stats.denyCount).toBe(1);
      571 |       expect(stats.cacheHitRate).toBeGreaterThanOrEqual(0);

      at Object.<anonymous> (test/ai/judgment-engine-comprehensive.test.ts:568:36)

FAIL src/test/ai/judgment-engine-comprehensive.test.ts (32.168 s)
  ● AIJudgmentEngine - Comprehensive Tests › Security Tests › should handle prompt injection attempts safely

    TypeError: Cannot read properties of undefined (reading '0')

      69 |       // Verify the prompt is constructed safely
      70 |       const promptCall = mockLLM.complete.mock.calls[0][0];
    > 71 |       expect(promptCall.messages[0].content).toContain('アクセス制御ポリシー');
         |                                 ^
      72 |     });
      73 |
      74 |     it('should handle context data injection attempts', async () => {

      at Object.<anonymous> (src/test/ai/judgment-engine-comprehensive.test.ts:71:33)

  ● AIJudgmentEngine - Comprehensive Tests › Security Tests › should validate and sanitize LLM responses

    expect(received).not.toHaveProperty(path)

    Expected path: not "__proto__"

    Received value: {}

      122 |       expect(result.confidence).toBeLessThanOrEqual(1);
      123 |       expect(result.constraints).not.toContain('<script>alert("xss")</script>');
    > 124 |       expect(result).not.toHaveProperty('__proto__');
          |                          ^
      125 |       expect(result).not.toHaveProperty('constructor');
      126 |     });
      127 |   });

      at Object.<anonymous> (src/test/ai/judgment-engine-comprehensive.test.ts:124:26)

  ● AIJudgmentEngine - Comprehensive Tests › Performance and Concurrency Tests › should handle concurrent requests efficiently

    TypeError: Cannot read properties of undefined (reading 'has')

      164 |       // Should use cache for duplicate requests
      165 |       const cacheKey = (engine as any).generateCacheKey(policy, contexts[0]);
    > 166 |       expect((engine as any).cache.has(cacheKey)).toBe(true);
          |                                    ^
      167 |     });
      168 |
      169 |     it('should respect rate limits', async () => {

      at Object.<anonymous> (src/test/ai/judgment-engine-comprehensive.test.ts:166:36)

  ● AIJudgmentEngine - Comprehensive Tests › Performance and Concurrency Tests › should respect rate limits

    expect(received).toBeGreaterThan(expected)

    Expected: > 0
    Received:   0

      202 |       // Some should succeed, some should fail due to rate limit
      203 |       expect(successful.length).toBeGreaterThan(0);
    > 204 |       expect(failed.length).toBeGreaterThan(0);
          |                             ^
      205 |     });
      206 |
      207 |     it('should implement request timeout', async () => {

      at Object.<anonymous> (src/test/ai/judgment-engine-comprehensive.test.ts:204:29)

  ● AIJudgmentEngine - Comprehensive Tests › Performance and Concurrency Tests › should implement request timeout

    thrown: "Exceeded timeout of 30000 ms for a test.
    Add a timeout value to this test to increase the timeout, if this is a long-running test. See https://jestjs.io/docs/api#testname-fn-timeout."

      205 |     });
      206 |
    > 207 |     it('should implement request timeout', async () => {
          |     ^
      208 |       const policy = 'Timeout test policy';
      209 |       const context: DecisionContext = {
      210 |         agent: 'test',

      at src/test/ai/judgment-engine-comprehensive.test.ts:207:5
      at src/test/ai/judgment-engine-comprehensive.test.ts:129:3
      at Object.<anonymous> (src/test/ai/judgment-engine-comprehensive.test.ts:16:1)

  ● AIJudgmentEngine - Comprehensive Tests › Error Recovery and Resilience › should retry on transient failures

    expect(received).toBe(expected) // Object.is equality

    Expected: "PERMIT"
    Received: "INDETERMINATE"

      437 |       const result = await engine.makeDecision(policy, context);
      438 |
    > 439 |       expect(result.decision).toBe('PERMIT');
          |                               ^
      440 |       expect(attemptCount).toBe(3);
      441 |     });
      442 |

      at Object.<anonymous> (src/test/ai/judgment-engine-comprehensive.test.ts:439:31)

  ● AIJudgmentEngine - Comprehensive Tests › Custom Prompt Templates › should support custom prompt templates

    expect(received).toContain(expected) // indexOf

    Expected substring: "SECURITY POLICY EVALUATION"
    Received string:    "\"# AI利用制御判定システム\\n\\nあなたは組織のAI利用に関するセキュリティポリシーを評価する専門家です。\\n提供されたコンテキスト情報とポリシーに基づいて、AIエージェントのリクエストを判定してください。\\n\\n## 判定基準\\n1. エージェントの権限とリソースへのアクセス権\\n2. 操作の目的と組織のポリシーとの整合性  \\n3. セキュリティリスクの評価\\n4. 時間的・地理的制約の確認\\n\\n## コンテキスト情報\\n\\n- **エージェント**: test-agent (タイプ: 不明)\\n- **要求アクション**: read\\n- **対象リソース**: test-resource\\n- **業務目的**: 未指定\\n- **時刻**: 2026/2/13 9:16:57 (営業時間内)\\n- **場所**: 不明\\n- **クリアランスレベル**: 不明\\n- **過去の違反履歴**: なし\\n\\n## 環境情報\\n```json\\n{\\n  \\\"custom\\\": \\\"value\\\"\\n}\\n```\\n\\n## 適用ポリシー\\nCustom template test policy\\n\\n## 判定対象\\nエージェント: test-agent\\nアクション: read\\nリソース: test-resource\\n目的: 未指定\\n\\n## 出力形式\\n以下のJSON形式で回答してください：\\n{\\n  \\\"decision\\\": \\\"PERMIT\\\" | \\\"DENY\\\" | \\\"INDETERMINATE\\\",\\n  \\\"reason\\\": \\\"判定理由の詳細説明\\\",\\n  \\\"confidence\\\": 0.0-1.0の信頼度スコア,\\n  \\\"constraints\\\": [\\\"適用すべき制約のリスト\\\"],\\n  \\\"obligations\\\": [\\\"実行すべき義務のリスト\\\"],\\n  \\\"metadata\\\": {\\n    \\\"risk_level\\\": \\\"LOW\\\" | \\\"MEDIUM\\\" | \\\"HIGH\\\",\\n    \\\"policy_violations\\\": [\\\"違反したポリシー項目\\\"],\\n    \\\"recommendations\\\": [\\\"推奨事項\\\"]\\n  }\\n}\""

      540 |       // Verify custom template was used
      541 |       const call = mockLLM.complete.mock.calls[0][0];
    > 542 |       expect(JSON.stringify(call)).toContain('SECURITY POLICY EVALUATION');
          |                                    ^
      543 |     });
      544 |   });
      545 |

      at Object.<anonymous> (src/test/ai/judgment-engine-comprehensive.test.ts:542:36)

  ● AIJudgmentEngine - Comprehensive Tests › Monitoring and Metrics › should track decision metrics

    expect(received).toBe(expected) // Object.is equality

    Expected: 3
    Received: 100

      566 |       const stats = engine.getStats();
      567 |       
    > 568 |       expect(stats.totalDecisions).toBe(3);
          |                                    ^
      569 |       expect(stats.permitCount).toBe(2);
      570 |       expect(stats.denyCount).toBe(1);
      571 |       expect(stats.cacheHitRate).toBeGreaterThanOrEqual(0);

      at Object.<anonymous> (src/test/ai/judgment-engine-comprehensive.test.ts:568:36)

FAIL src/test/performance/stress-test.test.ts (106.843 s)
  ● Performance and Stress Tests › Load Testing › should handle sustained load within SLA

    thrown: "Exceeded timeout of 60000 ms for a test.
    Add a timeout value to this test to increase the timeout, if this is a long-running test. See https://jestjs.io/docs/api#testname-fn-timeout."

      72 |
      73 |   describe('Load Testing', () => {
    > 74 |     it('should handle sustained load within SLA', async () => {
         |     ^
      75 |       // SLA: 99% of requests < 100ms, 99.9% availability
      76 |       
      77 |       const responseTimes: number[] = [];

      at src/test/performance/stress-test.test.ts:74:5
      at src/test/performance/stress-test.test.ts:73:3
      at Object.<anonymous> (src/test/performance/stress-test.test.ts:30:1)

  ● Performance and Stress Tests › Rate Limiting Performance › should enforce rate limits without significant overhead

    expect(received).toBeLessThanOrEqual(expected)

    Expected: <= 1100
    Received:    12000

      345 |       results.forEach(result => {
      346 |         const effectiveRate = (result.allowed / requestsPerClient) * requestsPerClient * 60; // per minute
    > 347 |         expect(effectiveRate).toBeLessThanOrEqual(STRESS_TEST_CONFIG.RATE_LIMIT * 1.1); // Within 10% tolerance
          |                               ^
      348 |       });
      349 |
      350 |       // Verify low overhead

      at src/test/performance/stress-test.test.ts:347:31
          at Array.forEach (<anonymous>)
      at Object.<anonymous> (src/test/performance/stress-test.test.ts:345:15)

FAIL src/test/mcp/stdio-router.test.ts (155.45 s)
  ● StdioRouter › Server Lifecycle › should start server successfully

    expect(jest.fn()).toHaveBeenCalledWith(...expected)

    Expected: "Successfully started upstream server: test-server"
    Received
           1: "Configured upstream server: test-server", {"args": ["test.js"], "command": "node"}
           2: "🚀 Starting upstream server test-server"
           3: "📝 test-server startup message detected: Server running on stdio"

    Number of calls: 5

      128 |       });
      129 |       
    > 130 |       expect(mockLogger.info).toHaveBeenCalledWith(
          |                               ^
      131 |         'Successfully started upstream server: test-server'
      132 |       );
      133 |     });

      at Object.<anonymous> (src/test/mcp/stdio-router.test.ts:130:31)

  ● StdioRouter › Request Routing › should aggregate tools/list from multiple servers

    thrown: "Exceeded timeout of 30000 ms for a test.
    Add a timeout value to this test to increase the timeout, if this is a long-running test. See https://jestjs.io/docs/api#testname-fn-timeout."

      348 |     });
      349 |
    > 350 |     it('should aggregate tools/list from multiple servers', async () => {
          |     ^
      351 |       // Add second server
      352 |       const { process: mockProcess2, stdin: stdin2, stdout: stdout2, stderr: stderr2 } = createMockProcess();
      353 |       mockSpawn.mockReturnValue(mockProcess2);

      at src/test/mcp/stdio-router.test.ts:350:5
      at src/test/mcp/stdio-router.test.ts:280:3
      at Object.<anonymous> (src/test/mcp/stdio-router.test.ts:39:1)

A worker process has failed to exit gracefully and has been force exited. This is likely caused by tests leaking due to improper teardown. Try running with --detectOpenHandles to find leaks. Active timers can also cause this, ensure that .unref() was called on them.
Summary of all failing tests
FAIL test/constraints-obligations.test.ts
  ● 制約・義務処理 - 機能テスト › ObligationExecutor - 義務の実行 › 複数義務の並列実行 › 複数の義務を効率的に並列実行する

    TypeError: Cannot read properties of undefined (reading 'send')

      441 |         // 全ての義務が実行されたことを確認
      442 |         expect(executor['auditLogger'].log).toHaveBeenCalled();
    > 443 |         expect(executor['notificationService'].send).toHaveBeenCalled();
          |                                                ^
      444 |
      445 |         // 並列実行により、順次実行より高速であることを確認
      446 |         expect(elapsed).toBeLessThan(1000); // 各義務が200ms程度と仮定

      at Object.<anonymous> (test/constraints-obligations.test.ts:443:48)

  ● 制約・義務処理 - 機能テスト › ObligationExecutor - 義務の実行 › エラーハンドリング › 義務実行エラーをログに記録するが処理は継続する

    TypeError: Cannot read properties of undefined (reading 'send')

      459 |
      460 |         // 通知送信をエラーにする
    > 461 |         executor['notificationService'].send.mockRejectedValueOnce(
          |                                         ^
      462 |           new Error('Notification service unavailable')
      463 |         );
      464 |

      at Object.<anonymous> (test/constraints-obligations.test.ts:461:41)

FAIL test/integration/real-ai-api.test.ts
  ● AI判定エンジン - 実APIテスト › 実際のAPIコール確認 › シンプルなポリシー判定 - 実際にAPIを呼び出す

    expect(received).toBeGreaterThan(expected)

    Expected: > 0
    Received:   0

      76 |         // 基本的なアサーション
      77 |         expect(decision.decision).toMatch(/PERMIT|DENY|INDETERMINATE/);
    > 78 |         expect(decision.confidence).toBeGreaterThan(0);
         |                                     ^
      79 |         expect(decision.reason).toBeTruthy();
      80 |         expect(elapsed).toBeLessThan(10000); // 10秒以内
      81 |

      at Object.<anonymous> (test/integration/real-ai-api.test.ts:78:37)

  ● AI判定エンジン - 実APIテスト › 実際のAPIコール確認 › キャッシュの動作確認

    expect(received).toBeLessThan(expected)

    Expected: < 25.8
    Received:   207

      121 |
      122 |       // キャッシュからの取得は高速であるべき
    > 123 |       expect(time2).toBeLessThan(time1 * 0.1); // 10%未満の時間
          |                     ^
      124 |       expect(decision2).toEqual(decision1); // 同じ結果
      125 |
      126 |       console.log(`\n✅ キャッシュが正常に動作: ${Math.round((1 - time2/time1) * 100)}% 高速化`);

      at Object.<anonymous> (test/integration/real-ai-api.test.ts:123:21)

  ● AI判定エンジン - 実APIテスト › 実際のAPIコール確認 › 複雑なポリシーでの判定

    expect(received).toContain(expected) // indexOf

    Expected substring: "セキュリティ"
    Received string:    "AI判定エラー: Anthropic API Error: 401 {\"type\":\"error\",\"error\":{\"type\":\"authentication_error\",\"message\":\"invalid x-api-key\"},\"request_id\":\"req_011CY576QUpByUSMhvhXTGHp\"}"

      170 |       // より詳細な分析
      171 |       expect(decision.decision).toBeDefined();
    > 172 |       expect(decision.reason).toContain('セキュリティ');
          |                               ^
      173 |       
      174 |       if (decision.obligations?.length) {
      175 |         console.log('\n�� AIが推奨する義務:', decision.obligations);

      at Object.<anonymous> (test/integration/real-ai-api.test.ts:172:31)

FAIL src/test/e2e/mcp-proxy-integration.test.ts
  ● AEGIS E2E Tests - MCP Proxy Integration › ツール実行とポリシー制御 › 許可されたファイル読み取りが成功する

    McpError: MCP error -32000: Connection closed

      at Client._onclose (node_modules/@modelcontextprotocol/sdk/src/shared/protocol.ts:312:19)
      at StdioClientTransport._transport.onclose (node_modules/@modelcontextprotocol/sdk/src/shared/protocol.ts:283:12)
      at ChildProcess.<anonymous> (node_modules/@modelcontextprotocol/sdk/src/client/stdio.ts:150:21)

  ● AEGIS E2E Tests - MCP Proxy Integration › ツール実行とポリシー制御 › 禁止されたファイル書き込みが拒否される

    McpError: MCP error -32000: Connection closed

      at Client._onclose (node_modules/@modelcontextprotocol/sdk/src/shared/protocol.ts:312:19)
      at StdioClientTransport._transport.onclose (node_modules/@modelcontextprotocol/sdk/src/shared/protocol.ts:283:12)
      at ChildProcess.<anonymous> (node_modules/@modelcontextprotocol/sdk/src/client/stdio.ts:150:21)

  ● AEGIS E2E Tests - MCP Proxy Integration › ツール実行とポリシー制御 › 制約付きアクセスで匿名化が適用される

    McpError: MCP error -32000: Connection closed

      at Client._onclose (node_modules/@modelcontextprotocol/sdk/src/shared/protocol.ts:312:19)
      at StdioClientTransport._transport.onclose (node_modules/@modelcontextprotocol/sdk/src/shared/protocol.ts:283:12)
      at ChildProcess.<anonymous> (node_modules/@modelcontextprotocol/sdk/src/client/stdio.ts:150:21)

  ● AEGIS E2E Tests - MCP Proxy Integration › リソース管理とポリシー制御 › リソース一覧取得が制御される

    McpError: MCP error -32000: Connection closed

      at Client._onclose (node_modules/@modelcontextprotocol/sdk/src/shared/protocol.ts:312:19)
      at StdioClientTransport._transport.onclose (node_modules/@modelcontextprotocol/sdk/src/shared/protocol.ts:283:12)
      at ChildProcess.<anonymous> (node_modules/@modelcontextprotocol/sdk/src/client/stdio.ts:150:21)

  ● AEGIS E2E Tests - MCP Proxy Integration › リソース管理とポリシー制御 › リソース読み取りがポリシーで制御される

    McpError: MCP error -32000: Connection closed

      at Client._onclose (node_modules/@modelcontextprotocol/sdk/src/shared/protocol.ts:312:19)
      at StdioClientTransport._transport.onclose (node_modules/@modelcontextprotocol/sdk/src/shared/protocol.ts:283:12)
      at ChildProcess.<anonymous> (node_modules/@modelcontextprotocol/sdk/src/client/stdio.ts:150:21)

  ● AEGIS E2E Tests - MCP Proxy Integration › 監査とログ記録 › すべてのアクセスがログに記録される

    McpError: MCP error -32000: Connection closed

      at Client._onclose (node_modules/@modelcontextprotocol/sdk/src/shared/protocol.ts:312:19)
      at StdioClientTransport._transport.onclose (node_modules/@modelcontextprotocol/sdk/src/shared/protocol.ts:283:12)
      at ChildProcess.<anonymous> (node_modules/@modelcontextprotocol/sdk/src/client/stdio.ts:150:21)

  ● AEGIS E2E Tests - MCP Proxy Integration › 監査とログ記録 › ポリシー違反が特別にマークされる

    McpError: MCP error -32000: Connection closed

      at Client._onclose (node_modules/@modelcontextprotocol/sdk/src/shared/protocol.ts:312:19)
      at StdioClientTransport._transport.onclose (node_modules/@modelcontextprotocol/sdk/src/shared/protocol.ts:283:12)
      at ChildProcess.<anonymous> (node_modules/@modelcontextprotocol/sdk/src/client/stdio.ts:150:21)

  ● AEGIS E2E Tests - MCP Proxy Integration › パフォーマンスとキャッシュ › 同一リクエストがキャッシュから返される

    McpError: MCP error -32000: Connection closed

      at Client._onclose (node_modules/@modelcontextprotocol/sdk/src/shared/protocol.ts:312:19)
      at StdioClientTransport._transport.onclose (node_modules/@modelcontextprotocol/sdk/src/shared/protocol.ts:283:12)
      at ChildProcess.<anonymous> (node_modules/@modelcontextprotocol/sdk/src/client/stdio.ts:150:21)

  ● AEGIS E2E Tests - MCP Proxy Integration › エラーハンドリング › 無効なツール名でエラーが返される

    McpError: MCP error -32000: Connection closed

      at Client._onclose (node_modules/@modelcontextprotocol/sdk/src/shared/protocol.ts:312:19)
      at StdioClientTransport._transport.onclose (node_modules/@modelcontextprotocol/sdk/src/shared/protocol.ts:283:12)
      at ChildProcess.<anonymous> (node_modules/@modelcontextprotocol/sdk/src/client/stdio.ts:150:21)

  ● AEGIS E2E Tests - MCP Proxy Integration › エラーハンドリング › ポリシー判定エラーが適切に処理される

    McpError: MCP error -32000: Connection closed

      at Client._onclose (node_modules/@modelcontextprotocol/sdk/src/shared/protocol.ts:312:19)
      at StdioClientTransport._transport.onclose (node_modules/@modelcontextprotocol/sdk/src/shared/protocol.ts:283:12)
      at ChildProcess.<anonymous> (node_modules/@modelcontextprotocol/sdk/src/client/stdio.ts:150:21)

FAIL src/test/mcp-http-proxy-extended.test.ts
  ● MCPHttpPolicyProxy - 拡張機能テスト › ミドルウェア設定 › セッションIDがない場合はUUIDを生成する

    expect(received).toBeDefined()

    Received: undefined

      208 |       // UUIDが生成されることを確認
      209 |       const context = proxy['requestContext'].get('test-uuid-123');
    > 210 |       expect(context).toBeDefined();
          |                       ^
      211 |     });
      212 |
      213 |     it('レスポンス送信後に古いコンテキストをクリーンアップする', () => {

      at Object.<anonymous> (src/test/mcp-http-proxy-extended.test.ts:210:23)

  ● MCPHttpPolicyProxy - 拡張機能テスト › ブリッジモード機能 › ブリッジモードでリソース読み取り結果を正しく処理する

    TypeError: this.app.put is not a function

      647 |     });
      648 |
    > 649 |     this.app.put('/policies/:id', async (req, res) => {
          |              ^
      650 |       try {
      651 |         const { policyLoader } = await import('../policies/policy-loader.js');
      652 |         await policyLoader.updatePolicy(req.params.id, req.body);

      at MCPHttpPolicyProxy.start (src/mcp/http-proxy.ts:649:14)
      at Object.<anonymous> (src/test/mcp-http-proxy-extended.test.ts:272:7)

  ● MCPHttpPolicyProxy - 拡張機能テスト › ブリッジモード機能 › ブリッジモードでツール名のプレフィックスを除去する

    TypeError: this.app.put is not a function

      647 |     });
      648 |
    > 649 |     this.app.put('/policies/:id', async (req, res) => {
          |              ^
      650 |       try {
      651 |         const { policyLoader } = await import('../policies/policy-loader.js');
      652 |         await policyLoader.updatePolicy(req.params.id, req.body);

      at MCPHttpPolicyProxy.start (src/mcp/http-proxy.ts:649:14)
      at Object.<anonymous> (src/test/mcp-http-proxy-extended.test.ts:301:7)

  ● MCPHttpPolicyProxy - 拡張機能テスト › ブリッジモード機能 › ブリッジモードでstdioサーバーを追加する

    TypeError: this.stdioRouter.addServerFromConfig is not a function

      540 |       this.enableBridgeMode();
      541 |     }
    > 542 |     this.stdioRouter!.addServerFromConfig(name, config);
          |                       ^
      543 |     this.logger.info(`Stdio upstream server configured: ${name}`);
      544 |   }
      545 |   

      at MCPHttpPolicyProxy.addStdioUpstreamServer (src/mcp/http-proxy.ts:542:23)
      at Object.<anonymous> (src/test/mcp-http-proxy-extended.test.ts:327:13)

  ● MCPHttpPolicyProxy - 拡張機能テスト › コンテキストエンリッチャー › HTTPリクエストヘッダーからエージェント情報を抽出する

    TypeError: this.app.put is not a function

      647 |     });
      648 |
    > 649 |     this.app.put('/policies/:id', async (req, res) => {
          |              ^
      650 |       try {
      651 |         const { policyLoader } = await import('../policies/policy-loader.js');
      652 |         await policyLoader.updatePolicy(req.params.id, req.body);

      at MCPHttpPolicyProxy.start (src/mcp/http-proxy.ts:649:14)
      at Object.<anonymous> (src/test/mcp-http-proxy-extended.test.ts:350:7)

  ● MCPHttpPolicyProxy - 拡張機能テスト › コンテキストエンリッチャー › ヘッダーが大文字の場合も処理する

    expect(jest.fn()).toHaveBeenCalledWith(...expected)

    Expected: Any<String>, ObjectContaining {"agent": "TEST-AGENT"}, Any<Object>

    Number of calls: 0

      402 |       await enforcePolicy('read', 'test://resource', context);
      403 |
    > 404 |       expect(mockJudgmentEngine.makeDecision).toHaveBeenCalledWith(
          |                                               ^
      405 |         expect.any(String),
      406 |         expect.objectContaining({
      407 |           agent: 'TEST-AGENT'

      at Object.<anonymous> (src/test/mcp-http-proxy-extended.test.ts:404:47)

  ● MCPHttpPolicyProxy - 拡張機能テスト › ヘルスチェックエンドポイント › 包括的なヘルス情報を返す

    TypeError: this.app.put is not a function

      647 |     });
      648 |
    > 649 |     this.app.put('/policies/:id', async (req, res) => {
          |              ^
      650 |       try {
      651 |         const { policyLoader } = await import('../policies/policy-loader.js');
      652 |         await policyLoader.updatePolicy(req.params.id, req.body);

      at MCPHttpPolicyProxy.start (src/mcp/http-proxy.ts:649:14)
      at Object.<anonymous> (src/test/mcp-http-proxy-extended.test.ts:416:7)

  ● MCPHttpPolicyProxy - 拡張機能テスト › エラーハンドリング › 上流サーバーのタイムアウトを処理する

    expect(jest.fn()).toHaveBeenCalledWith(...expected)

    Expected: StringContaining "Upstream request failed", Any<Error>

    Number of calls: 0

      467 |       ).rejects.toThrow();
      468 |
    > 469 |       expect(mockLogger.error).toHaveBeenCalledWith(
          |                                ^
      470 |         expect.stringContaining('Upstream request failed'),
      471 |         expect.any(Error)
      472 |       );

      at Object.<anonymous> (src/test/mcp-http-proxy-extended.test.ts:469:32)

  ● MCPHttpPolicyProxy - 拡張機能テスト › エラーハンドリング › JSON-RPCエラーレスポンスを処理する

    expect(received).rejects.toThrow(expected)

    Expected substring: "Internal error"
    Received message:   "No upstream servers available"

          398 |     
          399 |     if (!upstreamServer) {
        > 400 |       throw new Error('No upstream servers available');
              |             ^
          401 |     }
          402 |     
          403 |     try {

      at MCPHttpPolicyProxy.forwardToUpstream (src/mcp/http-proxy.ts:400:13)
      at Object.<anonymous> (src/test/mcp-http-proxy-extended.test.ts:491:9)
      at Object.toThrow (node_modules/expect/build/index.js:218:22)
      at Object.<anonymous> (src/test/mcp-http-proxy-extended.test.ts:492:17)

  ● MCPHttpPolicyProxy - 拡張機能テスト › エラーハンドリング › 不正なレスポンス形式を処理する

    expect(received).rejects.toThrow(expected)

    Expected substring: "Request failed with status 500"
    Received message:   "No upstream servers available"

          398 |     
          399 |     if (!upstreamServer) {
        > 400 |       throw new Error('No upstream servers available');
              |             ^
          401 |     }
          402 |     
          403 |     try {

      at MCPHttpPolicyProxy.forwardToUpstream (src/mcp/http-proxy.ts:400:13)
      at Object.<anonymous> (src/test/mcp-http-proxy-extended.test.ts:505:9)
      at Object.toThrow (node_modules/expect/build/index.js:218:22)
      at Object.<anonymous> (src/test/mcp-http-proxy-extended.test.ts:506:17)

  ● MCPHttpPolicyProxy - 拡張機能テスト › API管理エンドポイント › ポリシー管理エンドポイントを設定する

    TypeError: this.app.put is not a function

      647 |     });
      648 |
    > 649 |     this.app.put('/policies/:id', async (req, res) => {
          |              ^
      650 |       try {
      651 |         const { policyLoader } = await import('../policies/policy-loader.js');
      652 |         await policyLoader.updatePolicy(req.params.id, req.body);

      at MCPHttpPolicyProxy.start (src/mcp/http-proxy.ts:649:14)
      at Object.<anonymous> (src/test/mcp-http-proxy-extended.test.ts:512:7)

  ● MCPHttpPolicyProxy - 拡張機能テスト › API管理エンドポイント › ポリシー作成エンドポイントを処理する

    TypeError: this.app.put is not a function

      647 |     });
      648 |
    > 649 |     this.app.put('/policies/:id', async (req, res) => {
          |              ^
      650 |       try {
      651 |         const { policyLoader } = await import('../policies/policy-loader.js');
      652 |         await policyLoader.updatePolicy(req.params.id, req.body);

      at MCPHttpPolicyProxy.start (src/mcp/http-proxy.ts:649:14)
      at Object.<anonymous> (src/test/mcp-http-proxy-extended.test.ts:539:7)

  ● MCPHttpPolicyProxy - 拡張機能テスト › API管理エンドポイント › 無効なポリシー作成リクエストを処理する

    TypeError: this.app.put is not a function

      647 |     });
      648 |
    > 649 |     this.app.put('/policies/:id', async (req, res) => {
          |              ^
      650 |       try {
      651 |         const { policyLoader } = await import('../policies/policy-loader.js');
      652 |         await policyLoader.updatePolicy(req.params.id, req.body);

      at MCPHttpPolicyProxy.start (src/mcp/http-proxy.ts:649:14)
      at Object.<anonymous> (src/test/mcp-http-proxy-extended.test.ts:567:7)

  ● MCPHttpPolicyProxy - 拡張機能テスト › MCP管理エンドポイント › MCPメッセージを処理する

    TypeError: this.app.put is not a function

      647 |     });
      648 |
    > 649 |     this.app.put('/policies/:id', async (req, res) => {
          |              ^
      650 |       try {
      651 |         const { policyLoader } = await import('../policies/policy-loader.js');
      652 |         await policyLoader.updatePolicy(req.params.id, req.body);

      at MCPHttpPolicyProxy.start (src/mcp/http-proxy.ts:649:14)
      at Object.<anonymous> (src/test/mcp-http-proxy-extended.test.ts:594:7)

  ● MCPHttpPolicyProxy - 拡張機能テスト › MCP管理エンドポイント › MCP処理エラーを処理する

    TypeError: this.app.put is not a function

      647 |     });
      648 |
    > 649 |     this.app.put('/policies/:id', async (req, res) => {
          |              ^
      650 |       try {
      651 |         const { policyLoader } = await import('../policies/policy-loader.js');
      652 |         await policyLoader.updatePolicy(req.params.id, req.body);

      at MCPHttpPolicyProxy.start (src/mcp/http-proxy.ts:649:14)
      at Object.<anonymous> (src/test/mcp-http-proxy-extended.test.ts:633:7)

  ● MCPHttpPolicyProxy - 拡張機能テスト › 停止処理 › HTTPサーバーを適切に停止する

    TypeError: this.app.put is not a function

      647 |     });
      648 |
    > 649 |     this.app.put('/policies/:id', async (req, res) => {
          |              ^
      650 |       try {
      651 |         const { policyLoader } = await import('../policies/policy-loader.js');
      652 |         await policyLoader.updatePolicy(req.params.id, req.body);

      at MCPHttpPolicyProxy.start (src/mcp/http-proxy.ts:649:14)
      at Object.<anonymous> (src/test/mcp-http-proxy-extended.test.ts:669:7)

  ● MCPHttpPolicyProxy - 拡張機能テスト › 停止処理 › ブリッジモードで上流サーバーも停止する

    TypeError: this.app.put is not a function

      647 |     });
      648 |
    > 649 |     this.app.put('/policies/:id', async (req, res) => {
          |              ^
      650 |       try {
      651 |         const { policyLoader } = await import('../policies/policy-loader.js');
      652 |         await policyLoader.updatePolicy(req.params.id, req.body);

      at MCPHttpPolicyProxy.start (src/mcp/http-proxy.ts:649:14)
      at Object.<anonymous> (src/test/mcp-http-proxy-extended.test.ts:681:7)

  ● MCPHttpPolicyProxy - 拡張機能テスト › 停止処理 › 停止時のエラーを処理する

    TypeError: this.app.put is not a function

      647 |     });
      648 |
    > 649 |     this.app.put('/policies/:id', async (req, res) => {
          |              ^
      650 |       try {
      651 |         const { policyLoader } = await import('../policies/policy-loader.js');
      652 |         await policyLoader.updatePolicy(req.params.id, req.body);

      at MCPHttpPolicyProxy.start (src/mcp/http-proxy.ts:649:14)
      at Object.<anonymous> (src/test/mcp-http-proxy-extended.test.ts:688:7)

  ● MCPHttpPolicyProxy - 拡張機能テスト › ポリシー管理 › デフォルトポリシーを適用する

    TypeError: Cannot read properties of undefined (reading 'bind')

      704 |       proxy.addPolicy('default-policy', 'Default policy content');
      705 |       
    > 706 |       const selectPolicy = proxy['selectPolicy'].bind(proxy);
          |                                                  ^
      707 |       const policy = selectPolicy('unknown-action', 'unknown-resource');
      708 |       
      709 |       expect(policy).toBe('Default policy content');

      at Object.<anonymous> (src/test/mcp-http-proxy-extended.test.ts:706:50)

  ● MCPHttpPolicyProxy - 拡張機能テスト › ポリシー管理 › リソースタイプに基づいてポリシーを選択する

    TypeError: Cannot read properties of undefined (reading 'bind')

      715 |       proxy.addPolicy('file-system-policy', 'File system policy');
      716 |       
    > 717 |       const selectPolicy = proxy['selectPolicy'].bind(proxy);
          |                                                  ^
      718 |       
      719 |       expect(selectPolicy('read', 'customer://data')).toBe('Customer data policy');
      720 |       expect(selectPolicy('read', 'email://inbox')).toBe('Email access policy');

      at Object.<anonymous> (src/test/mcp-http-proxy-extended.test.ts:717:50)

  ● MCPHttpPolicyProxy - 拡張機能テスト › ポリシー管理 › エージェントベースのポリシー選択を行う

    TypeError: Cannot read properties of undefined (reading 'bind')

      725 |       proxy.addPolicy('claude-desktop-policy', 'Claude Desktop policy');
      726 |       
    > 727 |       const selectPolicy = proxy['selectPolicy'].bind(proxy);
          |                                                  ^
      728 |       const policy = selectPolicy('read', 'test://resource', 'claude-desktop');
      729 |       
      730 |       expect(policy).toBe('Claude Desktop policy');

      at Object.<anonymous> (src/test/mcp-http-proxy-extended.test.ts:727:50)

FAIL src/test/mcp-stdio-proxy.test.ts
  ● MCPStdioPolicyProxy - 機能テスト › 初期化とセットアップ › MCPサーバーとハンドラーが正しく設定される

    expect(jest.fn()).toHaveBeenCalledWith(...expected)

    - Expected
    + Received

      Object {
    -   "name": "aegis-policy-proxy",
    +   "name": "aegis-proxy",
        "version": "1.0.0",
      },
      Object {
        "capabilities": Object {
    -     "resources": Object {},
    +     "prompts": Object {},
    +     "resources": Object {
    +       "listChanged": true,
    +     },
          "tools": Object {},
        },
      },

    Number of calls: 1

      148 |   describe('初期化とセットアップ', () => {
      149 |     it('MCPサーバーとハンドラーが正しく設定される', () => {
    > 150 |       expect(Server).toHaveBeenCalledWith(
          |                      ^
      151 |         {
      152 |           name: 'aegis-policy-proxy',
      153 |           version: '1.0.0'

      at Object.<anonymous> (src/test/mcp-stdio-proxy.test.ts:150:22)

  ● MCPStdioPolicyProxy - 機能テスト › リソースアクセス制御 › resources/read リクエストでポリシー判定を実行する

    TypeError: this.stdioRouter.startServers is not a function

      1503 |     } else {
      1504 |       // まだ起動していない場合は起動
    > 1505 |       await this.stdioRouter.startServers();
           |                              ^
      1506 |     }
      1507 |     
      1508 |     // 起動後の状態を確認

      at MCPStdioPolicyProxy.start (src/mcp/stdio-proxy.ts:1505:30)
      at Object.<anonymous> (src/test/mcp-stdio-proxy.test.ts:198:7)

  ● MCPStdioPolicyProxy - 機能テスト › リソースアクセス制御 › resources/read リクエストでポリシー判定を実行する

    listen EADDRINUSE: address already in use :::3000

      1480 |     // APIサーバー起動
      1481 |     const apiPort = parseInt(process.env.MCP_PROXY_PORT || '3000');
    > 1482 |     this.apiServer = this.apiApp.listen(apiPort, () => {
           |                                  ^
      1483 |       // In stdio mode, don't log anything to avoid corrupting JSON-RPC output
      1484 |       if (process.env.MCP_TRANSPORT !== 'stdio' && process.env.LOG_SILENT !== 'true') {
      1485 |         this.logger.info(`�� AEGIS API Server running at http://localhost:${apiPort}`);

      at Function.listen (node_modules/express/lib/application.js:635:24)
      at MCPStdioPolicyProxy.start (src/mcp/stdio-proxy.ts:1482:34)
      at Object.<anonymous> (src/test/mcp-stdio-proxy.test.ts:198:7)

  ● MCPStdioPolicyProxy - 機能テスト › リソースアクセス制御 › DENYの判定時にエラーを返す

    TypeError: this.stdioRouter.startServers is not a function

      1503 |     } else {
      1504 |       // まだ起動していない場合は起動
    > 1505 |       await this.stdioRouter.startServers();
           |                              ^
      1506 |     }
      1507 |     
      1508 |     // 起動後の状態を確認

      at MCPStdioPolicyProxy.start (src/mcp/stdio-proxy.ts:1505:30)
      at Object.<anonymous> (src/test/mcp-stdio-proxy.test.ts:228:7)

  ● MCPStdioPolicyProxy - 機能テスト › リソースアクセス制御 › DENYの判定時にエラーを返す

    listen EADDRINUSE: address already in use :::3000

      1480 |     // APIサーバー起動
      1481 |     const apiPort = parseInt(process.env.MCP_PROXY_PORT || '3000');
    > 1482 |     this.apiServer = this.apiApp.listen(apiPort, () => {
           |                                  ^
      1483 |       // In stdio mode, don't log anything to avoid corrupting JSON-RPC output
      1484 |       if (process.env.MCP_TRANSPORT !== 'stdio' && process.env.LOG_SILENT !== 'true') {
      1485 |         this.logger.info(`�� AEGIS API Server running at http://localhost:${apiPort}`);

      at Function.listen (node_modules/express/lib/application.js:635:24)
      at MCPStdioPolicyProxy.start (src/mcp/stdio-proxy.ts:1482:34)
      at Object.<anonymous> (src/test/mcp-stdio-proxy.test.ts:228:7)

  ● MCPStdioPolicyProxy - 機能テスト › ツール実行制御 › tools/call リクエストでポリシー判定を実行する

    TypeError: this.stdioRouter.startServers is not a function

      1503 |     } else {
      1504 |       // まだ起動していない場合は起動
    > 1505 |       await this.stdioRouter.startServers();
           |                              ^
      1506 |     }
      1507 |     
      1508 |     // 起動後の状態を確認

      at MCPStdioPolicyProxy.start (src/mcp/stdio-proxy.ts:1505:30)
      at Object.<anonymous> (src/test/mcp-stdio-proxy.test.ts:255:7)

  ● MCPStdioPolicyProxy - 機能テスト › ツール実行制御 › tools/call リクエストでポリシー判定を実行する

    listen EADDRINUSE: address already in use :::3000

      1480 |     // APIサーバー起動
      1481 |     const apiPort = parseInt(process.env.MCP_PROXY_PORT || '3000');
    > 1482 |     this.apiServer = this.apiApp.listen(apiPort, () => {
           |                                  ^
      1483 |       // In stdio mode, don't log anything to avoid corrupting JSON-RPC output
      1484 |       if (process.env.MCP_TRANSPORT !== 'stdio' && process.env.LOG_SILENT !== 'true') {
      1485 |         this.logger.info(`�� AEGIS API Server running at http://localhost:${apiPort}`);

      at Function.listen (node_modules/express/lib/application.js:635:24)
      at MCPStdioPolicyProxy.start (src/mcp/stdio-proxy.ts:1482:34)
      at Object.<anonymous> (src/test/mcp-stdio-proxy.test.ts:255:7)

  ● MCPStdioPolicyProxy - 機能テスト › ツール実行制御 › 制約を適用してレスポンスを加工する

    TypeError: this.stdioRouter.startServers is not a function

      1503 |     } else {
      1504 |       // まだ起動していない場合は起動
    > 1505 |       await this.stdioRouter.startServers();
           |                              ^
      1506 |     }
      1507 |     
      1508 |     // 起動後の状態を確認

      at MCPStdioPolicyProxy.start (src/mcp/stdio-proxy.ts:1505:30)
      at Object.<anonymous> (src/test/mcp-stdio-proxy.test.ts:307:7)

  ● MCPStdioPolicyProxy - 機能テスト › ツール実行制御 › 制約を適用してレスポンスを加工する

    listen EADDRINUSE: address already in use :::3000

      1480 |     // APIサーバー起動
      1481 |     const apiPort = parseInt(process.env.MCP_PROXY_PORT || '3000');
    > 1482 |     this.apiServer = this.apiApp.listen(apiPort, () => {
           |                                  ^
      1483 |       // In stdio mode, don't log anything to avoid corrupting JSON-RPC output
      1484 |       if (process.env.MCP_TRANSPORT !== 'stdio' && process.env.LOG_SILENT !== 'true') {
      1485 |         this.logger.info(`�� AEGIS API Server running at http://localhost:${apiPort}`);

      at Function.listen (node_modules/express/lib/application.js:635:24)
      at MCPStdioPolicyProxy.start (src/mcp/stdio-proxy.ts:1482:34)
      at Object.<anonymous> (src/test/mcp-stdio-proxy.test.ts:307:7)

  ● MCPStdioPolicyProxy - 機能テスト › リスト操作 › tools/list で利用可能なツールを返す

    TypeError: this.stdioRouter.startServers is not a function

      1503 |     } else {
      1504 |       // まだ起動していない場合は起動
    > 1505 |       await this.stdioRouter.startServers();
           |                              ^
      1506 |     }
      1507 |     
      1508 |     // 起動後の状態を確認

      at MCPStdioPolicyProxy.start (src/mcp/stdio-proxy.ts:1505:30)
      at Object.<anonymous> (src/test/mcp-stdio-proxy.test.ts:343:7)

  ● MCPStdioPolicyProxy - 機能テスト › リスト操作 › tools/list で利用可能なツールを返す

    listen EADDRINUSE: address already in use :::3000

      1480 |     // APIサーバー起動
      1481 |     const apiPort = parseInt(process.env.MCP_PROXY_PORT || '3000');
    > 1482 |     this.apiServer = this.apiApp.listen(apiPort, () => {
           |                                  ^
      1483 |       // In stdio mode, don't log anything to avoid corrupting JSON-RPC output
      1484 |       if (process.env.MCP_TRANSPORT !== 'stdio' && process.env.LOG_SILENT !== 'true') {
      1485 |         this.logger.info(`�� AEGIS API Server running at http://localhost:${apiPort}`);

      at Function.listen (node_modules/express/lib/application.js:635:24)
      at MCPStdioPolicyProxy.start (src/mcp/stdio-proxy.ts:1482:34)
      at Object.<anonymous> (src/test/mcp-stdio-proxy.test.ts:343:7)

  ● MCPStdioPolicyProxy - 機能テスト › リスト操作 › resources/list で利用可能なリソースを返す

    TypeError: this.stdioRouter.startServers is not a function

      1503 |     } else {
      1504 |       // まだ起動していない場合は起動
    > 1505 |       await this.stdioRouter.startServers();
           |                              ^
      1506 |     }
      1507 |     
      1508 |     // 起動後の状態を確認

      at MCPStdioPolicyProxy.start (src/mcp/stdio-proxy.ts:1505:30)
      at Object.<anonymous> (src/test/mcp-stdio-proxy.test.ts:370:7)

  ● MCPStdioPolicyProxy - 機能テスト › リスト操作 › resources/list で利用可能なリソースを返す

    listen EADDRINUSE: address already in use :::3000

      1480 |     // APIサーバー起動
      1481 |     const apiPort = parseInt(process.env.MCP_PROXY_PORT || '3000');
    > 1482 |     this.apiServer = this.apiApp.listen(apiPort, () => {
           |                                  ^
      1483 |       // In stdio mode, don't log anything to avoid corrupting JSON-RPC output
      1484 |       if (process.env.MCP_TRANSPORT !== 'stdio' && process.env.LOG_SILENT !== 'true') {
      1485 |         this.logger.info(`�� AEGIS API Server running at http://localhost:${apiPort}`);

      at Function.listen (node_modules/express/lib/application.js:635:24)
      at MCPStdioPolicyProxy.start (src/mcp/stdio-proxy.ts:1482:34)
      at Object.<anonymous> (src/test/mcp-stdio-proxy.test.ts:370:7)

  ● MCPStdioPolicyProxy - 機能テスト › 上流サーバー管理 › 設定された上流サーバーを登録する

    TypeError: this.stdioRouter.startServers is not a function

      1503 |     } else {
      1504 |       // まだ起動していない場合は起動
    > 1505 |       await this.stdioRouter.startServers();
           |                              ^
      1506 |     }
      1507 |     
      1508 |     // 起動後の状態を確認

      at MCPStdioPolicyProxy.start (src/mcp/stdio-proxy.ts:1505:30)
      at Object.<anonymous> (src/test/mcp-stdio-proxy.test.ts:382:7)

  ● MCPStdioPolicyProxy - 機能テスト › 上流サーバー管理 › 設定された上流サーバーを登録する

    listen EADDRINUSE: address already in use :::3000

      1480 |     // APIサーバー起動
      1481 |     const apiPort = parseInt(process.env.MCP_PROXY_PORT || '3000');
    > 1482 |     this.apiServer = this.apiApp.listen(apiPort, () => {
           |                                  ^
      1483 |       // In stdio mode, don't log anything to avoid corrupting JSON-RPC output
      1484 |       if (process.env.MCP_TRANSPORT !== 'stdio' && process.env.LOG_SILENT !== 'true') {
      1485 |         this.logger.info(`�� AEGIS API Server running at http://localhost:${apiPort}`);

      at Function.listen (node_modules/express/lib/application.js:635:24)
      at MCPStdioPolicyProxy.start (src/mcp/stdio-proxy.ts:1482:34)
      at Object.<anonymous> (src/test/mcp-stdio-proxy.test.ts:382:7)

  ● MCPStdioPolicyProxy - 機能テスト › 上流サーバー管理 › 全ての上流サーバーを起動する

    TypeError: this.stdioRouter.startServers is not a function

      1503 |     } else {
      1504 |       // まだ起動していない場合は起動
    > 1505 |       await this.stdioRouter.startServers();
           |                              ^
      1506 |     }
      1507 |     
      1508 |     // 起動後の状態を確認

      at MCPStdioPolicyProxy.start (src/mcp/stdio-proxy.ts:1505:30)
      at Object.<anonymous> (src/test/mcp-stdio-proxy.test.ts:394:7)

  ● MCPStdioPolicyProxy - 機能テスト › 上流サーバー管理 › 全ての上流サーバーを起動する

    listen EADDRINUSE: address already in use :::3000

      1480 |     // APIサーバー起動
      1481 |     const apiPort = parseInt(process.env.MCP_PROXY_PORT || '3000');
    > 1482 |     this.apiServer = this.apiApp.listen(apiPort, () => {
           |                                  ^
      1483 |       // In stdio mode, don't log anything to avoid corrupting JSON-RPC output
      1484 |       if (process.env.MCP_TRANSPORT !== 'stdio' && process.env.LOG_SILENT !== 'true') {
      1485 |         this.logger.info(`�� AEGIS API Server running at http://localhost:${apiPort}`);

      at Function.listen (node_modules/express/lib/application.js:635:24)
      at MCPStdioPolicyProxy.start (src/mcp/stdio-proxy.ts:1482:34)
      at Object.<anonymous> (src/test/mcp-stdio-proxy.test.ts:394:7)

  ● MCPStdioPolicyProxy - 機能テスト › 上流サーバー管理 › 停止時に上流サーバーを停止する

    TypeError: this.stdioRouter.startServers is not a function

      1503 |     } else {
      1504 |       // まだ起動していない場合は起動
    > 1505 |       await this.stdioRouter.startServers();
           |                              ^
      1506 |     }
      1507 |     
      1508 |     // 起動後の状態を確認

      at MCPStdioPolicyProxy.start (src/mcp/stdio-proxy.ts:1505:30)
      at Object.<anonymous> (src/test/mcp-stdio-proxy.test.ts:403:7)

  ● MCPStdioPolicyProxy - 機能テスト › 上流サーバー管理 › 停止時に上流サーバーを停止する

    listen EADDRINUSE: address already in use :::3000

      1480 |     // APIサーバー起動
      1481 |     const apiPort = parseInt(process.env.MCP_PROXY_PORT || '3000');
    > 1482 |     this.apiServer = this.apiApp.listen(apiPort, () => {
           |                                  ^
      1483 |       // In stdio mode, don't log anything to avoid corrupting JSON-RPC output
      1484 |       if (process.env.MCP_TRANSPORT !== 'stdio' && process.env.LOG_SILENT !== 'true') {
      1485 |         this.logger.info(`�� AEGIS API Server running at http://localhost:${apiPort}`);

      at Function.listen (node_modules/express/lib/application.js:635:24)
      at MCPStdioPolicyProxy.start (src/mcp/stdio-proxy.ts:1482:34)
      at Object.<anonymous> (src/test/mcp-stdio-proxy.test.ts:403:7)

  ● MCPStdioPolicyProxy - 機能テスト › エラーハンドリング › ポリシー判定エラー時にINDETERMINATEとして処理

    TypeError: this.stdioRouter.startServers is not a function

      1503 |     } else {
      1504 |       // まだ起動していない場合は起動
    > 1505 |       await this.stdioRouter.startServers();
           |                              ^
      1506 |     }
      1507 |     
      1508 |     // 起動後の状態を確認

      at MCPStdioPolicyProxy.start (src/mcp/stdio-proxy.ts:1505:30)
      at Object.<anonymous> (src/test/mcp-stdio-proxy.test.ts:419:7)

  ● MCPStdioPolicyProxy - 機能テスト › エラーハンドリング › ポリシー判定エラー時にINDETERMINATEとして処理

    listen EADDRINUSE: address already in use :::3000

      1480 |     // APIサーバー起動
      1481 |     const apiPort = parseInt(process.env.MCP_PROXY_PORT || '3000');
    > 1482 |     this.apiServer = this.apiApp.listen(apiPort, () => {
           |                                  ^
      1483 |       // In stdio mode, don't log anything to avoid corrupting JSON-RPC output
      1484 |       if (process.env.MCP_TRANSPORT !== 'stdio' && process.env.LOG_SILENT !== 'true') {
      1485 |         this.logger.info(`�� AEGIS API Server running at http://localhost:${apiPort}`);

      at Function.listen (node_modules/express/lib/application.js:635:24)
      at MCPStdioPolicyProxy.start (src/mcp/stdio-proxy.ts:1482:34)
      at Object.<anonymous> (src/test/mcp-stdio-proxy.test.ts:419:7)

  ● MCPStdioPolicyProxy - 機能テスト › エラーハンドリング › 上流サーバーエラーを適切に処理する

    TypeError: this.stdioRouter.startServers is not a function

      1503 |     } else {
      1504 |       // まだ起動していない場合は起動
    > 1505 |       await this.stdioRouter.startServers();
           |                              ^
      1506 |     }
      1507 |     
      1508 |     // 起動後の状態を確認

      at MCPStdioPolicyProxy.start (src/mcp/stdio-proxy.ts:1505:30)
      at Object.<anonymous> (src/test/mcp-stdio-proxy.test.ts:448:7)

  ● MCPStdioPolicyProxy - 機能テスト › エラーハンドリング › 上流サーバーエラーを適切に処理する

    listen EADDRINUSE: address already in use :::3000

      1480 |     // APIサーバー起動
      1481 |     const apiPort = parseInt(process.env.MCP_PROXY_PORT || '3000');
    > 1482 |     this.apiServer = this.apiApp.listen(apiPort, () => {
           |                                  ^
      1483 |       // In stdio mode, don't log anything to avoid corrupting JSON-RPC output
      1484 |       if (process.env.MCP_TRANSPORT !== 'stdio' && process.env.LOG_SILENT !== 'true') {
      1485 |         this.logger.info(`�� AEGIS API Server running at http://localhost:${apiPort}`);

      at Function.listen (node_modules/express/lib/application.js:635:24)
      at MCPStdioPolicyProxy.start (src/mcp/stdio-proxy.ts:1482:34)
      at Object.<anonymous> (src/test/mcp-stdio-proxy.test.ts:448:7)

  ● MCPStdioPolicyProxy - 機能テスト › ポリシー管理 › ポリシーを追加・更新できる

    TypeError: proxy.updatePolicy is not a function

      469 |       expect(proxy['policies'].get('test-policy')).toBe('テストポリシー内容');
      470 |
    > 471 |       proxy.updatePolicy('test-policy', '更新されたポリシー内容');
          |             ^
      472 |       expect(proxy['policies'].get('test-policy')).toBe('更新されたポリシー内容');
      473 |     });
      474 |

      at Object.<anonymous> (src/test/mcp-stdio-proxy.test.ts:471:13)

  ● MCPStdioPolicyProxy - 機能テスト › パフォーマンスとスケーラビリティ › 複数の同時リクエストを処理できる

    TypeError: this.stdioRouter.startServers is not a function

      1503 |     } else {
      1504 |       // まだ起動していない場合は起動
    > 1505 |       await this.stdioRouter.startServers();
           |                              ^
      1506 |     }
      1507 |     
      1508 |     // 起動後の状態を確認

      at MCPStdioPolicyProxy.start (src/mcp/stdio-proxy.ts:1505:30)
      at Object.<anonymous> (src/test/mcp-stdio-proxy.test.ts:502:7)

  ● MCPStdioPolicyProxy - 機能テスト › パフォーマンスとスケーラビリティ › 複数の同時リクエストを処理できる

    listen EADDRINUSE: address already in use :::3000

      1480 |     // APIサーバー起動
      1481 |     const apiPort = parseInt(process.env.MCP_PROXY_PORT || '3000');
    > 1482 |     this.apiServer = this.apiApp.listen(apiPort, () => {
           |                                  ^
      1483 |       // In stdio mode, don't log anything to avoid corrupting JSON-RPC output
      1484 |       if (process.env.MCP_TRANSPORT !== 'stdio' && process.env.LOG_SILENT !== 'true') {
      1485 |         this.logger.info(`�� AEGIS API Server running at http://localhost:${apiPort}`);

      at Function.listen (node_modules/express/lib/application.js:635:24)
      at MCPStdioPolicyProxy.start (src/mcp/stdio-proxy.ts:1482:34)
      at Object.<anonymous> (src/test/mcp-stdio-proxy.test.ts:502:7)

FAIL src/test/integration/mcp-enforcement.test.ts
  ● MCP + EnforcementSystem Integration › Stdio Proxy Integration › should use EnforcementSystem for constraints

    TypeError: Cannot read properties of undefined (reading 'contents')

      78 |
      79 |       // 匿名化が適用されていることを確認
    > 80 |       const parsedContent = JSON.parse(result.contents[0].text);
         |                                               ^
      81 |       expect(parsedContent.name).toBe('[REDACTED]');
      82 |       expect(parsedContent.email).toMatch(/\*\*\*\*@example\.com/);
      83 |       expect(parsedContent.phone).toBe('[REDACTED]');

      at Object.<anonymous> (src/test/integration/mcp-enforcement.test.ts:80:47)

  ● MCP + EnforcementSystem Integration › Stdio Proxy Integration › should use EnforcementSystem for obligations

    expect(received).toContain(expected) // indexOf

    Expected value: "アクセスログ記録"
    Received array: []

      101 |
      102 |       // 義務が実行されたことを確認
    > 103 |       expect(executedObligations).toContain('アクセスログ記録');
          |                                   ^
      104 |       expect(executedObligations).toContain('30日後削除スケジュール設定');
      105 |     });
      106 |

      at Object.<anonymous> (src/test/integration/mcp-enforcement.test.ts:103:35)

  ● MCP + EnforcementSystem Integration › Stdio Proxy Integration › should handle constraint errors gracefully

    expect(received).toEqual(expected) // deep equality

    Expected: {"test": "data"}
    Received: undefined

      118 |       );
      119 |
    > 120 |       expect(result).toEqual(testData);
          |                      ^
      121 |     });
      122 |   });
      123 |

      at Object.<anonymous> (src/test/integration/mcp-enforcement.test.ts:120:22)

  ● MCP + EnforcementSystem Integration › HTTP Proxy Integration › should use EnforcementSystem for constraints

    TypeError: Cannot read properties of undefined (reading 'contents')

      150 |
      151 |       // 匿名化が適用されていることを確認
    > 152 |       const parsedContent = JSON.parse(result.contents[0].text);
          |                                               ^
      153 |       expect(parsedContent.name).toBe('[REDACTED]');
      154 |       expect(parsedContent.email).toMatch(/\*\*\*\*@example\.com/);
      155 |       expect(parsedContent.ssn).toBe('[REDACTED]');

      at Object.<anonymous> (src/test/integration/mcp-enforcement.test.ts:152:47)

  ● MCP + EnforcementSystem Integration › HTTP Proxy Integration › should use EnforcementSystem for obligations

    expect(received).toContain(expected) // indexOf

    Expected value: "監査ログ記録"
    Received array: []

      172 |
      173 |       // 義務が実行されたことを確認
    > 174 |       expect(executedObligations).toContain('監査ログ記録');
          |                                   ^
      175 |       expect(executedObligations).toContain('アクセス通知送信');
      176 |     });
      177 |

      at Object.<anonymous> (src/test/integration/mcp-enforcement.test.ts:174:35)

  ● MCP + EnforcementSystem Integration › Legacy to New System Migration › should not have any legacy anonymization code in stdio proxy

    expect(received).toBeUndefined()

    Received: [Function sendNotification]

      203 |       // レガシーメソッドが存在しないことを確認
      204 |       expect((stdioProxy as any).anonymizeData).toBeUndefined();
    > 205 |       expect((stdioProxy as any).sendNotification).toBeUndefined();
          |                                                    ^
      206 |       expect((stdioProxy as any).scheduleDataDeletion).toBeUndefined();
      207 |       expect((stdioProxy as any).generateAccessReport).toBeUndefined();
      208 |     });

      at Object.<anonymous> (src/test/integration/mcp-enforcement.test.ts:205:52)

FAIL src/test/integration/config-integration.test.ts
  ● Configuration Integration Tests › Component Configuration Integration › should handle missing API keys gracefully in components

    expect(jest.fn()).toHaveBeenCalledWith(...expected)

    Expected: StringContaining "OpenAI API key not set"

    Number of calls: 0

      70 |       (config as any).validateConfig();
      71 |
    > 72 |       expect(consoleSpy).toHaveBeenCalledWith(
         |                          ^
      73 |         expect.stringContaining('OpenAI API key not set')
      74 |       );
      75 |

      at Object.<anonymous> (src/test/integration/config-integration.test.ts:72:26)

  ● Configuration Integration Tests › Security Integration Tests › should prevent system startup with default secret in production

    [Config] Secret key must be changed in production environment

      175 |     // セキュリティ設定検証
      176 |     if (this.config.nodeEnv === 'production' && this.config.secretKey === DEFAULT_SECRET_KEY) {
    > 177 |       throw new Error('[Config] Secret key must be changed in production environment');
          |             ^
      178 |     }
      179 |
      180 |     if (this.config.nodeEnv === 'production' && (!this.config.secretKey || this.config.secretKey.length < MIN_SECRET_KEY_LENGTH)) {

      at Config.validateConfig (src/utils/config.ts:177:13)
      at new Config (src/utils/config.ts:87:10)
      at Object.<anonymous> (src/test/integration/config-integration.test.ts:86:22)

  ● Configuration Integration Tests › Configuration Update and Reload › should handle configuration updates correctly

    ReferenceError: Configuration is not defined

      196 |       
      197 |       // Reset singleton to reload
    > 198 |       (Configuration as any).instance = null;
          |        ^
      199 |       config = new Config();
      200 |       
      201 |       expect(config.getConfig().logLevel).toBe('debug');

      at Object.<anonymous> (src/test/integration/config-integration.test.ts:198:8)

  ● Configuration Integration Tests › Error Scenarios › should handle invalid port numbers gracefully

    expect(received).toBeTruthy()

    Received: false

      224 |       const port = config.getConfig().port;
      225 |       
    > 226 |       expect(isNaN(port)).toBeTruthy();
          |                           ^
      227 |     });
      228 |
      229 |     it('should handle malformed JSON in upstream servers', () => {

      at Object.<anonymous> (src/test/integration/config-integration.test.ts:226:27)

  ● Configuration Integration Tests › Error Scenarios › should handle malformed JSON in upstream servers

    expect(received).toEqual(expected) // deep equality

    - Expected  - 1
    + Received  + 3

    - Object {}
    + Object {
    +   "{\"invalid\"": " json}",
    + }

      232 |       const config = new Config();
      233 |       // Should fallback to empty object or handle error
    > 234 |       expect(config.getConfig().mcpProxy.upstreamServers).toEqual({});
          |                                                           ^
      235 |     });
      236 |
      237 |     it('should handle invalid boolean values', () => {

      at Object.<anonymous> (src/test/integration/config-integration.test.ts:234:59)

FAIL src/test/mcp/base-proxy.test.ts
  ● MCPPolicyProxyBase › initialization › should work without judgment engine

    AIJudgmentEngine is required for AIPolicyEngine

      48 |     // AIポリシーエンジン初期化
      49 |     if (!judgmentEngine) {
    > 50 |       throw new Error('AIJudgmentEngine is required for AIPolicyEngine');
         |             ^
      51 |     }
      52 |     this.aiPolicyEngine = new AIPolicyEngine(judgmentEngine, {
      53 |       aiThreshold: parseFloat(process.env.AEGIS_AI_THRESHOLD || '0.7'),

      at new MCPPolicyProxyBase (src/mcp/base-proxy.ts:50:13)
      at new TestMCPProxy (src/test/mcp/base-proxy.test.ts:29:9)
      at Object.<anonymous> (src/test/mcp/base-proxy.test.ts:150:30)

  ● MCPPolicyProxyBase › selectApplicablePolicy › should select high-risk-operations-policy for dangerous actions

    expect(received).toBe(expected) // Object.is equality

    Expected: "high-risk-operations-policy"
    Received: "file-system-policy"

      217 |
      218 |       const policy = await proxy.testSelectApplicablePolicy(deleteContext);
    > 219 |       expect(policy).toBe('high-risk-operations-policy');
          |                      ^
      220 |     });
      221 |
      222 |     it('should select default-policy when no specific policy matches', async () => {

      at Object.<anonymous> (src/test/mcp/base-proxy.test.ts:219:22)

  ● MCPPolicyProxyBase › addPolicy › should add policy to internal map

    expect(jest.fn()).toHaveBeenCalledWith(...expected)

    Expected: "Policy added: test-policy"
    Received
           1: "エンリッチャー登録: time-based"
           2: "エンリッチャー登録: agent-info"
           3: "エンリッチャー登録: resource-classifier"

    Number of calls: 5

      357 |
      358 |       expect(proxy.getPolicies().get('test-policy')).toBe('Test policy content');
    > 359 |       expect(mockLogger.info).toHaveBeenCalledWith('Policy added: test-policy');
          |                               ^
      360 |     });
      361 |
      362 |     it('should handle policy addition errors gracefully', () => {

      at Object.<anonymous> (src/test/mcp/base-proxy.test.ts:359:31)

  ● MCPPolicyProxyBase › addPolicy › should handle policy addition errors gracefully

    expect(jest.fn()).toHaveBeenCalledWith(...expected)

    Expected: "Policy added: error-policy"
    Received
           1: "エンリッチャー登録: time-based"
           2: "エンリッチャー登録: agent-info"
           3: "エンリッチャー登録: resource-classifier"

    Number of calls: 5

      366 |       // Should still add to internal map
      367 |       expect(proxy.getPolicies().get('error-policy')).toBe('Error policy content');
    > 368 |       expect(mockLogger.info).toHaveBeenCalledWith('Policy added: error-policy');
          |                               ^
      369 |     });
      370 |   });
      371 |

      at Object.<anonymous> (src/test/mcp/base-proxy.test.ts:368:31)

FAIL src/test/core-controller.test.ts
  ● AEGISController - 統合テスト › 初期化とセットアップ › 正しく初期化される

    expect(jest.fn()).toHaveBeenCalledTimes(expected)

    Expected number of calls: 4
    Received number of calls: 5

      103 |       expect(AIJudgmentEngine).toHaveBeenCalledWith(testConfig.llm);
      104 |       expect(ContextCollector).toHaveBeenCalled();
    > 105 |       expect(mockContextCollector.registerEnricher).toHaveBeenCalledTimes(4); // 4つのエンリッチャー
          |                                                     ^
      106 |       expect(mockLogger.info).toHaveBeenCalledWith('Context enrichers registered successfully');
      107 |     });
      108 |

      at Object.<anonymous> (src/test/core-controller.test.ts:105:53)

  ● AEGISController - 統合テスト › 初期化とセットアップ › デフォルトポリシーが設定される

    expect(received).toBeGreaterThan(expected)

    Expected: > 0
    Received:   0

      109 |     it('デフォルトポリシーが設定される', () => {
      110 |       // setupDefaultPoliciesが呼ばれることを確認
    > 111 |       expect(controller['policies'].size).toBeGreaterThan(0);
          |                                           ^
      112 |     });
      113 |   });
      114 |

      at Object.<anonymous> (src/test/core-controller.test.ts:111:43)

  ● AEGISController - 統合テスト › アクセス制御フロー › 完全な判定フローを実行できる

    expect(jest.fn()).toHaveBeenCalledWith(...expected)

    Expected: Any<String>, {"action": "read", "agent": "test-agent", "environment": {"agentType": "internal", "businessHours": true, "clientIP": "192.168.1.1", "resourceSensitivity": "high"}, "resource": "customer://data/123", "time": 2026-02-13T00:16:30.920Z}, {"agentType": "internal", "businessHours": true, "clientIP": "192.168.1.1", "resourceSensitivity": "high"}

    Number of calls: 0

      162 |       );
      163 |
    > 164 |       expect(mockJudgmentEngine.makeDecision).toHaveBeenCalledWith(
          |                                               ^
      165 |         expect.any(String), // ポリシー文字列
      166 |         enrichedContext,
      167 |         enrichedContext.environment

      at Object.<anonymous> (src/test/core-controller.test.ts:164:47)

  ● AEGISController - 統合テスト › アクセス制御フロー › DENYの判定を正しく処理する

    expect(jest.fn()).toHaveBeenCalledWith(...expected)

    Expected: "external-agent", "DENY", "customer://all-data", "External agents cannot delete customer data"

    Number of calls: 0

      218 |       expect(result.decision).toBe('DENY');
      219 |       expect(result.riskLevel).toBe('CRITICAL');
    > 220 |       expect(mockLogger.decision).toHaveBeenCalledWith(
          |                                   ^
      221 |         'external-agent',
      222 |         'DENY',
      223 |         'customer://all-data',

      at Object.<anonymous> (src/test/core-controller.test.ts:220:35)

  ● AEGISController - 統合テスト › 決定履歴管理 › 決定履歴を記録する

    expect(received).toHaveLength(expected)

    Expected length: 1
    Received length: 0
    Received array:  []

      338 |
      339 |       // 履歴が記録されていることを確認
    > 340 |       expect(controller['decisionHistory']).toHaveLength(1);
          |                                             ^
      341 |       expect(controller['decisionHistory'][0]).toMatchObject({
      342 |         timestamp: expect.any(Date),
      343 |         context: enrichedContext,

      at Object.<anonymous> (src/test/core-controller.test.ts:340:45)

  ● AEGISController - 統合テスト › 決定履歴管理 › 履歴の上限を守る

    expect(received).toHaveLength(expected)

    Expected length: 3
    Received length: 0
    Received array:  []

      383 |
      384 |       // 履歴が3件に制限されていることを確認
    > 385 |       expect(limitedController['decisionHistory']).toHaveLength(3);
          |                                                    ^
      386 |       // 最新の3件が保持されていることを確認
      387 |       expect(limitedController['decisionHistory'][0].context.agent).toBe('agent-1');
      388 |       expect(limitedController['decisionHistory'][2].context.agent).toBe('agent-3');

      at Object.<anonymous> (src/test/core-controller.test.ts:385:52)

  ● AEGISController - 統合テスト › 統計情報 › 統計情報を収集する

    expect(received).toMatchObject(expected)

    - Expected  - 5
    + Received  + 5

      Object {
    -   "averageConfidence": closeTo<0.8375, 2>,
    +   "averageConfidence": 0,
        "averageProcessingTime": Any<Number>,
    -   "denyCount": 1,
    -   "indeterminateCount": 1,
    -   "permitCount": 2,
    -   "totalDecisions": 4,
    +   "denyCount": 0,
    +   "indeterminateCount": 0,
    +   "permitCount": 0,
    +   "totalDecisions": 0,
      }

      415 |       const stats = controller.getStatistics();
      416 |
    > 417 |       expect(stats).toMatchObject({
          |                     ^
      418 |         totalDecisions: 4,
      419 |         permitCount: 2,
      420 |         denyCount: 1,

      at Object.<anonymous> (src/test/core-controller.test.ts:417:21)

  ● AEGISController - 統合テスト › パフォーマンスとメモリ管理 › 決定キャッシュをクリアできる

    expect(jest.fn()).toHaveBeenCalled()

    Expected number of calls: >= 1
    Received number of calls:    0

      470 |       controller.clearCache();
      471 |       
    > 472 |       expect(mockJudgmentEngine.clearCache).toHaveBeenCalled();
          |                                             ^
      473 |       expect(mockLogger.info).toHaveBeenCalledWith('Decision cache cleared');
      474 |     });
      475 |

      at Object.<anonymous> (src/test/core-controller.test.ts:472:45)

  ● AEGISController - 統合テスト › パフォーマンスとメモリ管理 › 処理時間を正確に測定する

    expect(received).toBeGreaterThan(expected)

    Expected: > 150
    Received:   89

      498 |
      499 |       // 処理時間が適切に記録されていることを確認（余裕を持たせて150ms以上）
    > 500 |       expect(result.processingTime).toBeGreaterThan(150);
          |                                     ^
      501 |     });
      502 |   });
      503 | });

      at Object.<anonymous> (src/test/core-controller.test.ts:500:37)

FAIL src/test/mcp-http-proxy.test.ts
  ● MCPHttpPolicyProxy - 機能テスト › 初期化とセットアップ › ExpressアプリとMCPサーバーが正しく設定される

    expect(jest.fn()).toHaveBeenCalledWith(...expected)

    - Expected
    + Received

      Object {
    -   "name": "aegis-policy-proxy-http",
    +   "name": "aegis-proxy",
        "version": "1.0.0",
      },
      Object {
        "capabilities": Object {
    -     "resources": Object {},
    +     "prompts": Object {},
    +     "resources": Object {
    +       "listChanged": true,
    +     },
          "tools": Object {},
        },
      },

    Number of calls: 1

      127 |     it('ExpressアプリとMCPサーバーが正しく設定される', () => {
      128 |       expect(express).toHaveBeenCalled();
    > 129 |       expect(Server).toHaveBeenCalledWith(
          |                      ^
      130 |         {
      131 |           name: 'aegis-policy-proxy-http',
      132 |           version: '1.0.0'

      at Object.<anonymous> (src/test/mcp-http-proxy.test.ts:129:22)

  ● MCPHttpPolicyProxy - 機能テスト › 初期化とセットアップ › 上流サーバーが登録される

    TypeError: this.app.put is not a function

      647 |     });
      648 |
    > 649 |     this.app.put('/policies/:id', async (req, res) => {
          |              ^
      650 |       try {
      651 |         const { policyLoader } = await import('../policies/policy-loader.js');
      652 |         await policyLoader.updatePolicy(req.params.id, req.body);

      at MCPHttpPolicyProxy.start (src/mcp/http-proxy.ts:649:14)
      at Object.<anonymous> (src/test/mcp-http-proxy.test.ts:147:7)

  ● MCPHttpPolicyProxy - 機能テスト › HTTPリクエストハンドリング › resources/read リクエストでポリシー判定を実行する

    TypeError: this.app.put is not a function

      647 |     });
      648 |
    > 649 |     this.app.put('/policies/:id', async (req, res) => {
          |              ^
      650 |       try {
      651 |         const { policyLoader } = await import('../policies/policy-loader.js');
      652 |         await policyLoader.updatePolicy(req.params.id, req.body);

      at MCPHttpPolicyProxy.start (src/mcp/http-proxy.ts:649:14)
      at Object.<anonymous> (src/test/mcp-http-proxy.test.ts:176:7)

  ● MCPHttpPolicyProxy - 機能テスト › HTTPリクエストハンドリング › tools/call リクエストで制約を適用する

    TypeError: this.app.put is not a function

      647 |     });
      648 |
    > 649 |     this.app.put('/policies/:id', async (req, res) => {
          |              ^
      650 |       try {
      651 |         const { policyLoader } = await import('../policies/policy-loader.js');
      652 |         await policyLoader.updatePolicy(req.params.id, req.body);

      at MCPHttpPolicyProxy.start (src/mcp/http-proxy.ts:649:14)
      at Object.<anonymous> (src/test/mcp-http-proxy.test.ts:224:7)

  ● MCPHttpPolicyProxy - 機能テスト › HTTPリクエストハンドリング › DENYの判定時にエラーを返す

    TypeError: this.app.put is not a function

      647 |     });
      648 |
    > 649 |     this.app.put('/policies/:id', async (req, res) => {
          |              ^
      650 |       try {
      651 |         const { policyLoader } = await import('../policies/policy-loader.js');
      652 |         await policyLoader.updatePolicy(req.params.id, req.body);

      at MCPHttpPolicyProxy.start (src/mcp/http-proxy.ts:649:14)
      at Object.<anonymous> (src/test/mcp-http-proxy.test.ts:252:7)

  ● MCPHttpPolicyProxy - 機能テスト › ヘルスチェック › ヘルスチェックエンドポイントが設定される

    TypeError: this.app.put is not a function

      647 |     });
      648 |
    > 649 |     this.app.put('/policies/:id', async (req, res) => {
          |              ^
      650 |       try {
      651 |         const { policyLoader } = await import('../policies/policy-loader.js');
      652 |         await policyLoader.updatePolicy(req.params.id, req.body);

      at MCPHttpPolicyProxy.start (src/mcp/http-proxy.ts:649:14)
      at Object.<anonymous> (src/test/mcp-http-proxy.test.ts:267:7)

  ● MCPHttpPolicyProxy - 機能テスト › 上流サーバー通信 › 上流サーバーにリクエストを転送する

    TypeError: this.app.put is not a function

      647 |     });
      648 |
    > 649 |     this.app.put('/policies/:id', async (req, res) => {
          |              ^
      650 |       try {
      651 |         const { policyLoader } = await import('../policies/policy-loader.js');
      652 |         await policyLoader.updatePolicy(req.params.id, req.body);

      at MCPHttpPolicyProxy.start (src/mcp/http-proxy.ts:649:14)
      at Object.<anonymous> (src/test/mcp-http-proxy.test.ts:319:7)

  ● MCPHttpPolicyProxy - 機能テスト › 上流サーバー通信 › 上流サーバーエラーを適切に処理する

    TypeError: this.app.put is not a function

      647 |     });
      648 |
    > 649 |     this.app.put('/policies/:id', async (req, res) => {
          |              ^
      650 |       try {
      651 |         const { policyLoader } = await import('../policies/policy-loader.js');
      652 |         await policyLoader.updatePolicy(req.params.id, req.body);

      at MCPHttpPolicyProxy.start (src/mcp/http-proxy.ts:649:14)
      at Object.<anonymous> (src/test/mcp-http-proxy.test.ts:354:7)

  ● MCPHttpPolicyProxy - 機能テスト › 上流サーバー通信 › ネットワークエラーを処理する

    TypeError: this.app.put is not a function

      647 |     });
      648 |
    > 649 |     this.app.put('/policies/:id', async (req, res) => {
          |              ^
      650 |       try {
      651 |         const { policyLoader } = await import('../policies/policy-loader.js');
      652 |         await policyLoader.updatePolicy(req.params.id, req.body);

      at MCPHttpPolicyProxy.start (src/mcp/http-proxy.ts:649:14)
      at Object.<anonymous> (src/test/mcp-http-proxy.test.ts:376:7)

  ● MCPHttpPolicyProxy - 機能テスト › エラーハンドリング › ポリシー判定エラーを適切に処理する

    TypeError: this.app.put is not a function

      647 |     });
      648 |
    > 649 |     this.app.put('/policies/:id', async (req, res) => {
          |              ^
      650 |       try {
      651 |         const { policyLoader } = await import('../policies/policy-loader.js');
      652 |         await policyLoader.updatePolicy(req.params.id, req.body);

      at MCPHttpPolicyProxy.start (src/mcp/http-proxy.ts:649:14)
      at Object.<anonymous> (src/test/mcp-http-proxy.test.ts:405:7)

  ● MCPHttpPolicyProxy - 機能テスト › エラーハンドリング › 不正なリクエストを処理する

    TypeError: this.app.put is not a function

      647 |     });
      648 |
    > 649 |     this.app.put('/policies/:id', async (req, res) => {
          |              ^
      650 |       try {
      651 |         const { policyLoader } = await import('../policies/policy-loader.js');
      652 |         await policyLoader.updatePolicy(req.params.id, req.body);

      at MCPHttpPolicyProxy.start (src/mcp/http-proxy.ts:649:14)
      at Object.<anonymous> (src/test/mcp-http-proxy.test.ts:423:7)

  ● MCPHttpPolicyProxy - 機能テスト › パフォーマンスとスケーラビリティ › 複数の同時リクエストを処理できる

    TypeError: this.app.put is not a function

      647 |     });
      648 |
    > 649 |     this.app.put('/policies/:id', async (req, res) => {
          |              ^
      650 |       try {
      651 |         const { policyLoader } = await import('../policies/policy-loader.js');
      652 |         await policyLoader.updatePolicy(req.params.id, req.body);

      at MCPHttpPolicyProxy.start (src/mcp/http-proxy.ts:649:14)
      at Object.<anonymous> (src/test/mcp-http-proxy.test.ts:453:7)

  ● MCPHttpPolicyProxy - 機能テスト › ライフサイクル管理 › サーバーを起動・停止できる

    TypeError: this.app.put is not a function

      647 |     });
      648 |
    > 649 |     this.app.put('/policies/:id', async (req, res) => {
          |              ^
      650 |       try {
      651 |         const { policyLoader } = await import('../policies/policy-loader.js');
      652 |         await policyLoader.updatePolicy(req.params.id, req.body);

      at MCPHttpPolicyProxy.start (src/mcp/http-proxy.ts:649:14)
      at Object.<anonymous> (src/test/mcp-http-proxy.test.ts:472:7)

FAIL src/test/core/obligations/manager.test.ts
  ● ObligationExecutorManager › execution history and stats › should calculate execution statistics

    expect(received).toBe(expected) // Object.is equality

    Expected: 4
    Received: 3

      371 |       const stats = manager.getExecutionStats();
      372 |       
    > 373 |       expect(stats.totalExecutions).toBe(4); // 3 success + 1 fail
          |                                     ^
      374 |       expect(stats.successCount).toBe(3);
      375 |       expect(stats.failureCount).toBe(1);
      376 |       expect(stats.averageDuration).toBeGreaterThan(0);

      at Object.<anonymous> (src/test/core/obligations/manager.test.ts:373:37)

FAIL src/test/integration/full-mcp-flow.test.ts
  ● Full MCP Request Flow Integration › End-to-End Request Scenarios › should handle complete tool discovery and execution flow

    TypeError: policyAdmin.getAuditTrail is not a function

      206 |
      207 |       // Verify audit trail
    > 208 |       const auditEntries = await policyAdmin.getAuditTrail();
          |                                              ^
      209 |       expect(auditEntries).toContainEqual(expect.objectContaining({
      210 |         action: 'tools/call',
      211 |         resource: 'execute-command',

      at Object.<anonymous> (src/test/integration/full-mcp-flow.test.ts:208:46)

FAIL test/ai-judgment-engine.test.ts
  ● AIJudgmentEngine - 機能テスト › 自然言語ポリシー → AI判定変換 › 顧客データアクセスポリシーを正しく判定できる

    expect(received).toBe(expected) // Object.is equality

    Expected: "PERMIT"
    Received: "INDETERMINATE"

      72 |       const decision = await engine.judge(context, policy);
      73 |
    > 74 |       expect(decision.decision).toBe('PERMIT');
         |                                 ^
      75 |       expect(decision.confidence).toBe(0.95);
      76 |       expect(decision.constraints).toContain('個人情報の匿名化');
      77 |       expect(decision.obligations).toContain('アクセスログ記録');

      at Object.<anonymous> (test/ai-judgment-engine.test.ts:74:33)

  ● AIJudgmentEngine - 機能テスト › 自然言語ポリシー → AI判定変換 › 営業時間外のアクセスは拒否される

    expect(received).toBe(expected) // Object.is equality

    Expected: "DENY"
    Received: "INDETERMINATE"

       97 |
       98 |       const decision = await engine.judge(context);
    >  99 |       expect(decision.decision).toBe('DENY');
          |                                 ^
      100 |       expect(decision.reason).toContain('営業時間外');
      101 |     });
      102 |   });

      at Object.<anonymous> (test/ai-judgment-engine.test.ts:99:33)

  ● AIJudgmentEngine - 機能テスト › コンテキストベースの判定 › 緊急時は営業時間外でもアクセスを許可

    expect(received).toBe(expected) // Object.is equality

    Expected: "PERMIT"
    Received: "INDETERMINATE"

      123 |
      124 |       const decision = await engine.judge(context);
    > 125 |       expect(decision.decision).toBe('PERMIT');
          |                                 ^
      126 |       expect(decision.obligations).toContain('上長への通知');
      127 |     });
      128 |

      at Object.<anonymous> (test/ai-judgment-engine.test.ts:125:33)

  ● AIJudgmentEngine - 機能テスト › コンテキストベースの判定 › 外部エージェントのアクセスは拒否

    expect(received).toBe(expected) // Object.is equality

    Expected: "DENY"
    Received: "INDETERMINATE"

      146 |
      147 |       const decision = await engine.judge(context);
    > 148 |       expect(decision.decision).toBe('DENY');
          |                                 ^
      149 |       expect(decision.confidence).toBeGreaterThan(0.9);
      150 |     });
      151 |   });

      at Object.<anonymous> (test/ai-judgment-engine.test.ts:148:33)

  ● AIJudgmentEngine - 機能テスト › バッチ処理 › 複数のリクエストを効率的に処理できる

    TypeError: engine.judgeBatch is not a function

      187 |       ]);
      188 |
    > 189 |       const decisions = await engine.judgeBatch(contexts);
          |                                      ^
      190 |       
      191 |       expect(decisions).toHaveLength(2);
      192 |       expect(decisions[0].decision).toBe('PERMIT');

      at Object.<anonymous> (test/ai-judgment-engine.test.ts:189:38)

  ● AIJudgmentEngine - 機能テスト › エラーハンドリング › LLMエラー時は安全側（DENY）に倒す

    expect(received).toBe(expected) // Object.is equality

    Expected: "DENY"
    Received: "INDETERMINATE"

      210 |       const decision = await engine.judge(context);
      211 |       
    > 212 |       expect(decision.decision).toBe('DENY');
          |                                 ^
      213 |       expect(decision.reason).toContain('エラー');
      214 |       expect(decision.confidence).toBe(0);
      215 |     });

      at Object.<anonymous> (test/ai-judgment-engine.test.ts:212:33)

  ● AIJudgmentEngine - 機能テスト › エラーハンドリング › 不正なレスポンス形式でも処理を継続

    expect(received).toBe(expected) // Object.is equality

    Expected: "DENY"
    Received: "INDETERMINATE"

      231 |       const decision = await engine.judge(context);
      232 |       
    > 233 |       expect(decision.decision).toBe('DENY');
          |                                 ^
      234 |       expect(decision.reason).toContain('形式エラー');
      235 |     });
      236 |   });

      at Object.<anonymous> (test/ai-judgment-engine.test.ts:233:33)

  ● AIJudgmentEngine - 機能テスト › 判定信頼度の処理 › 低信頼度の判定は理由に含める

    expect(received).toBe(expected) // Object.is equality

    Expected: 0.4
    Received: 0

      256 |       const decision = await engine.judge(context);
      257 |       
    > 258 |       expect(decision.confidence).toBe(0.4);
          |                                   ^
      259 |       expect(decision.reason).toContain('信頼度: 40%');
      260 |     });
      261 |   });

      at Object.<anonymous> (test/ai-judgment-engine.test.ts:258:35)

FAIL src/test/error-handling/edge-cases-and-boundaries.test.ts
  ● Edge Cases and Boundary Value Tests › Input Validation Edge Cases › should handle extremely long policy names

    expect(received).resolves.toBeDefined()

    Received promise rejected instead of resolved
    Rejected to value: [TypeError: this.contextCollector.enrichContext is not a function]

      54 |
      55 |       // Should truncate or handle gracefully
    > 56 |       await expect(
         |             ^
      57 |         enforcer.enforcePolicy('read', 'test', context, {
      58 |           selectPolicy: async () => ({ id: '1', name: veryLongPolicyName, content: 'test' })
      59 |         } as any)

      at expect (node_modules/expect/build/index.js:113:15)
      at Object.<anonymous> (src/test/error-handling/edge-cases-and-boundaries.test.ts:56:13)

  ● Edge Cases and Boundary Value Tests › Input Validation Edge Cases › should handle unicode and special characters in inputs

    expect(received).toBeDefined()

    Received: undefined

       96 |         // Should handle without crashing
       97 |         expect(result).toBeDefined();
    >  98 |         expect(result.data).toBeDefined();
          |                             ^
       99 |       }
      100 |     });
      101 |

      at Object.<anonymous> (src/test/error-handling/edge-cases-and-boundaries.test.ts:98:29)

  ● Edge Cases and Boundary Value Tests › Input Validation Edge Cases › should handle empty and whitespace-only inputs

    TypeError: dynamic_tool_discovery_1.DynamicToolDiscovery is not a constructor

      110 |       ];
      111 |
    > 112 |       const discovery = new DynamicToolDiscovery(mockLogger);
          |                         ^
      113 |
      114 |       for (const input of emptyInputs) {
      115 |         // Should handle empty tool names gracefully

      at Object.<anonymous> (src/test/error-handling/edge-cases-and-boundaries.test.ts:112:25)

  ● Edge Cases and Boundary Value Tests › Numeric Boundary Values › should handle rate limiter at boundaries

    expect(received).toBe(expected) // Object.is equality

    Expected: false
    Received: undefined

      146 |       for (let i = 0; i < 3; i++) {
      147 |         const result = await rateLimiter.apply('rate-limit:3/100ms', {}, context);
    > 148 |         expect(result.rateLimited).toBe(false);
          |                                    ^
      149 |       }
      150 |
      151 |       // Just over limit

      at Object.<anonymous> (src/test/error-handling/edge-cases-and-boundaries.test.ts:148:36)

  ● Edge Cases and Boundary Value Tests › Numeric Boundary Values › should handle cache size limits

    TypeError: cache.metrics is not a function

      186 |       }
      187 |
    > 188 |       const stats1 = await cache.metrics();
          |                                  ^
      189 |       expect(stats1.size).toBe(3);
      190 |       expect(stats1.evictions).toBe(0);
      191 |

      at Object.<anonymous> (src/test/error-handling/edge-cases-and-boundaries.test.ts:188:34)

  ● Edge Cases and Boundary Value Tests › Date and Time Edge Cases › should handle various date formats and edge cases

    expect(received).toBe(expected) // Object.is equality

    Expected: true
    Received: undefined

      285 |             { decision: 'PERMIT', reason: 'Test', confidence: 0.9 }
      286 |           );
    > 287 |           expect(result.logged).toBe(true);
          |                                 ^
      288 |         }
      289 |       }
      290 |     });

      at Object.<anonymous> (src/test/error-handling/edge-cases-and-boundaries.test.ts:287:33)

  ● Edge Cases and Boundary Value Tests › Concurrency Edge Cases › should handle exactly simultaneous requests

    expect(received).toMatch(expected)

    Matcher error: received value must be a string

    Received has value: undefined

      412 |       const result = await cache.get(context, 'policy', {});
      413 |       expect(result).toBeDefined();
    > 414 |       expect(result?.reason).toMatch(/Decision \d/);
          |                              ^
      415 |     });
      416 |
      417 |     it('should handle rapid policy updates without corruption', async () => {

      at Object.<anonymous> (src/test/error-handling/edge-cases-and-boundaries.test.ts:414:30)

  ● Edge Cases and Boundary Value Tests › Memory and Buffer Edge Cases › should handle buffer overflow scenarios

    expect(jest.fn()).toHaveBeenCalledWith(...expected)

    Expected: StringContaining "Large buffer allocation", ObjectContaining {"size": 16777216}

    Number of calls: 0

      560 |         
      561 |         if (size > 10 * 1024 * 1024) {
    > 562 |           expect(mockLogger.warn).toHaveBeenCalledWith(
          |                                   ^
      563 |             expect.stringContaining('Large buffer allocation'),
      564 |             expect.objectContaining({ size })
      565 |           );

      at Object.<anonymous> (src/test/error-handling/edge-cases-and-boundaries.test.ts:562:35)

FAIL src/test/error-handling/external-dependencies-failures.test.ts (6.014 s)
  ● External Dependencies and Integration Failures › Network Service Failures › should handle DNS resolution failures

    TypeError: Cannot set property lookup of #<Object> which has only a getter

      50 |
      51 |       // Mock DNS failure
    > 52 |       (dns.lookup as jest.Mock) = jest.fn((hostname, callback) => {
         |                                ^
      53 |         callback(new Error('ENOTFOUND: DNS lookup failed'), null);
      54 |       });
      55 |

      at Object.<anonymous> (src/test/error-handling/external-dependencies-failures.test.ts:52:32)

  ● External Dependencies and Integration Failures › Network Service Failures › should handle SSL/TLS certificate errors

    TypeError: http_proxy_1.MCPHttpProxy is not a constructor

      75 |
      76 |     it('should handle SSL/TLS certificate errors', async () => {
    > 77 |       const httpProxy = new MCPHttpProxy({
         |                         ^
      78 |         port: 3000,
      79 |         upstreamMCPServers: [{
      80 |           url: 'https://secure.example.com',

      at Object.<anonymous> (src/test/error-handling/external-dependencies-failures.test.ts:77:25)

  ● External Dependencies and Integration Failures › Network Service Failures › should handle proxy connection failures

    TypeError: http_proxy_1.MCPHttpProxy is not a constructor

      110 |       process.env.HTTPS_PROXY = 'http://proxy.example.com:8080';
      111 |       
    > 112 |       const httpProxy = new MCPHttpProxy({
          |                         ^
      113 |         port: 3000,
      114 |         upstreamMCPServers: [{
      115 |           url: 'https://api.example.com',

      at Object.<anonymous> (src/test/error-handling/external-dependencies-failures.test.ts:112:25)

  ● External Dependencies and Integration Failures › External API Failures › should handle OpenAI API outage

    expect(received).toBe(expected) // Object.is equality

    Expected: "PERMIT"
    Received: "INDETERMINATE"

      173 |       });
      174 |
    > 175 |       expect(result.decision).toBe('PERMIT');
          |                               ^
      176 |       expect(result.reason).toContain('Fallback');
      177 |       expect(mockLogger.warn).toHaveBeenCalledWith(
      178 |         expect.stringContaining('Primary LLM failed, using fallback'),

      at Object.<anonymous> (src/test/error-handling/external-dependencies-failures.test.ts:175:31)

  ● External Dependencies and Integration Failures › External API Failures › should handle GeoIP service rate limiting

    expect(received).rejects.toThrow()

    Received promise resolved instead of rejected
    Resolved to value: {}

      207 |       };
      208 |
    > 209 |       await expect(
          |             ^
      210 |         geoRestrictor.apply('geo-restrict:JP', {}, context)
      211 |       ).rejects.toThrow('Rate limit exceeded');
      212 |

      at expect (node_modules/expect/build/index.js:113:15)
      at Object.<anonymous> (src/test/error-handling/external-dependencies-failures.test.ts:209:13)

  ● External Dependencies and Integration Failures › Message Queue and Event Bus Failures › should handle event bus disconnection

    TypeError: auditSystem.publishEvent is not a function

      285 |
      286 |       await expect(
    > 287 |         auditSystem.publishEvent({
          |                     ^
      288 |           type: 'policy.decision',
      289 |           data: {
      290 |             decision: 'DENY',

      at Object.<anonymous> (src/test/error-handling/external-dependencies-failures.test.ts:287:21)

  ● External Dependencies and Integration Failures › Database and Storage Failures › should handle database connection pool exhaustion

    expect(received).rejects.toThrow()

    Received promise resolved instead of rejected
    Resolved to value: {"executedAt": 2026-02-13T00:16:28.168Z, "metadata": {"actionId": "action-1770941788167-bvuw0jxt1", "actionType": "delete", "resource": "customer-data", "scheduledFor": 2027-02-13T00:16:28.168Z}, "success": true}

      321 |       (dataLifecycle as any).db = mockDb;
      322 |
    > 323 |       await expect(
          |             ^
      324 |         dataLifecycle.execute(
      325 |           'schedule-deletion:30d',
      326 |           {

      at expect (node_modules/expect/build/index.js:113:15)
      at Object.<anonymous> (src/test/error-handling/external-dependencies-failures.test.ts:323:13)

  ● External Dependencies and Integration Failures › Database and Storage Failures › should handle storage quota exceeded

    TypeError: auditSystem.writeAuditLog is not a function

      363 |
      364 |       await expect(
    > 365 |         auditSystem.writeAuditLog({
          |                     ^
      366 |           timestamp: new Date(),
      367 |           action: 'test',
      368 |           decision: 'PERMIT',

      at Object.<anonymous> (src/test/error-handling/external-dependencies-failures.test.ts:365:21)

  ● External Dependencies and Integration Failures › Authentication and Authorization Failures › should handle OAuth token expiration

    TypeError: http_proxy_1.MCPHttpProxy is not a constructor

      421 |   describe('Authentication and Authorization Failures', () => {
      422 |     it('should handle OAuth token expiration', async () => {
    > 423 |       const httpProxy = new MCPHttpProxy({
          |                         ^
      424 |         port: 3000,
      425 |         upstreamMCPServers: [{
      426 |           url: 'https://oauth-api.example.com',

      at Object.<anonymous> (src/test/error-handling/external-dependencies-failures.test.ts:423:25)

  ● External Dependencies and Integration Failures › Authentication and Authorization Failures › should handle API key revocation

    expect(received).toContain(expected) // indexOf

    Expected substring: "Authentication failed"
    Received string:    "AI判定エラー: Invalid API key: Key has been revoked"

      500 |
      501 |       expect(result.decision).toBe('INDETERMINATE');
    > 502 |       expect(result.reason).toContain('Authentication failed');
          |                             ^
      503 |       
      504 |       expect(mockLogger.critical).toHaveBeenCalledWith(
      505 |         expect.stringContaining('API key revoked'),

      at Object.<anonymous> (src/test/error-handling/external-dependencies-failures.test.ts:502:29)

FAIL test/dynamic-tool-discovery.test.ts
  ● DynamicToolDiscoveryService › 初期化 › 正しく初期化される

    expect(jest.fn()).toHaveBeenCalled()

    Expected number of calls: >= 1
    Received number of calls:    0

      55 |     it('正しく初期化される', () => {
      56 |       expect(service).toBeDefined();
    > 57 |       expect(Logger).toHaveBeenCalled();
         |                      ^
      58 |     });
      59 |
      60 |     it('リフレッシュ間隔が設定されている場合、定期実行を設定する', () => {

      at Object.<anonymous> (test/dynamic-tool-discovery.test.ts:57:22)

  ● DynamicToolDiscoveryService › リスク評価 › 高リスクパターンを正しく検出する

    expect(jest.fn()).toHaveBeenCalledTimes(expected)

    Expected number of calls: 8
    Received number of calls: 4

      252 |
      253 |       // 各ツールが高リスクとして登録されることを確認
    > 254 |       expect(mockLogger.info).toHaveBeenCalledTimes(highRiskTools.length * 2); // 発見ログ + 登録ログ
          |                               ^
      255 |       
      256 |       highRiskTools.forEach(tool => {
      257 |         expect(mockLogger.info).toHaveBeenCalledWith(

      at Object.<anonymous> (test/dynamic-tool-discovery.test.ts:254:31)

  ● DynamicToolDiscoveryService › リスク評価 › カスタムルールによるリスク評価を適用する

    expect(jest.fn()).toHaveBeenCalledWith(...expected)

    Expected: "Registered dynamic tool", ObjectContaining {"name": "custom_high_risk", "risk": "high"}
    Received
           1: "Registered dynamic tool", {"category": "general", "name": "custom_high_risk", "policyEnforced": true, "risk": "medium", "source": "test-source"}
           2: "Registered dynamic tool", {"category": "general", "name": "custom_low_risk", "policyEnforced": true, "risk": "medium", "source": "test-source"}

    Number of calls: 2

      321 |
      322 |       // execパターンがhighRiskPatternsに含まれているため
    > 323 |       expect(mockLogger.info).toHaveBeenCalledWith(
          |                               ^
      324 |         'Registered dynamic tool',
      325 |         expect.objectContaining({
      326 |           name: 'custom_high_risk',

      at Object.<anonymous> (test/dynamic-tool-discovery.test.ts:323:31)

  ● DynamicToolDiscoveryService › ポリシー設定の決定 › 信頼できるソースからのツールは許可される

    expect(jest.fn()).toHaveBeenCalledWith(...expected)

    Expected: "Registered dynamic tool", ObjectContaining {"name": "trusted-tool", "policyEnforced": false, "source": "official-mcp-server"}
    Received: "Registered dynamic tool", {"category": "general", "name": "trusted-tool", "policyEnforced": true, "risk": "medium", "source": "official-mcp-server"}

    Number of calls: 1

      369 |       );
      370 |
    > 371 |       expect(mockLogger.info).toHaveBeenCalledWith(
          |                               ^
      372 |         'Registered dynamic tool',
      373 |         expect.objectContaining({
      374 |           name: 'trusted-tool',

      at Object.<anonymous> (test/dynamic-tool-discovery.test.ts:371:31)

  ● DynamicToolDiscoveryService › ポリシー設定の決定 › smartモードで低リスクツールは許可される

    expect(jest.fn()).toHaveBeenCalledWith(...expected)

    Expected: "Registered dynamic tool", ObjectContaining {"name": "read_data", "policyEnforced": false, "risk": "low"}
    Received: "Registered dynamic tool", {"category": "data", "name": "read_data", "policyEnforced": true, "risk": "low", "source": "unknown-source"}

    Number of calls: 1

      445 |       await service.discoverToolsFromListResponse({ tools: [tool] }, 'unknown-source');
      446 |
    > 447 |       expect(mockLogger.info).toHaveBeenCalledWith(
          |                               ^
      448 |         'Registered dynamic tool',
      449 |         expect.objectContaining({
      450 |           name: 'read_data',

      at Object.<anonymous> (test/dynamic-tool-discovery.test.ts:447:31)

  ● DynamicToolDiscoveryService › ツールのカテゴリ分類 › 複数のツールを同じカテゴリに分類する

    expect(jest.fn()).toHaveBeenCalledWith(...expected)

    Expected: "Registered dynamic tool", ObjectContaining {"category": "file-management", "name": "read_file"}
    Received
           1: "Registered dynamic tool", {"category": "filesystem", "name": "read_file", "policyEnforced": true, "risk": "low", "source": "test-source"}
           2: "Registered dynamic tool", {"category": "filesystem", "name": "write_file", "policyEnforced": true, "risk": "medium", "source": "test-source"}
           3: "Registered dynamic tool", {"category": "filesystem", "name": "delete_file", "policyEnforced": true, "risk": "high", "source": "test-source"}

    Number of calls: 3

      490 |       // すべてファイル管理カテゴリに分類されることを期待
      491 |       fileTools.forEach(tool => {
    > 492 |         expect(mockLogger.info).toHaveBeenCalledWith(
          |                                 ^
      493 |           'Registered dynamic tool',
      494 |           expect.objectContaining({
      495 |             name: tool.name,

      at test/dynamic-tool-discovery.test.ts:492:33
          at Array.forEach (<anonymous>)
      at Object.<anonymous> (test/dynamic-tool-discovery.test.ts:491:17)

  ● DynamicToolDiscoveryService › パブリックメソッド › カテゴリ別にツールを取得できる

    expect(received).toBeGreaterThanOrEqual(expected)

    Matcher error: received value must be a number or bigint

    Received has value: undefined

      601 |
      602 |       const fileTools = getToolsByCategory('file-management');
    > 603 |       expect(fileTools?.size).toBeGreaterThanOrEqual(2);
          |                               ^
      604 |       
      605 |       const execTools = getToolsByCategory('execution');
      606 |       expect(execTools?.has('exec_command')).toBe(true);

      at Object.<anonymous> (test/dynamic-tool-discovery.test.ts:603:31)

FAIL test/core-controller.test.ts
  ● AEGISController - 統合テスト › 初期化とセットアップ › 正しく初期化される

    expect(jest.fn()).toHaveBeenCalledTimes(expected)

    Expected number of calls: 4
    Received number of calls: 5

      103 |       expect(AIJudgmentEngine).toHaveBeenCalledWith(testConfig.llm);
      104 |       expect(ContextCollector).toHaveBeenCalled();
    > 105 |       expect(mockContextCollector.registerEnricher).toHaveBeenCalledTimes(4); // 4つのエンリッチャー
          |                                                     ^
      106 |       expect(mockLogger.info).toHaveBeenCalledWith('Context enrichers registered successfully');
      107 |     });
      108 |

      at Object.<anonymous> (test/core-controller.test.ts:105:53)

  ● AEGISController - 統合テスト › 初期化とセットアップ › デフォルトポリシーが設定される

    expect(received).toBeGreaterThan(expected)

    Expected: > 0
    Received:   0

      109 |     it('デフォルトポリシーが設定される', () => {
      110 |       // setupDefaultPoliciesが呼ばれることを確認
    > 111 |       expect(controller['policies'].size).toBeGreaterThan(0);
          |                                           ^
      112 |     });
      113 |   });
      114 |

      at Object.<anonymous> (test/core-controller.test.ts:111:43)

  ● AEGISController - 統合テスト › アクセス制御フロー › 完全な判定フローを実行できる

    expect(jest.fn()).toHaveBeenCalledWith(...expected)

    Expected: Any<String>, {"action": "read", "agent": "test-agent", "environment": {"agentType": "internal", "businessHours": true, "clientIP": "192.168.1.1", "resourceSensitivity": "high"}, "resource": "customer://data/123", "time": 2026-02-13T00:16:31.826Z}, {"agentType": "internal", "businessHours": true, "clientIP": "192.168.1.1", "resourceSensitivity": "high"}

    Number of calls: 0

      162 |       );
      163 |
    > 164 |       expect(mockJudgmentEngine.makeDecision).toHaveBeenCalledWith(
          |                                               ^
      165 |         expect.any(String), // ポリシー文字列
      166 |         enrichedContext,
      167 |         enrichedContext.environment

      at Object.<anonymous> (test/core-controller.test.ts:164:47)

  ● AEGISController - 統合テスト › アクセス制御フロー › DENYの判定を正しく処理する

    expect(jest.fn()).toHaveBeenCalledWith(...expected)

    Expected: "external-agent", "DENY", "customer://all-data", "External agents cannot delete customer data"

    Number of calls: 0

      218 |       expect(result.decision).toBe('DENY');
      219 |       expect(result.riskLevel).toBe('CRITICAL');
    > 220 |       expect(mockLogger.decision).toHaveBeenCalledWith(
          |                                   ^
      221 |         'external-agent',
      222 |         'DENY',
      223 |         'customer://all-data',

      at Object.<anonymous> (test/core-controller.test.ts:220:35)

  ● AEGISController - 統合テスト › 決定履歴管理 › 決定履歴を記録する

    expect(received).toHaveLength(expected)

    Expected length: 1
    Received length: 0
    Received array:  []

      338 |
      339 |       // 履歴が記録されていることを確認
    > 340 |       expect(controller['decisionHistory']).toHaveLength(1);
          |                                             ^
      341 |       expect(controller['decisionHistory'][0]).toMatchObject({
      342 |         timestamp: expect.any(Date),
      343 |         context: enrichedContext,

      at Object.<anonymous> (test/core-controller.test.ts:340:45)

  ● AEGISController - 統合テスト › 決定履歴管理 › 履歴の上限を守る

    expect(received).toHaveLength(expected)

    Expected length: 3
    Received length: 0
    Received array:  []

      383 |
      384 |       // 履歴が3件に制限されていることを確認
    > 385 |       expect(limitedController['decisionHistory']).toHaveLength(3);
          |                                                    ^
      386 |       // 最新の3件が保持されていることを確認
      387 |       expect(limitedController['decisionHistory'][0].context.agent).toBe('agent-1');
      388 |       expect(limitedController['decisionHistory'][2].context.agent).toBe('agent-3');

      at Object.<anonymous> (test/core-controller.test.ts:385:52)

  ● AEGISController - 統合テスト › 統計情報 › 統計情報を収集する

    expect(received).toMatchObject(expected)

    - Expected  - 5
    + Received  + 5

      Object {
    -   "averageConfidence": closeTo<0.8375, 2>,
    +   "averageConfidence": 0,
        "averageProcessingTime": Any<Number>,
    -   "denyCount": 1,
    -   "indeterminateCount": 1,
    -   "permitCount": 2,
    -   "totalDecisions": 4,
    +   "denyCount": 0,
    +   "indeterminateCount": 0,
    +   "permitCount": 0,
    +   "totalDecisions": 0,
      }

      415 |       const stats = controller.getStatistics();
      416 |
    > 417 |       expect(stats).toMatchObject({
          |                     ^
      418 |         totalDecisions: 4,
      419 |         permitCount: 2,
      420 |         denyCount: 1,

      at Object.<anonymous> (test/core-controller.test.ts:417:21)

  ● AEGISController - 統合テスト › パフォーマンスとメモリ管理 › 決定キャッシュをクリアできる

    expect(jest.fn()).toHaveBeenCalled()

    Expected number of calls: >= 1
    Received number of calls:    0

      470 |       controller.clearCache();
      471 |       
    > 472 |       expect(mockJudgmentEngine.clearCache).toHaveBeenCalled();
          |                                             ^
      473 |       expect(mockLogger.info).toHaveBeenCalledWith('Decision cache cleared');
      474 |     });
      475 |

      at Object.<anonymous> (test/core-controller.test.ts:472:45)

  ● AEGISController - 統合テスト › パフォーマンスとメモリ管理 › 処理時間を正確に測定する

    expect(received).toBeGreaterThan(expected)

    Expected: > 150
    Received:   54

      498 |
      499 |       // 処理時間が適切に記録されていることを確認（余裕を持たせて150ms以上）
    > 500 |       expect(result.processingTime).toBeGreaterThan(150);
          |                                     ^
      501 |     });
      502 |   });
      503 | });

      at Object.<anonymous> (test/core-controller.test.ts:500:37)

FAIL src/test/policy-management.test.ts
  ● PolicyAdministrator - 機能テスト › ポリシーCRUD操作 › 新しいポリシーを作成できる

    expect(jest.fn()).toHaveBeenCalledWith(...expected)

    Expected: StringContaining "test-policies/policy-", StringContaining "Customer Data Access Policy", {"encoding": "utf-8"}
    Received
           1: "test-policies/policy-ea1335b1-3e43-4f08-abaa-47da86089ff4.json", "{
      \"name\": \"Customer Data Access Policy\",
      \"description\": \"顧客データへのアクセスを制御するポリシー\",
      \"policy\": \"\\n        顧客データアクセスポリシー：\\n        \\n        【基本原則】\\n        - 顧客サポート担当者のみアクセス可能\\n        - 営業時間内のみ許可\\n        - アクセスログ必須\\n        \\n        【制限事項】\\n        - 外部エージェントのアクセス禁止\\n        - データの外部共有は一切禁止\\n        - 個人情報の長期保存禁止\\n      \",
      \"examples\": [],
      \"metadata\": {
        \"id\": \"policy-ea1335b1-3e43-4f08-abaa-47da86089ff4\",
        \"name\": \"Customer Data Access Policy\",
        \"description\": \"顧客データへのアクセスを制御するポリシー\",
        \"version\": \"1.0.0\",
        \"createdAt\": \"2026-02-13T00:16:31.842Z\",
        \"createdBy\": \"admin\",
        \"lastModified\": \"2026-02-13T00:16:31.842Z\",
        \"lastModifiedBy\": \"admin\",
        \"tags\": [
          \"customer\",
          \"data-access\"
        ],
        \"status\": \"active\"
      }
    }"
           2: "test-policies/history/policy-ea1335b1-3e43-4f08-abaa-47da86089ff4.json", "[
      {
        \"version\": \"1.0.0\",
        \"policy\": \"\\n        顧客データアクセスポリシー：\\n        \\n        【基本原則】\\n        - 顧客サポート担当者のみアクセス可能\\n        - 営業時間内のみ許可\\n        - アクセスログ必須\\n        \\n        【制限事項】\\n        - 外部エージェントのアクセス禁止\\n        - データの外部共有は一切禁止\\n        - 個人情報の長期保存禁止\\n      \",
        \"createdAt\": \"2026-02-13T00:16:31.842Z\",
        \"createdBy\": \"admin\",
        \"changeLog\": \"Initial version\"
      }
    ]"

    Number of calls: 2

      52 |
      53 |       expect(policyId).toMatch(/^policy-[a-f0-9-]+$/);
    > 54 |       expect(fs.writeFile).toHaveBeenCalledWith(
         |                            ^
      55 |         expect.stringContaining('test-policies/policy-'),
      56 |         expect.stringContaining('Customer Data Access Policy'),
      57 |         { encoding: 'utf-8' }

      at Object.<anonymous> (src/test/policy-management.test.ts:54:28)

  ● PolicyAdministrator - 機能テスト › インポート/エクスポート › ポリシーをエクスポートできる

    expect(jest.fn()).toHaveBeenCalledWith(...expected)

    Expected: StringContaining "exports", Any<String>, Any<String>
    Received
           1: "test-policies/policy-f21cabe6-34d5-4444-a655-f45b5ccdabea.json", "{
      \"name\": \"Export Test\",
      \"description\": \"エクスポート機能のテスト\",
      \"policy\": \"【基本原則】\\nエクスポートテスト\\n【制限事項】\\nなし\",
      \"examples\": [],
      \"metadata\": {
        \"id\": \"policy-f21cabe6-34d5-4444-a655-f45b5ccdabea\",
        \"name\": \"Export Test\",
        \"description\": \"エクスポート機能のテスト\",
        \"version\": \"1.0.0\",
        \"createdAt\": \"2026-02-13T00:16:31.917Z\",
        \"createdBy\": \"system\",
        \"lastModified\": \"2026-02-13T00:16:31.917Z\",
        \"lastModifiedBy\": \"system\",
        \"tags\": [
          \"test\",
          \"export\"
        ],
        \"status\": \"active\"
      }
    }"
           2: "test-policies/history/policy-f21cabe6-34d5-4444-a655-f45b5ccdabea.json", "[
      {
        \"version\": \"1.0.0\",
        \"policy\": \"【基本原則】\\nエクスポートテスト\\n【制限事項】\\nなし\",
        \"createdAt\": \"2026-02-13T00:16:31.917Z\",
        \"createdBy\": \"system\",
        \"changeLog\": \"Initial version\"
      }
    ]"
           3: "test-policies/exports/policy-f21cabe6-34d5-4444-a655-f45b5ccdabea-export-1770941791917.json", "{
      \"version\": \"1.0\",
      \"exportedAt\": \"2026-02-13T00:16:31.917Z\",
      \"exportedBy\": \"system\",
      \"policy\": {
        \"name\": \"Export Test\",
        \"description\": \"エクスポート機能のテスト\",
        \"policy\": \"【基本原則】\\nエクスポートテスト\\n【制限事項】\\nなし\",
        \"examples\": [],
        \"metadata\": {
          \"id\": \"policy-f21cabe6-34d5-4444-a655-f45b5ccdabea\",
          \"name\": \"Export Test\",
          \"description\": \"エクスポート機能のテスト\",
          \"version\": \"1.0.0\",
          \"createdAt\": \"2026-02-13T00:16:31.917Z\",
          \"createdBy\": \"system\",
          \"lastModified\": \"2026-02-13T00:16:31.917Z\",
          \"lastModifiedBy\": \"system\",
          \"tags\": [
            \"test\",
            \"export\"
          ],
          \"status\": \"active\"
        }
      },
      \"history\": [
        {
          \"version\": \"1.0.0\",
          \"policy\": \"【基本原則】\\nエクスポートテスト\\n【制限事項】\\nなし\",
          \"createdAt\": \"2026-02-13T00:16:31.917Z\",
          \"createdBy\": \"system\",
          \"changeLog\": \"Initial version\"
        }
      ]
    }"

    Number of calls: 3

      267 |       });
      268 |
    > 269 |       expect(fs.writeFile).toHaveBeenCalledWith(
          |                            ^
      270 |         expect.stringContaining('exports'),
      271 |         expect.any(String),
      272 |         expect.any(String)

      at Object.<anonymous> (src/test/policy-management.test.ts:269:28)

  ● PolicyAdministrator - 機能テスト › ファイルシステム永続化 › ポリシー作成時にディスクに保存する

    expect(jest.fn()).toHaveBeenCalledWith(...expected)

    Expected: StringContaining "test-policies/policy-", StringContaining "Persist Test", Any<String>
    Received
           1: "test-policies/policy-56074673-94cd-4b7d-b668-bfdb67c16745.json", "{
      \"name\": \"Persist Test\",
      \"description\": \"Policy for Persist Test\",
      \"policy\": \"【基本原則】\\n永続化テスト\\n【制限事項】\\nなし\",
      \"examples\": [],
      \"metadata\": {
        \"id\": \"policy-56074673-94cd-4b7d-b668-bfdb67c16745\",
        \"name\": \"Persist Test\",
        \"description\": \"Policy for Persist Test\",
        \"version\": \"1.0.0\",
        \"createdAt\": \"2026-02-13T00:16:32.026Z\",
        \"createdBy\": \"system\",
        \"lastModified\": \"2026-02-13T00:16:32.026Z\",
        \"lastModifiedBy\": \"system\",
        \"tags\": [],
        \"status\": \"active\"
      }
    }"
           2: "test-policies/history/policy-56074673-94cd-4b7d-b668-bfdb67c16745.json", "[
      {
        \"version\": \"1.0.0\",
        \"policy\": \"【基本原則】\\n永続化テスト\\n【制限事項】\\nなし\",
        \"createdAt\": \"2026-02-13T00:16:32.026Z\",
        \"createdBy\": \"system\",
        \"changeLog\": \"Initial version\"
      }
    ]"

    Number of calls: 2

      407 |       );
      408 |
    > 409 |       expect(fs.writeFile).toHaveBeenCalledWith(
          |                            ^
      410 |         expect.stringContaining('test-policies/policy-'),
      411 |         expect.stringContaining('Persist Test'),
      412 |         expect.any(String)

      at Object.<anonymous> (src/test/policy-management.test.ts:409:28)

FAIL src/test/security/config-security.test.ts
  ● Configuration Security Tests › Secret Key Security › should reject weak secret keys in production

    ReferenceError: Configuration is not defined

      12 |       }
      13 |     });
    > 14 |     (Configuration as any).instance = null;
         |      ^
      15 |   });
      16 |
      17 |   afterEach(() => {

      at Object.<anonymous> (src/test/security/config-security.test.ts:14:6)

  ● Configuration Security Tests › Secret Key Security › should reject weak secret keys in production

    ReferenceError: Configuration is not defined

      17 |   afterEach(() => {
      18 |     process.env = originalEnv;
    > 19 |     (Configuration as any).instance = null;
         |      ^
      20 |   });
      21 |
      22 |   describe('Secret Key Security', () => {

      at Object.<anonymous> (src/test/security/config-security.test.ts:19:6)

  ● Configuration Security Tests › Secret Key Security › should enforce minimum secret key length

    ReferenceError: Configuration is not defined

      12 |       }
      13 |     });
    > 14 |     (Configuration as any).instance = null;
         |      ^
      15 |   });
      16 |
      17 |   afterEach(() => {

      at Object.<anonymous> (src/test/security/config-security.test.ts:14:6)

  ● Configuration Security Tests › Secret Key Security › should enforce minimum secret key length

    ReferenceError: Configuration is not defined

      17 |   afterEach(() => {
      18 |     process.env = originalEnv;
    > 19 |     (Configuration as any).instance = null;
         |      ^
      20 |   });
      21 |
      22 |   describe('Secret Key Security', () => {

      at Object.<anonymous> (src/test/security/config-security.test.ts:19:6)

  ● Configuration Security Tests › Secret Key Security › should generate cryptographically secure defaults in development

    ReferenceError: Configuration is not defined

      12 |       }
      13 |     });
    > 14 |     (Configuration as any).instance = null;
         |      ^
      15 |   });
      16 |
      17 |   afterEach(() => {

      at Object.<anonymous> (src/test/security/config-security.test.ts:14:6)

  ● Configuration Security Tests › Secret Key Security › should generate cryptographically secure defaults in development

    ReferenceError: Configuration is not defined

      17 |   afterEach(() => {
      18 |     process.env = originalEnv;
    > 19 |     (Configuration as any).instance = null;
         |      ^
      20 |   });
      21 |
      22 |   describe('Secret Key Security', () => {

      at Object.<anonymous> (src/test/security/config-security.test.ts:19:6)

  ● Configuration Security Tests › API Key Security › should never expose API keys in error messages

    ReferenceError: Configuration is not defined

      12 |       }
      13 |     });
    > 14 |     (Configuration as any).instance = null;
         |      ^
      15 |   });
      16 |
      17 |   afterEach(() => {

      at Object.<anonymous> (src/test/security/config-security.test.ts:14:6)

  ● Configuration Security Tests › API Key Security › should never expose API keys in error messages

    ReferenceError: Configuration is not defined

      17 |   afterEach(() => {
      18 |     process.env = originalEnv;
    > 19 |     (Configuration as any).instance = null;
         |      ^
      20 |   });
      21 |
      22 |   describe('Secret Key Security', () => {

      at Object.<anonymous> (src/test/security/config-security.test.ts:19:6)

  ● Configuration Security Tests › API Key Security › should validate API key format

    ReferenceError: Configuration is not defined

      12 |       }
      13 |     });
    > 14 |     (Configuration as any).instance = null;
         |      ^
      15 |   });
      16 |
      17 |   afterEach(() => {

      at Object.<anonymous> (src/test/security/config-security.test.ts:14:6)

  ● Configuration Security Tests › API Key Security › should validate API key format

    ReferenceError: Configuration is not defined

      17 |   afterEach(() => {
      18 |     process.env = originalEnv;
    > 19 |     (Configuration as any).instance = null;
         |      ^
      20 |   });
      21 |
      22 |   describe('Secret Key Security', () => {

      at Object.<anonymous> (src/test/security/config-security.test.ts:19:6)

  ● Configuration Security Tests › API Key Security › should mask API keys in toString representations

    ReferenceError: Configuration is not defined

      12 |       }
      13 |     });
    > 14 |     (Configuration as any).instance = null;
         |      ^
      15 |   });
      16 |
      17 |   afterEach(() => {

      at Object.<anonymous> (src/test/security/config-security.test.ts:14:6)

  ● Configuration Security Tests › API Key Security › should mask API keys in toString representations

    ReferenceError: Configuration is not defined

      17 |   afterEach(() => {
      18 |     process.env = originalEnv;
    > 19 |     (Configuration as any).instance = null;
         |      ^
      20 |   });
      21 |
      22 |   describe('Secret Key Security', () => {

      at Object.<anonymous> (src/test/security/config-security.test.ts:19:6)

  ● Configuration Security Tests › JWT Security › should enforce strong JWT secrets

    ReferenceError: Configuration is not defined

      12 |       }
      13 |     });
    > 14 |     (Configuration as any).instance = null;
         |      ^
      15 |   });
      16 |
      17 |   afterEach(() => {

      at Object.<anonymous> (src/test/security/config-security.test.ts:14:6)

  ● Configuration Security Tests › JWT Security › should enforce strong JWT secrets

    ReferenceError: Configuration is not defined

      17 |   afterEach(() => {
      18 |     process.env = originalEnv;
    > 19 |     (Configuration as any).instance = null;
         |      ^
      20 |   });
      21 |
      22 |   describe('Secret Key Security', () => {

      at Object.<anonymous> (src/test/security/config-security.test.ts:19:6)

  ● Configuration Security Tests › JWT Security › should use different secrets for JWT and encryption

    ReferenceError: Configuration is not defined

      12 |       }
      13 |     });
    > 14 |     (Configuration as any).instance = null;
         |      ^
      15 |   });
      16 |
      17 |   afterEach(() => {

      at Object.<anonymous> (src/test/security/config-security.test.ts:14:6)

  ● Configuration Security Tests › JWT Security › should use different secrets for JWT and encryption

    ReferenceError: Configuration is not defined

      17 |   afterEach(() => {
      18 |     process.env = originalEnv;
    > 19 |     (Configuration as any).instance = null;
         |      ^
      20 |   });
      21 |
      22 |   describe('Secret Key Security', () => {

      at Object.<anonymous> (src/test/security/config-security.test.ts:19:6)

  ● Configuration Security Tests › Encryption Configuration Security › should only allow secure encryption algorithms

    ReferenceError: Configuration is not defined

      12 |       }
      13 |     });
    > 14 |     (Configuration as any).instance = null;
         |      ^
      15 |   });
      16 |
      17 |   afterEach(() => {

      at Object.<anonymous> (src/test/security/config-security.test.ts:14:6)

  ● Configuration Security Tests › Encryption Configuration Security › should only allow secure encryption algorithms

    ReferenceError: Configuration is not defined

      17 |   afterEach(() => {
      18 |     process.env = originalEnv;
    > 19 |     (Configuration as any).instance = null;
         |      ^
      20 |   });
      21 |
      22 |   describe('Secret Key Security', () => {

      at Object.<anonymous> (src/test/security/config-security.test.ts:19:6)

  ● Configuration Security Tests › Encryption Configuration Security › should validate encryption key derivation settings

    ReferenceError: Configuration is not defined

      12 |       }
      13 |     });
    > 14 |     (Configuration as any).instance = null;
         |      ^
      15 |   });
      16 |
      17 |   afterEach(() => {

      at Object.<anonymous> (src/test/security/config-security.test.ts:14:6)

  ● Configuration Security Tests › Encryption Configuration Security › should validate encryption key derivation settings

    ReferenceError: Configuration is not defined

      17 |   afterEach(() => {
      18 |     process.env = originalEnv;
    > 19 |     (Configuration as any).instance = null;
         |      ^
      20 |   });
      21 |
      22 |   describe('Secret Key Security', () => {

      at Object.<anonymous> (src/test/security/config-security.test.ts:19:6)

  ● Configuration Security Tests › CORS Security › should validate CORS origins

    ReferenceError: Configuration is not defined

      12 |       }
      13 |     });
    > 14 |     (Configuration as any).instance = null;
         |      ^
      15 |   });
      16 |
      17 |   afterEach(() => {

      at Object.<anonymous> (src/test/security/config-security.test.ts:14:6)

  ● Configuration Security Tests › CORS Security › should validate CORS origins

    ReferenceError: Configuration is not defined

      17 |   afterEach(() => {
      18 |     process.env = originalEnv;
    > 19 |     (Configuration as any).instance = null;
         |      ^
      20 |   });
      21 |
      22 |   describe('Secret Key Security', () => {

      at Object.<anonymous> (src/test/security/config-security.test.ts:19:6)

  ● Configuration Security Tests › CORS Security › should only allow HTTPS origins in production

    ReferenceError: Configuration is not defined

      12 |       }
      13 |     });
    > 14 |     (Configuration as any).instance = null;
         |      ^
      15 |   });
      16 |
      17 |   afterEach(() => {

      at Object.<anonymous> (src/test/security/config-security.test.ts:14:6)

  ● Configuration Security Tests › CORS Security › should only allow HTTPS origins in production

    ReferenceError: Configuration is not defined

      17 |   afterEach(() => {
      18 |     process.env = originalEnv;
    > 19 |     (Configuration as any).instance = null;
         |      ^
      20 |   });
      21 |
      22 |   describe('Secret Key Security', () => {

      at Object.<anonymous> (src/test/security/config-security.test.ts:19:6)

  ● Configuration Security Tests › Audit Log Security › should enforce encryption for audit logs

    ReferenceError: Configuration is not defined

      12 |       }
      13 |     });
    > 14 |     (Configuration as any).instance = null;
         |      ^
      15 |   });
      16 |
      17 |   afterEach(() => {

      at Object.<anonymous> (src/test/security/config-security.test.ts:14:6)

  ● Configuration Security Tests › Audit Log Security › should enforce encryption for audit logs

    ReferenceError: Configuration is not defined

      17 |   afterEach(() => {
      18 |     process.env = originalEnv;
    > 19 |     (Configuration as any).instance = null;
         |      ^
      20 |   });
      21 |
      22 |   describe('Secret Key Security', () => {

      at Object.<anonymous> (src/test/security/config-security.test.ts:19:6)

  ● Configuration Security Tests › Audit Log Security › should validate audit log retention policies

    ReferenceError: Configuration is not defined

      12 |       }
      13 |     });
    > 14 |     (Configuration as any).instance = null;
         |      ^
      15 |   });
      16 |
      17 |   afterEach(() => {

      at Object.<anonymous> (src/test/security/config-security.test.ts:14:6)

  ● Configuration Security Tests › Audit Log Security › should validate audit log retention policies

    ReferenceError: Configuration is not defined

      17 |   afterEach(() => {
      18 |     process.env = originalEnv;
    > 19 |     (Configuration as any).instance = null;
         |      ^
      20 |   });
      21 |
      22 |   describe('Secret Key Security', () => {

      at Object.<anonymous> (src/test/security/config-security.test.ts:19:6)

  ● Configuration Security Tests › Network Security Configuration › should not expose services on all interfaces by default

    ReferenceError: Configuration is not defined

      12 |       }
      13 |     });
    > 14 |     (Configuration as any).instance = null;
         |      ^
      15 |   });
      16 |
      17 |   afterEach(() => {

      at Object.<anonymous> (src/test/security/config-security.test.ts:14:6)

  ● Configuration Security Tests › Network Security Configuration › should not expose services on all interfaces by default

    ReferenceError: Configuration is not defined

      17 |   afterEach(() => {
      18 |     process.env = originalEnv;
    > 19 |     (Configuration as any).instance = null;
         |      ^
      20 |   });
      21 |
      22 |   describe('Secret Key Security', () => {

      at Object.<anonymous> (src/test/security/config-security.test.ts:19:6)

  ● Configuration Security Tests › Network Security Configuration › should validate upstream server URLs

    ReferenceError: Configuration is not defined

      12 |       }
      13 |     });
    > 14 |     (Configuration as any).instance = null;
         |      ^
      15 |   });
      16 |
      17 |   afterEach(() => {

      at Object.<anonymous> (src/test/security/config-security.test.ts:14:6)

  ● Configuration Security Tests › Network Security Configuration › should validate upstream server URLs

    ReferenceError: Configuration is not defined

      17 |   afterEach(() => {
      18 |     process.env = originalEnv;
    > 19 |     (Configuration as any).instance = null;
         |      ^
      20 |   });
      21 |
      22 |   describe('Secret Key Security', () => {

      at Object.<anonymous> (src/test/security/config-security.test.ts:19:6)

  ● Configuration Security Tests › Environment Variable Security › should not log environment variables

    ReferenceError: Configuration is not defined

      12 |       }
      13 |     });
    > 14 |     (Configuration as any).instance = null;
         |      ^
      15 |   });
      16 |
      17 |   afterEach(() => {

      at Object.<anonymous> (src/test/security/config-security.test.ts:14:6)

  ● Configuration Security Tests › Environment Variable Security › should not log environment variables

    ReferenceError: Configuration is not defined

      17 |   afterEach(() => {
      18 |     process.env = originalEnv;
    > 19 |     (Configuration as any).instance = null;
         |      ^
      20 |   });
      21 |
      22 |   describe('Secret Key Security', () => {

      at Object.<anonymous> (src/test/security/config-security.test.ts:19:6)

  ● Configuration Security Tests › Environment Variable Security › should sanitize configuration output

    ReferenceError: Configuration is not defined

      12 |       }
      13 |     });
    > 14 |     (Configuration as any).instance = null;
         |      ^
      15 |   });
      16 |
      17 |   afterEach(() => {

      at Object.<anonymous> (src/test/security/config-security.test.ts:14:6)

  ● Configuration Security Tests › Environment Variable Security › should sanitize configuration output

    ReferenceError: Configuration is not defined

      17 |   afterEach(() => {
      18 |     process.env = originalEnv;
    > 19 |     (Configuration as any).instance = null;
         |      ^
      20 |   });
      21 |
      22 |   describe('Secret Key Security', () => {

      at Object.<anonymous> (src/test/security/config-security.test.ts:19:6)

  ● Configuration Security Tests › Configuration Injection Prevention › should prevent prototype pollution

    ReferenceError: Configuration is not defined

      12 |       }
      13 |     });
    > 14 |     (Configuration as any).instance = null;
         |      ^
      15 |   });
      16 |
      17 |   afterEach(() => {

      at Object.<anonymous> (src/test/security/config-security.test.ts:14:6)

  ● Configuration Security Tests › Configuration Injection Prevention › should prevent prototype pollution

    ReferenceError: Configuration is not defined

      17 |   afterEach(() => {
      18 |     process.env = originalEnv;
    > 19 |     (Configuration as any).instance = null;
         |      ^
      20 |   });
      21 |
      22 |   describe('Secret Key Security', () => {

      at Object.<anonymous> (src/test/security/config-security.test.ts:19:6)

  ● Configuration Security Tests › Configuration Injection Prevention › should validate numeric inputs to prevent injection

    ReferenceError: Configuration is not defined

      12 |       }
      13 |     });
    > 14 |     (Configuration as any).instance = null;
         |      ^
      15 |   });
      16 |
      17 |   afterEach(() => {

      at Object.<anonymous> (src/test/security/config-security.test.ts:14:6)

  ● Configuration Security Tests › Configuration Injection Prevention › should validate numeric inputs to prevent injection

    ReferenceError: Configuration is not defined

      17 |   afterEach(() => {
      18 |     process.env = originalEnv;
    > 19 |     (Configuration as any).instance = null;
         |      ^
      20 |   });
      21 |
      22 |   describe('Secret Key Security', () => {

      at Object.<anonymous> (src/test/security/config-security.test.ts:19:6)

  ● Configuration Security Tests › Security Headers and Settings › should enforce secure defaults

    ReferenceError: Configuration is not defined

      12 |       }
      13 |     });
    > 14 |     (Configuration as any).instance = null;
         |      ^
      15 |   });
      16 |
      17 |   afterEach(() => {

      at Object.<anonymous> (src/test/security/config-security.test.ts:14:6)

  ● Configuration Security Tests › Security Headers and Settings › should enforce secure defaults

    ReferenceError: Configuration is not defined

      17 |   afterEach(() => {
      18 |     process.env = originalEnv;
    > 19 |     (Configuration as any).instance = null;
         |      ^
      20 |   });
      21 |
      22 |   describe('Secret Key Security', () => {

      at Object.<anonymous> (src/test/security/config-security.test.ts:19:6)

  ● Configuration Security Tests › Compliance and Regulatory › should support compliance configuration

    ReferenceError: Configuration is not defined

      12 |       }
      13 |     });
    > 14 |     (Configuration as any).instance = null;
         |      ^
      15 |   });
      16 |
      17 |   afterEach(() => {

      at Object.<anonymous> (src/test/security/config-security.test.ts:14:6)

  ● Configuration Security Tests › Compliance and Regulatory › should support compliance configuration

    ReferenceError: Configuration is not defined

      17 |   afterEach(() => {
      18 |     process.env = originalEnv;
    > 19 |     (Configuration as any).instance = null;
         |      ^
      20 |   });
      21 |
      22 |   describe('Secret Key Security', () => {

      at Object.<anonymous> (src/test/security/config-security.test.ts:19:6)

  ● Configuration Security Tests › Compliance and Regulatory › should validate data retention policies

    ReferenceError: Configuration is not defined

      12 |       }
      13 |     });
    > 14 |     (Configuration as any).instance = null;
         |      ^
      15 |   });
      16 |
      17 |   afterEach(() => {

      at Object.<anonymous> (src/test/security/config-security.test.ts:14:6)

  ● Configuration Security Tests › Compliance and Regulatory › should validate data retention policies

    ReferenceError: Configuration is not defined

      17 |   afterEach(() => {
      18 |     process.env = originalEnv;
    > 19 |     (Configuration as any).instance = null;
         |      ^
      20 |   });
      21 |
      22 |   describe('Secret Key Security', () => {

      at Object.<anonymous> (src/test/security/config-security.test.ts:19:6)

FAIL src/test/context-enrichers.test.ts
  ● Context Enrichers - 機能テスト › ResourceClassifier › リソースの機密度を分類する

    expect(received).toMatchObject(expected)

    - Expected  - 4
    + Received  + 4

      Object {
    -   "dataType": "customer-data",
    +   "dataType": "unclassified",
        "sensitivityLevel": "high",
    -   "tags": ArrayContaining [
    -     "pii",
    -     "regulated",
    +   "tags": Array [
    +     "unclassified",
    +     "review-required",
        ],
      }

      319 |         const enriched = await classifier.enrich(context);
      320 |
    > 321 |         expect(enriched['resource-classifier']).toMatchObject({
          |                                                 ^
      322 |           dataType: testCase.expectedType,
      323 |           sensitivityLevel: testCase.expectedSensitivity,
      324 |           tags: expect.arrayContaining(testCase.expectedTags)

      at Object.<anonymous> (src/test/context-enrichers.test.ts:321:49)

  ● Context Enrichers - 機能テスト › ResourceClassifier › 個人情報を含むリソースを識別する

    expect(received).toBe(expected) // Object.is equality

    Expected: true
    Received: false

      346 |         const enriched = await classifier.enrich(context);
      347 |
    > 348 |         expect(enriched['resource-classifier'].isPii).toBe(true);
          |                                                       ^
      349 |         expect(enriched['resource-classifier'].tags).toContain('pii');
      350 |       }
      351 |     });

      at Object.<anonymous> (src/test/context-enrichers.test.ts:348:55)

  ● Context Enrichers - 機能テスト › SecurityInfoEnricher › 異常なアクセスパターンを検出する

    expect(received).toBeGreaterThan(expected)

    Expected: > 0
    Received:   0

      521 |       
      522 |       // 異常パターンが検出されていることを確認
    > 523 |       expect(enriched['security-info'].unusualActivity.length).toBeGreaterThan(0);
          |                                                                ^
      524 |     });
      525 |   });
      526 |

      at Object.<anonymous> (src/test/context-enrichers.test.ts:523:64)

  ● Context Enrichers - 機能テスト › ContextCollector統合テスト › 全てのenricherが協調して動作する

    expect(received).toMatchObject(expected)

    - Expected  -  12
    + Received  + 123

    @@ -1,28 +1,139 @@
      Object {
        "action": "read",
        "agent": "customer-support-agent",
    -   "environment": ObjectContaining {
    -     "enrichments": ObjectContaining {
    -       "agent-info": ObjectContaining {
    -         "agentType": Any<String>,
    -         "clearanceLevel": Any<Number>,
    -         "department": Any<String>,
    +   "environment": Object {
    +     "clientIP": "192.168.1.100",
    +     "enrichmentTime": 1,
    +     "enrichments": Object {
    +       "agent-info": Object {
    +         "activityStatus": "active-today",
    +         "ageDays": 760,
    +         "agentId": "customer-support-agent",
    +         "agentType": "support",
    +         "clearanceLevel": 2,
    +         "clearanceName": "standard",
    +         "createdAt": "2024-01-15T00:00:00.000Z",
    +         "department": "customer-service",
    +         "hasAdminPrivileges": false,
    +         "hasHighClearance": false,
    +         "inactiveDays": 0,
    +         "isExternal": false,
    +         "isInactive": false,
    +         "isNewAgent": false,
    +         "lastActivity": "2026-02-13T00:16:32.128Z",
    +         "location": "tokyo-office",
    +         "permissions": Array [
    +           "read-customer-data",
    +           "create-tickets",
    +         ],
    +         "requiresSupervision": false,
    +         "riskScore": 0.2,
    +         "supervisor": "support-manager",
    +         "tags": Array [
    +           "production",
    +           "verified",
    +         ],
    +         "trustScore": 1,
    +       },
    +       "resource-classifier": Object {
    +         "accessFrequency": Object {
    +           "daily": 54,
    +           "monthly": 1126,
    +           "trend": "stable",
    +           "weekly": 452,
    +         },
    +         "dataAge": "current",
    +         "dataController": "data-governance-team",
    +         "dataType": "unclassified",
    +         "department": "unknown",
    +         "isFinancial": false,
    +         "isPhi": false,
    +         "isPii": false,
    +         "isPublic": false,
    +         "isRegulated": false,
    +         "lineage": Object {
    +           "dependencies": Array [],
    +           "lastModified": "2026-02-13T00:16:32.133Z",
    +           "source": "original-system",
    +           "transformations": Array [
    +             "anonymized",
    +             "aggregated",
    +           ],
    +           "version": "1.0",
              },
    -       "resource-classifier": ObjectContaining {
    -         "dataType": "customer-data",
    -         "isPii": true,
    +         "owner": "unknown",
    +         "requiresAudit": false,
    +         "requiresEncryption": true,
    +         "resourceHost": "profile",
    +         "resourcePath": "/12345",
    +         "resourceScheme": "customer",
    +         "resourceUri": "customer://profile/12345",
    +         "retentionDays": 90,
              "sensitivityLevel": "high",
    +         "sensitivityScore": 0.8,
    +         "tags": Array [
    +           "unclassified",
    +           "review-required",
    +         ],
            },
    -       "security-info": ObjectContaining {
    +       "security-info": Object {
    +         "authMethod": "password",
    +         "authStrength": "medium",
              "clientIP": "192.168.1.100",
    -         "threatLevel": Any<String>,
    +         "deviceTrust": "untrusted",
    +         "geoLocation": Object {
    +           "city": "Unknown",
    +           "country": "US",
    +           "isHighRisk": false,
    +           "region": "Unknown",
    +           "timezone": "UTC",
    +         },
    +         "ipType": "external",
    +         "isInternalIP": false,
    +         "isOfficeIP": false,
    +         "isThreatIP": false,
    +         "isVpnConnection": false,
    +         "lastSuccessfulAccess": null,
    +         "mfaEnabled": false,
    +         "networkTrust": "untrusted",
    +         "recentFailedAttempts": 0,
    +         "requiresAdditionalAuth": true,
    +         "securityScore": 0.4,
    +         "sessionAge": 3528,
    +         "threatLevel": "low",
    +         "threatReasons": Array [],
    +         "unusualActivity": Array [],
    +         "vpnType": null,
    +       },
    +       "time-based": Object {
    +         "businessHoursConfig": Object {
    +           "end": 18,
    +           "start": 9,
    +           "timezone": "Asia/Tokyo",
              },
    -       "time-based": ObjectContaining {
    +         "currentTime": "2024-01-15T01:00:00.000Z",
    +         "dayOfMonth": 15,
    +         "dayOfWeek": 1,
              "dayOfWeekName": "Monday",
    +         "fiscalQuarter": 4,
    +         "fiscalYear": 2023,
    +         "hour": 10,
    +         "isBusinessDay": true,
              "isBusinessHours": true,
    +         "isHoliday": false,
    +         "isMonthEnd": false,
              "isWeekend": false,
    +         "minute": 0,
    +         "month": 1,
    +         "monthName": "January",
    +         "quarter": 1,
    +         "timeOfDay": "morning",
    +         "timeSinceBusinessStart": 60,
    +         "timeUntilBusinessEnd": 480,
    +         "timezone": "Asia/Tokyo",
    +         "year": 2024,
            },
          },
          "requestId": "req-123",
          "sessionId": "session-456",
        },

      557 |
      558 |       // 全てのenricherからの情報が統合されていることを確認
    > 559 |       expect(enrichedContext).toMatchObject({
          |                               ^
      560 |         // 基本情報
      561 |         agent: 'customer-support-agent',
      562 |         action: 'read',

      at Object.<anonymous> (src/test/context-enrichers.test.ts:559:31)

FAIL src/test/schemas/config.schema.test.ts
  ● Configuration Schema Validation Tests › Schema Structure Validation › should accept valid complete configuration

    expect(received).not.toThrow()

    Error name:    "TypeError"
    Error message: "Cannot read properties of undefined (reading 'parse')"

          58 |       };
          59 |
        > 60 |       expect(() => AEGISConfigSchema.parse(validConfig)).not.toThrow();
             |                                      ^
          61 |     });
          62 |
          63 |     it('should accept minimal valid configuration', () => {

      at src/test/schemas/config.schema.test.ts:60:38
      at Object.<anonymous> (node_modules/expect/build/toThrowMatchers.js:74:11)
      at Object.throwingMatcher [as toThrow] (node_modules/expect/build/index.js:320:21)
      at Object.<anonymous> (src/test/schemas/config.schema.test.ts:60:62)
      at Object.<anonymous> (src/test/schemas/config.schema.test.ts:60:62)

  ● Configuration Schema Validation Tests › Schema Structure Validation › should accept minimal valid configuration

    TypeError: Cannot read properties of undefined (reading 'parse')

      69 |       };
      70 |
    > 71 |       const result = AEGISConfigSchema.parse(minimalConfig);
         |                                        ^
      72 |       expect(result.llm.provider).toBe('openai');
      73 |       expect(result.llm.apiKey).toBe('test-key');
      74 |       // Check defaults are applied

      at Object.<anonymous> (src/test/schemas/config.schema.test.ts:71:40)

  ● Configuration Schema Validation Tests › LLM Configuration Schema › should validate temperature range

    expect(received).not.toThrow()

    Error name:    "TypeError"
    Error message: "Cannot read properties of undefined (reading 'parse')"

          113 |           expect(() => AEGISConfigSchema.parse(config)).toThrow();
          114 |         } else {
        > 115 |           expect(() => AEGISConfigSchema.parse(config)).not.toThrow();
              |                                          ^
          116 |         }
          117 |       });
          118 |     });

      at src/test/schemas/config.schema.test.ts:115:42
      at Object.<anonymous> (node_modules/expect/build/toThrowMatchers.js:74:11)
      at Object.throwingMatcher [as toThrow] (node_modules/expect/build/index.js:320:21)
      at src/test/schemas/config.schema.test.ts:115:61
                at Array.forEach (<anonymous>)
      at Object.<anonymous> (src/test/schemas/config.schema.test.ts:103:17)
      at src/test/schemas/config.schema.test.ts:115:61
          at Array.forEach (<anonymous>)
      at Object.<anonymous> (src/test/schemas/config.schema.test.ts:103:17)

  ● Configuration Schema Validation Tests › MCP Configuration Schema › should validate transport types

    expect(received).not.toThrow()

    Error name:    "TypeError"
    Error message: "Cannot read properties of undefined (reading 'parse')"

          151 |         };
          152 |         
        > 153 |         expect(() => AEGISConfigSchema.parse(config)).not.toThrow();
              |                                        ^
          154 |       });
          155 |
          156 |       const invalidTransport = {

      at src/test/schemas/config.schema.test.ts:153:40
      at Object.<anonymous> (node_modules/expect/build/toThrowMatchers.js:74:11)
      at Object.throwingMatcher [as toThrow] (node_modules/expect/build/index.js:320:21)
      at src/test/schemas/config.schema.test.ts:153:59
                at Array.forEach (<anonymous>)
      at Object.<anonymous> (src/test/schemas/config.schema.test.ts:147:23)
      at src/test/schemas/config.schema.test.ts:153:59
          at Array.forEach (<anonymous>)
      at Object.<anonymous> (src/test/schemas/config.schema.test.ts:147:23)

  ● Configuration Schema Validation Tests › MCP Configuration Schema › should validate port numbers

    expect(received).not.toThrow()

    Error name:    "TypeError"
    Error message: "Cannot read properties of undefined (reading 'parse')"

          181 |           expect(() => AEGISConfigSchema.parse(config)).toThrow();
          182 |         } else {
        > 183 |           expect(() => AEGISConfigSchema.parse(config)).not.toThrow();
              |                                          ^
          184 |         }
          185 |       });
          186 |     });

      at src/test/schemas/config.schema.test.ts:183:42
      at Object.<anonymous> (node_modules/expect/build/toThrowMatchers.js:74:11)
      at Object.throwingMatcher [as toThrow] (node_modules/expect/build/index.js:320:21)
      at src/test/schemas/config.schema.test.ts:183:61
                at Array.forEach (<anonymous>)
      at Object.<anonymous> (src/test/schemas/config.schema.test.ts:174:17)
      at src/test/schemas/config.schema.test.ts:183:61
          at Array.forEach (<anonymous>)
      at Object.<anonymous> (src/test/schemas/config.schema.test.ts:174:17)

  ● Configuration Schema Validation Tests › MCP Configuration Schema › should validate CORS origins are valid URLs

    expect(received).not.toThrow()

    Error name:    "TypeError"
    Error message: "Cannot read properties of undefined (reading 'parse')"

          198 |       };
          199 |
        > 200 |       expect(() => AEGISConfigSchema.parse(validOrigins)).not.toThrow();
              |                                      ^
          201 |
          202 |       const invalidOrigins = {
          203 |         llm: { provider: 'openai', apiKey: 'key' },

      at src/test/schemas/config.schema.test.ts:200:38
      at Object.<anonymous> (node_modules/expect/build/toThrowMatchers.js:74:11)
      at Object.throwingMatcher [as toThrow] (node_modules/expect/build/index.js:320:21)
      at Object.<anonymous> (src/test/schemas/config.schema.test.ts:200:63)
      at Object.<anonymous> (src/test/schemas/config.schema.test.ts:200:63)

  ● Configuration Schema Validation Tests › Security Configuration Schema › should validate secret key length

    expect(received).not.toThrow()

    Error name:    "TypeError"
    Error message: "Cannot read properties of undefined (reading 'parse')"

          229 |       };
          230 |
        > 231 |       expect(() => AEGISConfigSchema.parse(validKey)).not.toThrow();
              |                                      ^
          232 |     });
          233 |
          234 |     it('should validate encryption algorithms', () => {

      at src/test/schemas/config.schema.test.ts:231:38
      at Object.<anonymous> (node_modules/expect/build/toThrowMatchers.js:74:11)
      at Object.throwingMatcher [as toThrow] (node_modules/expect/build/index.js:320:21)
      at Object.<anonymous> (src/test/schemas/config.schema.test.ts:231:59)
      at Object.<anonymous> (src/test/schemas/config.schema.test.ts:231:59)

  ● Configuration Schema Validation Tests › Security Configuration Schema › should validate encryption algorithms

    expect(received).not.toThrow()

    Error name:    "TypeError"
    Error message: "Cannot read properties of undefined (reading 'parse')"

          244 |         };
          245 |         
        > 246 |         expect(() => AEGISConfigSchema.parse(config)).not.toThrow();
              |                                        ^
          247 |       });
          248 |
          249 |       const invalidAlgorithm = {

      at src/test/schemas/config.schema.test.ts:246:40
      at Object.<anonymous> (node_modules/expect/build/toThrowMatchers.js:74:11)
      at Object.throwingMatcher [as toThrow] (node_modules/expect/build/index.js:320:21)
      at src/test/schemas/config.schema.test.ts:246:59
                at Array.forEach (<anonymous>)
      at Object.<anonymous> (src/test/schemas/config.schema.test.ts:237:23)
      at src/test/schemas/config.schema.test.ts:246:59
          at Array.forEach (<anonymous>)
      at Object.<anonymous> (src/test/schemas/config.schema.test.ts:237:23)

  ● Configuration Schema Validation Tests › Cache Configuration Schema › should validate cache strategies

    expect(received).not.toThrow()

    Error name:    "TypeError"
    Error message: "Cannot read properties of undefined (reading 'parse')"

          281 |         };
          282 |         
        > 283 |         expect(() => AEGISConfigSchema.parse(config)).not.toThrow();
              |                                        ^
          284 |       });
          285 |
          286 |       const invalidStrategy = {

      at src/test/schemas/config.schema.test.ts:283:40
      at Object.<anonymous> (node_modules/expect/build/toThrowMatchers.js:74:11)
      at Object.throwingMatcher [as toThrow] (node_modules/expect/build/index.js:320:21)
      at src/test/schemas/config.schema.test.ts:283:59
                at Array.forEach (<anonymous>)
      at Object.<anonymous> (src/test/schemas/config.schema.test.ts:277:23)
      at src/test/schemas/config.schema.test.ts:283:59
          at Array.forEach (<anonymous>)
      at Object.<anonymous> (src/test/schemas/config.schema.test.ts:277:23)

  ● Configuration Schema Validation Tests › Monitoring Configuration Schema › should validate log levels

    expect(received).not.toThrow()

    Error name:    "TypeError"
    Error message: "Cannot read properties of undefined (reading 'parse')"

          321 |         };
          322 |         
        > 323 |         expect(() => AEGISConfigSchema.parse(config)).not.toThrow();
              |                                        ^
          324 |       });
          325 |
          326 |       const invalidLevel = {

      at src/test/schemas/config.schema.test.ts:323:40
      at Object.<anonymous> (node_modules/expect/build/toThrowMatchers.js:74:11)
      at Object.throwingMatcher [as toThrow] (node_modules/expect/build/index.js:320:21)
      at src/test/schemas/config.schema.test.ts:323:59
                at Array.forEach (<anonymous>)
      at Object.<anonymous> (src/test/schemas/config.schema.test.ts:317:19)
      at src/test/schemas/config.schema.test.ts:323:59
          at Array.forEach (<anonymous>)
      at Object.<anonymous> (src/test/schemas/config.schema.test.ts:317:19)

  ● Configuration Schema Validation Tests › Policy Configuration Schema › should validate strictness levels

    expect(received).not.toThrow()

    Error name:    "TypeError"
    Error message: "Cannot read properties of undefined (reading 'parse')"

          369 |         };
          370 |         
        > 371 |         expect(() => AEGISConfigSchema.parse(config)).not.toThrow();
              |                                        ^
          372 |       });
          373 |
          374 |       const invalidLevel = {

      at src/test/schemas/config.schema.test.ts:371:40
      at Object.<anonymous> (node_modules/expect/build/toThrowMatchers.js:74:11)
      at Object.throwingMatcher [as toThrow] (node_modules/expect/build/index.js:320:21)
      at src/test/schemas/config.schema.test.ts:371:59
                at Array.forEach (<anonymous>)
      at Object.<anonymous> (src/test/schemas/config.schema.test.ts:365:19)
      at src/test/schemas/config.schema.test.ts:371:59
          at Array.forEach (<anonymous>)
      at Object.<anonymous> (src/test/schemas/config.schema.test.ts:365:19)

  ● Configuration Schema Validation Tests › Environment Variable Transformation › should transform environment variables to nested config

    expect(received).toBeDefined()

    Received: undefined

      407 |       // This would need a transformation function that's tested
      408 |       // Document that the schema should support env var transformation
    > 409 |       expect(AEGISConfigSchema).toBeDefined();
          |                                 ^
      410 |     });
      411 |   });
      412 |

      at Object.<anonymous> (src/test/schemas/config.schema.test.ts:409:33)

  ● Configuration Schema Validation Tests › Schema Compatibility › should be compatible with AEGISConfig type

    TypeError: Cannot read properties of undefined (reading 'parse')

      454 |       };
      455 |
    > 456 |       const parsed = AEGISConfigSchema.parse(config);
          |                                        ^
      457 |       
      458 |       // Type assertion to ensure compatibility
      459 |       const _typeCheck: z.infer<typeof AEGISConfigSchema> = parsed;

      at Object.<anonymous> (src/test/schemas/config.schema.test.ts:456:40)

FAIL test/policy/policy-detector.test.ts
  ● PolicyFormatDetector › 形式不明のケース › 無関係なテキストは形式不明

    expect(received).toBe(expected) // Object.is equality

    Expected: "UNKNOWN"
    Received: "NATURAL_LANGUAGE"

      105 |       const result = PolicyFormatDetector.detect(randomText);
      106 |       
    > 107 |       expect(result.format).toBe('UNKNOWN');
          |                             ^
      108 |       expect(result.confidence).toBeLessThan(0.5);
      109 |     });
      110 |

      at Object.<anonymous> (test/policy/policy-detector.test.ts:107:29)

  ● PolicyFormatDetector › 複数ポリシーからの形式推定 › すべて不明な場合

    expect(received).toBe(expected) // Object.is equality

    Expected: "UNKNOWN"
    Received: "NATURAL_LANGUAGE"

      162 |       const bestFormat = PolicyFormatDetector.detectBestFormat(policies);
      163 |       
    > 164 |       expect(bestFormat).toBe('UNKNOWN');
          |                          ^
      165 |     });
      166 |   });
      167 |

      at Object.<anonymous> (test/policy/policy-detector.test.ts:164:26)

  ● PolicyFormatDetector › 境界ケース › 大量のテキストを含むポリシー

    expect(received).toBeGreaterThan(expected)

    Expected: > 0.8
    Received:   0.75

      224 |       
      225 |       expect(result.format).toBe('NATURAL_LANGUAGE');
    > 226 |       expect(result.confidence).toBeGreaterThan(0.8);
          |                                 ^
      227 |     });
      228 |   });
      229 | });

      at Object.<anonymous> (test/policy/policy-detector.test.ts:226:33)

FAIL test/mcp/tool-discovery.test.ts
  ● ToolDiscoveryService › Native Tools Registration › should register all native tools on initialization

    expect(received).toBe(expected) // Object.is equality

    Expected: true
    Received: false

      47 |       
      48 |       // Check some native tools are registered
    > 49 |       expect(tools.some(t => t.name === 'Agent')).toBe(true);
         |                                                   ^
      50 |       expect(tools.some(t => t.name === 'Bash')).toBe(true);
      51 |       expect(tools.some(t => t.name === 'Edit')).toBe(true);
      52 |       expect(tools.some(t => t.name === 'Read')).toBe(true);

      at Object.<anonymous> (test/mcp/tool-discovery.test.ts:49:51)

  ● ToolDiscoveryService › Native Tools Registration › should apply policy control to native tools

    expect(received).toBe(expected) // Object.is equality

    Expected: true
    Received: undefined

      62 |       // Default enabled tools should have policy control
      63 |       const bashTool = tools.find(t => t.name === 'Bash');
    > 64 |       expect(bashTool?.policyControlled).toBe(true);
         |                                          ^
      65 |       
      66 |       // Exception tools should not have policy control
      67 |       const todoRead = tools.find(t => t.name === 'TodoRead');

      at Object.<anonymous> (test/mcp/tool-discovery.test.ts:64:42)

  ● ToolDiscoveryService › Tool Discovery › should discover tools from configured sources

    TypeError: service.discoverTools is not a function

      112 |       
      113 |       service = new ToolDiscoveryService(config, mockLogger);
    > 114 |       await service.discoverTools();
          |                     ^
      115 |       
      116 |       const tools = service.getAllTools();
      117 |       

      at Object.<anonymous> (test/mcp/tool-discovery.test.ts:114:21)

  ● ToolDiscoveryService › Tool Discovery › should handle discovery errors gracefully

    TypeError: service.discoverTools is not a function

      138 |       
      139 |       service = new ToolDiscoveryService(config, mockLogger);
    > 140 |       await service.discoverTools();
          |                     ^
      141 |       
      142 |       // Should log error but not throw
      143 |       expect(mockLogger.error).toHaveBeenCalledWith(

      at Object.<anonymous> (test/mcp/tool-discovery.test.ts:140:21)

  ● ToolDiscoveryService › Tool Discovery › should apply policy control based on exceptions

    TypeError: service.discoverTools is not a function

      177 |       
      178 |       service = new ToolDiscoveryService(config, mockLogger);
    > 179 |       await service.discoverTools();
          |                     ^
      180 |       
      181 |       const tools = service.getAllTools();
      182 |       

      at Object.<anonymous> (test/mcp/tool-discovery.test.ts:179:21)

  ● ToolDiscoveryService › Tool Filtering › should filter tools by policy control status

    TypeError: service.getNonPolicyControlledTools is not a function

      192 |     it('should filter tools by policy control status', () => {
      193 |       const policyControlledTools = service.getPolicyControlledTools();
    > 194 |       const nonPolicyControlledTools = service.getNonPolicyControlledTools();
          |                                                ^
      195 |       
      196 |       // All policy controlled tools should have policyControlled = true
      197 |       policyControlledTools.forEach(tool => {

      at Object.<anonymous> (test/mcp/tool-discovery.test.ts:194:48)

  ● ToolDiscoveryService › Tool Filtering › should get tool by name

    TypeError: service.getToolByName is not a function

      211 |
      212 |     it('should get tool by name', () => {
    > 213 |       const bashTool = service.getToolByName('Bash');
          |                                ^
      214 |       expect(bashTool).toBeDefined();
      215 |       expect(bashTool?.name).toBe('Bash');
      216 |       

      at Object.<anonymous> (test/mcp/tool-discovery.test.ts:213:32)

  ● ToolDiscoveryService › Tool Prefixing › should check if tool name has prefix

    TypeError: service.hasToolPrefix is not a function

      222 |   describe('Tool Prefixing', () => {
      223 |     it('should check if tool name has prefix', () => {
    > 224 |       expect(service.hasToolPrefix('filesystem__read_file')).toBe(true);
          |                      ^
      225 |       expect(service.hasToolPrefix('execution-server__run_command')).toBe(true);
      226 |       expect(service.hasToolPrefix('simple_tool')).toBe(false);
      227 |     });

      at Object.<anonymous> (test/mcp/tool-discovery.test.ts:224:22)

  ● ToolDiscoveryService › Tool Prefixing › should extract prefix from tool name

    TypeError: service.getToolPrefix is not a function

      228 |
      229 |     it('should extract prefix from tool name', () => {
    > 230 |       expect(service.getToolPrefix('filesystem__read_file')).toBe('filesystem');
          |                      ^
      231 |       expect(service.getToolPrefix('execution-server__run_command'))
      232 |         .toBe('execution-server');
      233 |       expect(service.getToolPrefix('simple_tool')).toBeNull();

      at Object.<anonymous> (test/mcp/tool-discovery.test.ts:230:22)

  ● ToolDiscoveryService › Tool Prefixing › should strip prefix from tool name

    TypeError: service.stripToolPrefix is not a function

      235 |
      236 |     it('should strip prefix from tool name', () => {
    > 237 |       expect(service.stripToolPrefix('filesystem__read_file')).toBe('read_file');
          |                      ^
      238 |       expect(service.stripToolPrefix('execution-server__run_command'))
      239 |         .toBe('run_command');
      240 |       expect(service.stripToolPrefix('simple_tool')).toBe('simple_tool');

      at Object.<anonymous> (test/mcp/tool-discovery.test.ts:237:22)

  ● ToolDiscoveryService › Configuration Updates › should update policy control configuration

    TypeError: service.getToolByName is not a function

      245 |     it('should update policy control configuration', () => {
      246 |       // Initial state
    > 247 |       let bashTool = service.getToolByName('Bash');
          |                              ^
      248 |       expect(bashTool?.policyControlled).toBe(true);
      249 |       
      250 |       // Update config to exclude Bash

      at Object.<anonymous> (test/mcp/tool-discovery.test.ts:247:30)

  ● ToolDiscoveryService › Configuration Updates › should handle defaultEnabled = false correctly

    TypeError: service.updatePolicyControl is not a function

      260 |
      261 |     it('should handle defaultEnabled = false correctly', () => {
    > 262 |       service.updatePolicyControl({
          |               ^
      263 |         defaultEnabled: false,
      264 |         exceptions: ['Bash'] // This should be enabled as exception
      265 |       });

      at Object.<anonymous> (test/mcp/tool-discovery.test.ts:262:15)

  ● ToolDiscoveryService › Integration Tests › should handle complete workflow

    TypeError: service.discoverTools is not a function

      302 |       
      303 |       service = new ToolDiscoveryService(config, mockLogger);
    > 304 |       await service.discoverTools();
          |                     ^
      305 |       
      306 |       const allTools = service.getAllTools();
      307 |       const nativeTools = allTools.filter(t => t.source === ToolSource.NATIVE);

      at Object.<anonymous> (test/mcp/tool-discovery.test.ts:304:21)

FAIL src/test/mcp/tool-discovery.test.ts
  ● ToolDiscoveryService › Native Tools Registration › should register all native tools on initialization

    expect(received).toBe(expected) // Object.is equality

    Expected: true
    Received: false

      47 |       
      48 |       // Check some native tools are registered
    > 49 |       expect(tools.some(t => t.name === 'Agent')).toBe(true);
         |                                                   ^
      50 |       expect(tools.some(t => t.name === 'Bash')).toBe(true);
      51 |       expect(tools.some(t => t.name === 'Edit')).toBe(true);
      52 |       

      at Object.<anonymous> (src/test/mcp/tool-discovery.test.ts:49:51)

  ● ToolDiscoveryService › Native Tools Registration › should apply policy control based on risk level

    expect(received).toBe(expected) // Object.is equality

    Expected: true
    Received: undefined

      91 |       const read = service.getTool('Read');
      92 |       
    > 93 |       expect(agent?.source.policyControlled).toBe(true); // High risk
         |                                              ^
      94 |       expect(read?.source.policyControlled).toBe(true); // Low risk but not in exceptions
      95 |     });
      96 |

      at Object.<anonymous> (src/test/mcp/tool-discovery.test.ts:93:46)

  ● ToolDiscoveryService › Native Tools Registration › should respect exceptions list

    expect(received).toBe(expected) // Object.is equality

    Expected: false
    Received: undefined

       99 |       const ls = service.getTool('LS');
      100 |       
    > 101 |       expect(todoRead?.source.policyControlled).toBe(false);
          |                                                 ^
      102 |       expect(ls?.source.policyControlled).toBe(false);
      103 |     });
      104 |   });

      at Object.<anonymous> (src/test/mcp/tool-discovery.test.ts:101:49)

  ● ToolDiscoveryService › Policy Control › should force policy control for high-risk tools

    expect(received).toBe(expected) // Object.is equality

    Expected: "high"
    Received: "medium"

      254 |       // For test, we'll use the risk assessment method
      255 |       const bashRisk = serviceHighRisk.assessToolRisk('Bash');
    > 256 |       expect(bashRisk).toBe('high');
          |                        ^
      257 |     });
      258 |   });
      259 |

      at Object.<anonymous> (src/test/mcp/tool-discovery.test.ts:256:24)

  ● ToolDiscoveryService › Tool Risk Assessment › should assess risk based on tool metadata

    expect(received).toBe(expected) // Object.is equality

    Expected: "high"
    Received: "medium"

      261 |     it('should assess risk based on tool metadata', () => {
      262 |       // Native tools have risk metadata
    > 263 |       expect(service.assessToolRisk('Agent')).toBe('high');
          |                                               ^
      264 |       expect(service.assessToolRisk('Edit')).toBe('medium');
      265 |       expect(service.assessToolRisk('Read')).toBe('low');
      266 |     });

      at Object.<anonymous> (src/test/mcp/tool-discovery.test.ts:263:47)

  ● ToolDiscoveryService › Tool Queries › should get policy-controlled tools only

    expect(received).toBeDefined()

    Received: undefined

      307 |       // Should include high-risk tools
      308 |       const agent = controlledTools.find(t => t.name === 'Agent');
    > 309 |       expect(agent).toBeDefined();
          |                     ^
      310 |     });
      311 |
      312 |     it('should get specific tool by name', () => {

      at Object.<anonymous> (src/test/mcp/tool-discovery.test.ts:309:21)

FAIL src/test/dynamic-tool-discovery.test.ts
  ● DynamicToolDiscoveryService › 初期化 › 正しく初期化される

    expect(jest.fn()).toHaveBeenCalled()

    Expected number of calls: >= 1
    Received number of calls:    0

      55 |     it('正しく初期化される', () => {
      56 |       expect(service).toBeDefined();
    > 57 |       expect(Logger).toHaveBeenCalled();
         |                      ^
      58 |     });
      59 |
      60 |     it('リフレッシュ間隔が設定されている場合、定期実行を設定する', () => {

      at Object.<anonymous> (src/test/dynamic-tool-discovery.test.ts:57:22)

  ● DynamicToolDiscoveryService › リスク評価 › 高リスクパターンを正しく検出する

    expect(jest.fn()).toHaveBeenCalledTimes(expected)

    Expected number of calls: 8
    Received number of calls: 4

      252 |
      253 |       // 各ツールが高リスクとして登録されることを確認
    > 254 |       expect(mockLogger.info).toHaveBeenCalledTimes(highRiskTools.length * 2); // 発見ログ + 登録ログ
          |                               ^
      255 |       
      256 |       highRiskTools.forEach(tool => {
      257 |         expect(mockLogger.info).toHaveBeenCalledWith(

      at Object.<anonymous> (src/test/dynamic-tool-discovery.test.ts:254:31)

  ● DynamicToolDiscoveryService › リスク評価 › カスタムルールによるリスク評価を適用する

    expect(jest.fn()).toHaveBeenCalledWith(...expected)

    Expected: "Registered dynamic tool", ObjectContaining {"name": "custom_high_risk", "risk": "high"}
    Received
           1: "Registered dynamic tool", {"category": "general", "name": "custom_high_risk", "policyEnforced": true, "risk": "medium", "source": "test-source"}
           2: "Registered dynamic tool", {"category": "general", "name": "custom_low_risk", "policyEnforced": true, "risk": "medium", "source": "test-source"}

    Number of calls: 2

      321 |
      322 |       // execパターンがhighRiskPatternsに含まれているため
    > 323 |       expect(mockLogger.info).toHaveBeenCalledWith(
          |                               ^
      324 |         'Registered dynamic tool',
      325 |         expect.objectContaining({
      326 |           name: 'custom_high_risk',

      at Object.<anonymous> (src/test/dynamic-tool-discovery.test.ts:323:31)

  ● DynamicToolDiscoveryService › ポリシー設定の決定 › 信頼できるソースからのツールは許可される

    expect(jest.fn()).toHaveBeenCalledWith(...expected)

    Expected: "Registered dynamic tool", ObjectContaining {"name": "trusted-tool", "policyEnforced": false, "source": "official-mcp-server"}
    Received: "Registered dynamic tool", {"category": "general", "name": "trusted-tool", "policyEnforced": true, "risk": "medium", "source": "official-mcp-server"}

    Number of calls: 1

      369 |       );
      370 |
    > 371 |       expect(mockLogger.info).toHaveBeenCalledWith(
          |                               ^
      372 |         'Registered dynamic tool',
      373 |         expect.objectContaining({
      374 |           name: 'trusted-tool',

      at Object.<anonymous> (src/test/dynamic-tool-discovery.test.ts:371:31)

  ● DynamicToolDiscoveryService › ポリシー設定の決定 › smartモードで低リスクツールは許可される

    expect(jest.fn()).toHaveBeenCalledWith(...expected)

    Expected: "Registered dynamic tool", ObjectContaining {"name": "read_data", "policyEnforced": false, "risk": "low"}
    Received: "Registered dynamic tool", {"category": "data", "name": "read_data", "policyEnforced": true, "risk": "low", "source": "unknown-source"}

    Number of calls: 1

      445 |       await service.discoverToolsFromListResponse({ tools: [tool] }, 'unknown-source');
      446 |
    > 447 |       expect(mockLogger.info).toHaveBeenCalledWith(
          |                               ^
      448 |         'Registered dynamic tool',
      449 |         expect.objectContaining({
      450 |           name: 'read_data',

      at Object.<anonymous> (src/test/dynamic-tool-discovery.test.ts:447:31)

  ● DynamicToolDiscoveryService › ツールのカテゴリ分類 › 複数のツールを同じカテゴリに分類する

    expect(jest.fn()).toHaveBeenCalledWith(...expected)

    Expected: "Registered dynamic tool", ObjectContaining {"category": "file-management", "name": "read_file"}
    Received
           1: "Registered dynamic tool", {"category": "filesystem", "name": "read_file", "policyEnforced": true, "risk": "low", "source": "test-source"}
           2: "Registered dynamic tool", {"category": "filesystem", "name": "write_file", "policyEnforced": true, "risk": "medium", "source": "test-source"}
           3: "Registered dynamic tool", {"category": "filesystem", "name": "delete_file", "policyEnforced": true, "risk": "high", "source": "test-source"}

    Number of calls: 3

      490 |       // すべてファイル管理カテゴリに分類されることを期待
      491 |       fileTools.forEach(tool => {
    > 492 |         expect(mockLogger.info).toHaveBeenCalledWith(
          |                                 ^
      493 |           'Registered dynamic tool',
      494 |           expect.objectContaining({
      495 |             name: tool.name,

      at src/test/dynamic-tool-discovery.test.ts:492:33
          at Array.forEach (<anonymous>)
      at Object.<anonymous> (src/test/dynamic-tool-discovery.test.ts:491:17)

  ● DynamicToolDiscoveryService › パブリックメソッド › カテゴリ別にツールを取得できる

    expect(received).toBeGreaterThanOrEqual(expected)

    Matcher error: received value must be a number or bigint

    Received has value: undefined

      601 |
      602 |       const fileTools = getToolsByCategory('file-management');
    > 603 |       expect(fileTools?.size).toBeGreaterThanOrEqual(2);
          |                               ^
      604 |       
      605 |       const execTools = getToolsByCategory('execution');
      606 |       expect(execTools?.has('exec_command')).toBe(true);

      at Object.<anonymous> (src/test/dynamic-tool-discovery.test.ts:603:31)

FAIL test/context-enrichers.test.ts
  ● Context Enrichers - 機能テスト › ResourceClassifier › リソースの機密度を分類する

    expect(received).toMatchObject(expected)

    - Expected  - 4
    + Received  + 4

      Object {
    -   "dataType": "customer-data",
    +   "dataType": "unclassified",
        "sensitivityLevel": "high",
    -   "tags": ArrayContaining [
    -     "pii",
    -     "regulated",
    +   "tags": Array [
    +     "unclassified",
    +     "review-required",
        ],
      }

      319 |         const enriched = await classifier.enrich(context);
      320 |
    > 321 |         expect(enriched['resource-classifier']).toMatchObject({
          |                                                 ^
      322 |           dataType: testCase.expectedType,
      323 |           sensitivityLevel: testCase.expectedSensitivity,
      324 |           tags: expect.arrayContaining(testCase.expectedTags)

      at Object.<anonymous> (test/context-enrichers.test.ts:321:49)

  ● Context Enrichers - 機能テスト › ResourceClassifier › 個人情報を含むリソースを識別する

    expect(received).toBe(expected) // Object.is equality

    Expected: true
    Received: false

      346 |         const enriched = await classifier.enrich(context);
      347 |
    > 348 |         expect(enriched['resource-classifier'].isPii).toBe(true);
          |                                                       ^
      349 |         expect(enriched['resource-classifier'].tags).toContain('pii');
      350 |       }
      351 |     });

      at Object.<anonymous> (test/context-enrichers.test.ts:348:55)

  ● Context Enrichers - 機能テスト › SecurityInfoEnricher › 異常なアクセスパターンを検出する

    expect(received).toBeGreaterThan(expected)

    Expected: > 0
    Received:   0

      521 |       
      522 |       // 異常パターンが検出されていることを確認
    > 523 |       expect(enriched['security-info'].unusualActivity.length).toBeGreaterThan(0);
          |                                                                ^
      524 |     });
      525 |   });
      526 |

      at Object.<anonymous> (test/context-enrichers.test.ts:523:64)

  ● Context Enrichers - 機能テスト › ContextCollector統合テスト › 全てのenricherが協調して動作する

    expect(received).toMatchObject(expected)

    - Expected  -  12
    + Received  + 123

    @@ -1,28 +1,139 @@
      Object {
        "action": "read",
        "agent": "customer-support-agent",
    -   "environment": ObjectContaining {
    -     "enrichments": ObjectContaining {
    -       "agent-info": ObjectContaining {
    -         "agentType": Any<String>,
    -         "clearanceLevel": Any<Number>,
    -         "department": Any<String>,
    +   "environment": Object {
    +     "clientIP": "192.168.1.100",
    +     "enrichmentTime": 0,
    +     "enrichments": Object {
    +       "agent-info": Object {
    +         "activityStatus": "active-today",
    +         "ageDays": 760,
    +         "agentId": "customer-support-agent",
    +         "agentType": "support",
    +         "clearanceLevel": 2,
    +         "clearanceName": "standard",
    +         "createdAt": "2024-01-15T00:00:00.000Z",
    +         "department": "customer-service",
    +         "hasAdminPrivileges": false,
    +         "hasHighClearance": false,
    +         "inactiveDays": 0,
    +         "isExternal": false,
    +         "isInactive": false,
    +         "isNewAgent": false,
    +         "lastActivity": "2026-02-13T00:16:32.418Z",
    +         "location": "tokyo-office",
    +         "permissions": Array [
    +           "read-customer-data",
    +           "create-tickets",
    +         ],
    +         "requiresSupervision": false,
    +         "riskScore": 0.2,
    +         "supervisor": "support-manager",
    +         "tags": Array [
    +           "production",
    +           "verified",
    +         ],
    +         "trustScore": 1,
    +       },
    +       "resource-classifier": Object {
    +         "accessFrequency": Object {
    +           "daily": 1,
    +           "monthly": 1977,
    +           "trend": "stable",
    +           "weekly": 408,
    +         },
    +         "dataAge": "current",
    +         "dataController": "data-governance-team",
    +         "dataType": "unclassified",
    +         "department": "unknown",
    +         "isFinancial": false,
    +         "isPhi": false,
    +         "isPii": false,
    +         "isPublic": false,
    +         "isRegulated": false,
    +         "lineage": Object {
    +           "dependencies": Array [],
    +           "lastModified": "2026-02-13T00:16:32.419Z",
    +           "source": "original-system",
    +           "transformations": Array [
    +             "anonymized",
    +             "aggregated",
    +           ],
    +           "version": "1.0",
              },
    -       "resource-classifier": ObjectContaining {
    -         "dataType": "customer-data",
    -         "isPii": true,
    +         "owner": "unknown",
    +         "requiresAudit": false,
    +         "requiresEncryption": true,
    +         "resourceHost": "profile",
    +         "resourcePath": "/12345",
    +         "resourceScheme": "customer",
    +         "resourceUri": "customer://profile/12345",
    +         "retentionDays": 90,
              "sensitivityLevel": "high",
    +         "sensitivityScore": 0.8,
    +         "tags": Array [
    +           "unclassified",
    +           "review-required",
    +         ],
            },
    -       "security-info": ObjectContaining {
    +       "security-info": Object {
    +         "authMethod": "password",
    +         "authStrength": "medium",
              "clientIP": "192.168.1.100",
    -         "threatLevel": Any<String>,
    +         "deviceTrust": "untrusted",
    +         "geoLocation": Object {
    +           "city": "Unknown",
    +           "country": "US",
    +           "isHighRisk": false,
    +           "region": "Unknown",
    +           "timezone": "UTC",
    +         },
    +         "ipType": "external",
    +         "isInternalIP": false,
    +         "isOfficeIP": false,
    +         "isThreatIP": false,
    +         "isVpnConnection": false,
    +         "lastSuccessfulAccess": null,
    +         "mfaEnabled": false,
    +         "networkTrust": "untrusted",
    +         "recentFailedAttempts": 0,
    +         "requiresAdditionalAuth": true,
    +         "securityScore": 0.4,
    +         "sessionAge": 2247,
    +         "threatLevel": "low",
    +         "threatReasons": Array [],
    +         "unusualActivity": Array [],
    +         "vpnType": null,
    +       },
    +       "time-based": Object {
    +         "businessHoursConfig": Object {
    +           "end": 18,
    +           "start": 9,
    +           "timezone": "Asia/Tokyo",
              },
    -       "time-based": ObjectContaining {
    +         "currentTime": "2024-01-15T01:00:00.000Z",
    +         "dayOfMonth": 15,
    +         "dayOfWeek": 1,
              "dayOfWeekName": "Monday",
    +         "fiscalQuarter": 4,
    +         "fiscalYear": 2023,
    +         "hour": 10,
    +         "isBusinessDay": true,
              "isBusinessHours": true,
    +         "isHoliday": false,
    +         "isMonthEnd": false,
              "isWeekend": false,
    +         "minute": 0,
    +         "month": 1,
    +         "monthName": "January",
    +         "quarter": 1,
    +         "timeOfDay": "morning",
    +         "timeSinceBusinessStart": 60,
    +         "timeUntilBusinessEnd": 480,
    +         "timezone": "Asia/Tokyo",
    +         "year": 2024,
            },
          },
          "requestId": "req-123",
          "sessionId": "session-456",
        },

      557 |
      558 |       // 全てのenricherからの情報が統合されていることを確認
    > 559 |       expect(enrichedContext).toMatchObject({
          |                               ^
      560 |         // 基本情報
      561 |         agent: 'customer-support-agent',
      562 |         action: 'read',

      at Object.<anonymous> (test/context-enrichers.test.ts:559:31)

FAIL src/test/utils-config.test.ts
  ● Config › 基本設定 › デフォルト値で初期化される

    expect(received).toBe(expected) // Object.is equality

    Expected: "development"
    Received: "test"

      33 |       const config = new Config();
      34 |
    > 35 |       expect(config.nodeEnv).toBe('development');
         |                              ^
      36 |       expect(config.port).toBe(3000);
      37 |       expect(config.logLevel).toBe('info');
      38 |     });

      at Object.<anonymous> (src/test/utils-config.test.ts:35:30)

  ● Config › 基本設定 › 環境変数から値を読み込む

    [Config] Secret key must be changed in production environment

      175 |     // セキュリティ設定検証
      176 |     if (this.config.nodeEnv === 'production' && this.config.secretKey === DEFAULT_SECRET_KEY) {
    > 177 |       throw new Error('[Config] Secret key must be changed in production environment');
          |             ^
      178 |     }
      179 |
      180 |     if (this.config.nodeEnv === 'production' && (!this.config.secretKey || this.config.secretKey.length < MIN_SECRET_KEY_LENGTH)) {

      at Config.validateConfig (src/utils/config.ts:177:13)
      at new Config (src/utils/config.ts:87:10)
      at Object.<anonymous> (src/test/utils-config.test.ts:45:22)

  ● Config › LLM設定 › デフォルトのLLM設定を使用する

    expect(received).toEqual(expected) // deep equality

    - Expected  - 2
    + Received  + 2

      Object {
        "apiKey": "",
        "baseURL": undefined,
        "maxTokens": 4096,
    -   "model": "gpt-4",
    -   "provider": "openai",
    +   "model": "claude-opus-4-20250514",
    +   "provider": "anthropic",
        "temperature": 0.3,
      }

      67 |       const config = new Config();
      68 |
    > 69 |       expect(config.llm).toEqual({
         |                          ^
      70 |         provider: 'openai',
      71 |         apiKey: '',
      72 |         model: 'gpt-4',

      at Object.<anonymous> (src/test/utils-config.test.ts:69:26)

  ● Config › セキュリティ設定 › 本番環境でカスタムシークレットキーを使用すると正常に動作する

    expect(received).not.toThrow()

    Error name:    "Error"
    Error message: "[Config] Secret key must be at least 32 characters long in production"

          179 |
          180 |     if (this.config.nodeEnv === 'production' && (!this.config.secretKey || this.config.secretKey.length < MIN_SECRET_KEY_LENGTH)) {
        > 181 |       throw new Error('[Config] Secret key must be at least 32 characters long in production');
              |             ^
          182 |     }
          183 |
          184 |     // ポート番号検証

      at Config.validateConfig (src/utils/config.ts:181:13)
      at new Config (src/utils/config.ts:87:10)
      at src/test/utils-config.test.ts:277:20
      at Object.<anonymous> (node_modules/expect/build/toThrowMatchers.js:74:11)
      at Object.throwingMatcher [as toThrow] (node_modules/expect/build/index.js:320:21)
      at Object.<anonymous> (src/test/utils-config.test.ts:277:38)
      at Object.<anonymous> (src/test/utils-config.test.ts:277:38)

  ● Config › 上流サーバーのパース › 空白を含む設定も処理する

    expect(received).toEqual(expected) // deep equality

    - Expected  - 2
    + Received  + 2

      Object {
    -   "server1": "http://server1.com",
    -   "server2": "http://server2.com",
    +   "server1 ": " http://server1.com",
    +   "server2 ": " http://server2.com",
      }

      306 |       const config = new Config();
      307 |
    > 308 |       expect(config.mcpProxy.upstreamServers).toEqual({
          |                                               ^
      309 |         server1: 'http://server1.com',
      310 |         server2: 'http://server2.com'
      311 |       });

      at Object.<anonymous> (src/test/utils-config.test.ts:308:47)

  ● Config › 環境チェックメソッド › isProductionが正しく動作する

    [Config] Secret key must be at least 32 characters long in production

      179 |
      180 |     if (this.config.nodeEnv === 'production' && (!this.config.secretKey || this.config.secretKey.length < MIN_SECRET_KEY_LENGTH)) {
    > 181 |       throw new Error('[Config] Secret key must be at least 32 characters long in production');
          |             ^
      182 |     }
      183 |
      184 |     // ポート番号検証

      at Config.validateConfig (src/utils/config.ts:181:13)
      at new Config (src/utils/config.ts:87:10)
      at Object.<anonymous> (src/test/utils-config.test.ts:346:22)

  ● Config › 設定検証 › APIキーが設定されていない場合に警告を出力する

    expect(jest.fn()).toHaveBeenCalledWith(...expected)

    Expected: "[Config] Warning: OpenAI API key not set. Set OPENAI_API_KEY environment variable."

    Number of calls: 0

      366 |       new Config();
      367 |
    > 368 |       expect(consoleErrorSpy).toHaveBeenCalledWith(
          |                               ^
      369 |         '[Config] Warning: OpenAI API key not set. Set OPENAI_API_KEY environment variable.'
      370 |       );
      371 |     });

      at Object.<anonymous> (src/test/utils-config.test.ts:368:31)

  ● Config › 設定検証 › 設定が正常にロードされたことをログ出力する

    expect(jest.fn()).toHaveBeenCalledWith(...expected)

    Expected: "[Config] Configuration loaded successfully"

    Number of calls: 0

      411 |       new Config();
      412 |
    > 413 |       expect(consoleErrorSpy).toHaveBeenCalledWith('[Config] Configuration loaded successfully');
          |                               ^
      414 |       expect(consoleErrorSpy).toHaveBeenCalledWith('[Config] Environment: development');
      415 |       expect(consoleErrorSpy).toHaveBeenCalledWith('[Config] LLM Provider: openai');
      416 |       expect(consoleErrorSpy).toHaveBeenCalledWith('[Config] LLM Model: gpt-4');

      at Object.<anonymous> (src/test/utils-config.test.ts:413:31)

  ● Config › toJSON › 機密情報をマスクして出力する

    expect(received).toBe(expected) // Object.is equality

    Expected: "[REDACTED]"
    Received: "[NOT_SET]"

      427 |       const json = config.toJSON();
      428 |
    > 429 |       expect(json.llm?.apiKey).toBe('[REDACTED]');
          |                                ^
      430 |       expect(json.secretKey).toBe('[REDACTED]');
      431 |       expect(json.jwtSecret).toBe('[REDACTED]');
      432 |     });

      at Object.<anonymous> (src/test/utils-config.test.ts:429:32)

  ● Config › dotenv設定 › dotenv.configがoverride: falseで呼ばれる

    expect(jest.fn()).toHaveBeenCalledWith(...expected)

    Expected: {"override": false}

    Number of calls: 0

      462 |       new Config();
      463 |
    > 464 |       expect(dotenv.config).toHaveBeenCalledWith({ override: false });
          |                             ^
      465 |     });
      466 |   });
      467 | });

      at Object.<anonymous> (src/test/utils-config.test.ts:464:29)

FAIL src/test/mcp-stdio-proxy-extended.test.ts (7.205 s)
  ● MCPStdioPolicyProxy - 拡張機能テスト › ポリシーローダー機能 › アクティブポリシーを優先的に使用する

    TypeError: this.stdioRouter.on is not a function

      1529 |   private setupNotificationHandling(): void {
      1530 |     // StdioRouterからのupstreamNotificationイベントを購読
    > 1531 |     this.stdioRouter.on('upstreamNotification', (event: {
           |                      ^
      1532 |       serverName: string;
      1533 |       notificationMethod: string;
      1534 |       notificationParams: any;

      at MCPStdioPolicyProxy.setupNotificationHandling (src/mcp/stdio-proxy.ts:1531:22)
      at MCPStdioPolicyProxy.start (src/mcp/stdio-proxy.ts:1513:10)
      at Object.<anonymous> (src/test/mcp-stdio-proxy-extended.test.ts:211:7)

  ● MCPStdioPolicyProxy - 拡張機能テスト › リアルタイム異常検知 › ポリシー判定後に異常検知を実行する

    expect(jest.fn()).toHaveBeenCalled()

    Expected number of calls: >= 1
    Received number of calls:    0

      267 |       await enforcePolicy('read', 'test://resource', {});
      268 |       
    > 269 |       expect(mockAnomalyDetector.detectRealTimeAnomalies).toHaveBeenCalled();
          |                                                           ^
      270 |       expect(mockLogger.info).toHaveBeenCalledWith(
      271 |         expect.stringContaining('Detected 1 real-time anomalies'),
      272 |         expect.any(Object)

      at Object.<anonymous> (src/test/mcp-stdio-proxy-extended.test.ts:269:59)

  ● MCPStdioPolicyProxy - 拡張機能テスト › インテリジェントキャッシュシステム › 新しい判定結果をキャッシュに保存する

    expect(jest.fn()).toHaveBeenCalled()

    Expected number of calls: >= 1
    Received number of calls:    0

      329 |       await enforcePolicy('read', 'test://resource', {});
      330 |       
    > 331 |       expect(mockCacheSystem.set).toHaveBeenCalled();
          |                                   ^
      332 |     });
      333 |
      334 |     it('キャッシュ統計情報を取得する', () => {

      at Object.<anonymous> (src/test/mcp-stdio-proxy-extended.test.ts:331:35)

  ● MCPStdioPolicyProxy - 拡張機能テスト › サーキットブレーカー機能 › 成功時にサーキットブレーカーをリセットする

    expect(received).toBe(expected) // Object.is equality

    Expected: 0
    Received: undefined

      438 |       
      439 |       const stats = proxy.getCircuitBreakerStats();
    > 440 |       expect(stats['test-method']?.failures).toBe(0);
          |                                              ^
      441 |     });
      442 |
      443 |     it('クールダウン期間後にサーキットブレーカーをリセットする', async () => {

      at Object.<anonymous> (src/test/mcp-stdio-proxy-extended.test.ts:440:46)

  ● MCPStdioPolicyProxy - 拡張機能テスト › システムヘルスモニタリング › 起動時にヘルスモニタリングを開始する

    Configuration error:

    Could not locate module ./http-proxy.js mapped as:
    $1.

    Please check your configuration for these entries:
    {
      "moduleNameMapper": {
        "/^(\.{1,2}\/.*)\.js$/": "$1"
      },
      "resolver": undefined
    }

      637 |       };
      638 |       
    > 639 |       jest.doMock('./http-proxy.js', () => ({
          |            ^
      640 |         MCPHttpPolicyProxy: jest.fn().mockImplementation(() => mockHttpProxy)
      641 |       }));
      642 |       

      at createNoMappedModuleFoundError (node_modules/jest-resolve/build/resolver.js:759:17)
      at Object.<anonymous> (src/test/mcp-stdio-proxy-extended.test.ts:639:12)

FAIL src/test/e2e/policy-lifecycle.test.ts
  ● Test suite failed to run

    Jest encountered an unexpected token

    Jest failed to parse a file. This happens e.g. when your code or its dependencies use non-standard JavaScript syntax, or when Jest is not configured to support such syntax.

    Out of the box Jest supports Babel, which will be used to transform your files into valid JS based on your Babel configuration.

    By default "node_modules" folder is ignored by transformers.

    Here's what you can do:
     • If you are trying to use ECMAScript Modules, see https://jestjs.io/docs/ecmascript-modules for how to enable it.
     • If you are trying to use TypeScript, see https://jestjs.io/docs/getting-started#using-typescript
     • To have some of your "node_modules" files transformed, you can specify a custom "transformIgnorePatterns" in your config.
     • If you need a custom transformation specify a "transform" option in your config.
     • If you simply want to mock your non-JS modules (e.g. binary assets) you can stub them out with the "moduleNameMapper" config option.

    You'll find more details and examples of these config options in the docs:
    https://jestjs.io/docs/configuration
    For information about custom transformations, see:
    https://jestjs.io/docs/code-transformation

    Details:

    /Users/shingo/Develop/aegis-policy-engine/node_modules/node-fetch/src/index.js:9
    import http from 'node:http';
    ^^^^^^

    SyntaxError: Cannot use import statement outside a module

       5 | import { describe, it, expect, beforeAll, afterAll } from '@jest/globals';
       6 | // @ts-ignore
    >  7 | const fetch = require('node-fetch').default || require('node-fetch');
         |               ^
       8 | import { PolicyAdministrator } from '../../policies/administrator.js';
       9 | import { AIJudgmentEngine } from '../../ai/judgment-engine.js';
      10 |

      at Runtime.createScriptFromCode (node_modules/jest-runtime/build/index.js:1505:14)
      at Object.<anonymous> (src/test/e2e/policy-lifecycle.test.ts:7:15)

FAIL src/test/mcp/policy-enforcer.test.ts (11.495 s)
  ● PolicyEnforcer › enforcePolicy › should handle policy decision timeout

    thrown: "Exceeded timeout of 10000 ms for a test.
    Add a timeout value to this test to increase the timeout, if this is a long-running test. See https://jestjs.io/docs/api#testname-fn-timeout."

      223 |     });
      224 |
    > 225 |     it('should handle policy decision timeout', async () => {
          |     ^
      226 |       // Mock a delayed decision that will timeout
      227 |       (mockPolicyEngine.decide as jest.Mock).mockImplementation(
      228 |         () => new Promise(resolve => setTimeout(resolve, TIMEOUTS.POLICY_DECISION + 1000))

      at src/test/mcp/policy-enforcer.test.ts:225:5
      at src/test/mcp/policy-enforcer.test.ts:102:3
      at Object.<anonymous> (src/test/mcp/policy-enforcer.test.ts:86:1)

  ● PolicyEnforcer › enforcePolicy › should use default policy when no policy loader provided

    expect(jest.fn()).toHaveBeenCalledWith(...expected)

    - Expected
    + Received

      {"action": "read", "agent": "test-agent", "environment": {"agent": "test-agent", "request": {"params": {"purpose": "test-purpose"}}, "transport": "http"}, "purpose": "test-purpose", "resource": "file://test.txt", "time": 2026-02-13T00:16:27.051Z},
    - null,
    + undefined,

    Number of calls: 1

      304 |       );
      305 |
    > 306 |       expect(mockPolicyEngine.decide).toHaveBeenCalledWith(
          |                                       ^
      307 |         enrichedContext,
      308 |         null // No policy
      309 |       );

      at Object.<anonymous> (src/test/mcp/policy-enforcer.test.ts:306:39)

FAIL test/ai/judgment-engine-comprehensive.test.ts (32.165 s)
  ● AIJudgmentEngine - Comprehensive Tests › Security Tests › should handle prompt injection attempts safely

    TypeError: Cannot read properties of undefined (reading '0')

      69 |       // Verify the prompt is constructed safely
      70 |       const promptCall = mockLLM.complete.mock.calls[0][0];
    > 71 |       expect(promptCall.messages[0].content).toContain('アクセス制御ポリシー');
         |                                 ^
      72 |     });
      73 |
      74 |     it('should handle context data injection attempts', async () => {

      at Object.<anonymous> (test/ai/judgment-engine-comprehensive.test.ts:71:33)

  ● AIJudgmentEngine - Comprehensive Tests › Security Tests › should validate and sanitize LLM responses

    expect(received).not.toHaveProperty(path)

    Expected path: not "__proto__"

    Received value: {}

      122 |       expect(result.confidence).toBeLessThanOrEqual(1);
      123 |       expect(result.constraints).not.toContain('<script>alert("xss")</script>');
    > 124 |       expect(result).not.toHaveProperty('__proto__');
          |                          ^
      125 |       expect(result).not.toHaveProperty('constructor');
      126 |     });
      127 |   });

      at Object.<anonymous> (test/ai/judgment-engine-comprehensive.test.ts:124:26)

  ● AIJudgmentEngine - Comprehensive Tests › Performance and Concurrency Tests › should handle concurrent requests efficiently

    TypeError: Cannot read properties of undefined (reading 'has')

      164 |       // Should use cache for duplicate requests
      165 |       const cacheKey = (engine as any).generateCacheKey(policy, contexts[0]);
    > 166 |       expect((engine as any).cache.has(cacheKey)).toBe(true);
          |                                    ^
      167 |     });
      168 |
      169 |     it('should respect rate limits', async () => {

      at Object.<anonymous> (test/ai/judgment-engine-comprehensive.test.ts:166:36)

  ● AIJudgmentEngine - Comprehensive Tests › Performance and Concurrency Tests › should respect rate limits

    expect(received).toBeGreaterThan(expected)

    Expected: > 0
    Received:   0

      202 |       // Some should succeed, some should fail due to rate limit
      203 |       expect(successful.length).toBeGreaterThan(0);
    > 204 |       expect(failed.length).toBeGreaterThan(0);
          |                             ^
      205 |     });
      206 |
      207 |     it('should implement request timeout', async () => {

      at Object.<anonymous> (test/ai/judgment-engine-comprehensive.test.ts:204:29)

  ● AIJudgmentEngine - Comprehensive Tests › Performance and Concurrency Tests › should implement request timeout

    thrown: "Exceeded timeout of 30000 ms for a test.
    Add a timeout value to this test to increase the timeout, if this is a long-running test. See https://jestjs.io/docs/api#testname-fn-timeout."

      205 |     });
      206 |
    > 207 |     it('should implement request timeout', async () => {
          |     ^
      208 |       const policy = 'Timeout test policy';
      209 |       const context: DecisionContext = {
      210 |         agent: 'test',

      at test/ai/judgment-engine-comprehensive.test.ts:207:5
      at test/ai/judgment-engine-comprehensive.test.ts:129:3
      at Object.<anonymous> (test/ai/judgment-engine-comprehensive.test.ts:16:1)

  ● AIJudgmentEngine - Comprehensive Tests › Error Recovery and Resilience › should retry on transient failures

    expect(received).toBe(expected) // Object.is equality

    Expected: "PERMIT"
    Received: "INDETERMINATE"

      437 |       const result = await engine.makeDecision(policy, context);
      438 |
    > 439 |       expect(result.decision).toBe('PERMIT');
          |                               ^
      440 |       expect(attemptCount).toBe(3);
      441 |     });
      442 |

      at Object.<anonymous> (test/ai/judgment-engine-comprehensive.test.ts:439:31)

  ● AIJudgmentEngine - Comprehensive Tests › Custom Prompt Templates › should support custom prompt templates

    expect(received).toContain(expected) // indexOf

    Expected substring: "SECURITY POLICY EVALUATION"
    Received string:    "\"# AI利用制御判定システム\\n\\nあなたは組織のAI利用に関するセキュリティポリシーを評価する専門家です。\\n提供されたコンテキスト情報とポリシーに基づいて、AIエージェントのリクエストを判定してください。\\n\\n## 判定基準\\n1. エージェントの権限とリソースへのアクセス権\\n2. 操作の目的と組織のポリシーとの整合性  \\n3. セキュリティリスクの評価\\n4. 時間的・地理的制約の確認\\n\\n## コンテキスト情報\\n\\n- **エージェント**: test-agent (タイプ: 不明)\\n- **要求アクション**: read\\n- **対象リソース**: test-resource\\n- **業務目的**: 未指定\\n- **時刻**: 2026/2/13 9:16:57 (営業時間内)\\n- **場所**: 不明\\n- **クリアランスレベル**: 不明\\n- **過去の違反履歴**: なし\\n\\n## 環境情報\\n```json\\n{\\n  \\\"custom\\\": \\\"value\\\"\\n}\\n```\\n\\n## 適用ポリシー\\nCustom template test policy\\n\\n## 判定対象\\nエージェント: test-agent\\nアクション: read\\nリソース: test-resource\\n目的: 未指定\\n\\n## 出力形式\\n以下のJSON形式で回答してください：\\n{\\n  \\\"decision\\\": \\\"PERMIT\\\" | \\\"DENY\\\" | \\\"INDETERMINATE\\\",\\n  \\\"reason\\\": \\\"判定理由の詳細説明\\\",\\n  \\\"confidence\\\": 0.0-1.0の信頼度スコア,\\n  \\\"constraints\\\": [\\\"適用すべき制約のリスト\\\"],\\n  \\\"obligations\\\": [\\\"実行すべき義務のリスト\\\"],\\n  \\\"metadata\\\": {\\n    \\\"risk_level\\\": \\\"LOW\\\" | \\\"MEDIUM\\\" | \\\"HIGH\\\",\\n    \\\"policy_violations\\\": [\\\"違反したポリシー項目\\\"],\\n    \\\"recommendations\\\": [\\\"推奨事項\\\"]\\n  }\\n}\""

      540 |       // Verify custom template was used
      541 |       const call = mockLLM.complete.mock.calls[0][0];
    > 542 |       expect(JSON.stringify(call)).toContain('SECURITY POLICY EVALUATION');
          |                                    ^
      543 |     });
      544 |   });
      545 |

      at Object.<anonymous> (test/ai/judgment-engine-comprehensive.test.ts:542:36)

  ● AIJudgmentEngine - Comprehensive Tests › Monitoring and Metrics › should track decision metrics

    expect(received).toBe(expected) // Object.is equality

    Expected: 3
    Received: 100

      566 |       const stats = engine.getStats();
      567 |       
    > 568 |       expect(stats.totalDecisions).toBe(3);
          |                                    ^
      569 |       expect(stats.permitCount).toBe(2);
      570 |       expect(stats.denyCount).toBe(1);
      571 |       expect(stats.cacheHitRate).toBeGreaterThanOrEqual(0);

      at Object.<anonymous> (test/ai/judgment-engine-comprehensive.test.ts:568:36)

FAIL src/test/ai/judgment-engine-comprehensive.test.ts (32.168 s)
  ● AIJudgmentEngine - Comprehensive Tests › Security Tests › should handle prompt injection attempts safely

    TypeError: Cannot read properties of undefined (reading '0')

      69 |       // Verify the prompt is constructed safely
      70 |       const promptCall = mockLLM.complete.mock.calls[0][0];
    > 71 |       expect(promptCall.messages[0].content).toContain('アクセス制御ポリシー');
         |                                 ^
      72 |     });
      73 |
      74 |     it('should handle context data injection attempts', async () => {

      at Object.<anonymous> (src/test/ai/judgment-engine-comprehensive.test.ts:71:33)

  ● AIJudgmentEngine - Comprehensive Tests › Security Tests › should validate and sanitize LLM responses

    expect(received).not.toHaveProperty(path)

    Expected path: not "__proto__"

    Received value: {}

      122 |       expect(result.confidence).toBeLessThanOrEqual(1);
      123 |       expect(result.constraints).not.toContain('<script>alert("xss")</script>');
    > 124 |       expect(result).not.toHaveProperty('__proto__');
          |                          ^
      125 |       expect(result).not.toHaveProperty('constructor');
      126 |     });
      127 |   });

      at Object.<anonymous> (src/test/ai/judgment-engine-comprehensive.test.ts:124:26)

  ● AIJudgmentEngine - Comprehensive Tests › Performance and Concurrency Tests › should handle concurrent requests efficiently

    TypeError: Cannot read properties of undefined (reading 'has')

      164 |       // Should use cache for duplicate requests
      165 |       const cacheKey = (engine as any).generateCacheKey(policy, contexts[0]);
    > 166 |       expect((engine as any).cache.has(cacheKey)).toBe(true);
          |                                    ^
      167 |     });
      168 |
      169 |     it('should respect rate limits', async () => {

      at Object.<anonymous> (src/test/ai/judgment-engine-comprehensive.test.ts:166:36)

  ● AIJudgmentEngine - Comprehensive Tests › Performance and Concurrency Tests › should respect rate limits

    expect(received).toBeGreaterThan(expected)

    Expected: > 0
    Received:   0

      202 |       // Some should succeed, some should fail due to rate limit
      203 |       expect(successful.length).toBeGreaterThan(0);
    > 204 |       expect(failed.length).toBeGreaterThan(0);
          |                             ^
      205 |     });
      206 |
      207 |     it('should implement request timeout', async () => {

      at Object.<anonymous> (src/test/ai/judgment-engine-comprehensive.test.ts:204:29)

  ● AIJudgmentEngine - Comprehensive Tests › Performance and Concurrency Tests › should implement request timeout

    thrown: "Exceeded timeout of 30000 ms for a test.
    Add a timeout value to this test to increase the timeout, if this is a long-running test. See https://jestjs.io/docs/api#testname-fn-timeout."

      205 |     });
      206 |
    > 207 |     it('should implement request timeout', async () => {
          |     ^
      208 |       const policy = 'Timeout test policy';
      209 |       const context: DecisionContext = {
      210 |         agent: 'test',

      at src/test/ai/judgment-engine-comprehensive.test.ts:207:5
      at src/test/ai/judgment-engine-comprehensive.test.ts:129:3
      at Object.<anonymous> (src/test/ai/judgment-engine-comprehensive.test.ts:16:1)

  ● AIJudgmentEngine - Comprehensive Tests › Error Recovery and Resilience › should retry on transient failures

    expect(received).toBe(expected) // Object.is equality

    Expected: "PERMIT"
    Received: "INDETERMINATE"

      437 |       const result = await engine.makeDecision(policy, context);
      438 |
    > 439 |       expect(result.decision).toBe('PERMIT');
          |                               ^
      440 |       expect(attemptCount).toBe(3);
      441 |     });
      442 |

      at Object.<anonymous> (src/test/ai/judgment-engine-comprehensive.test.ts:439:31)

  ● AIJudgmentEngine - Comprehensive Tests › Custom Prompt Templates › should support custom prompt templates

    expect(received).toContain(expected) // indexOf

    Expected substring: "SECURITY POLICY EVALUATION"
    Received string:    "\"# AI利用制御判定システム\\n\\nあなたは組織のAI利用に関するセキュリティポリシーを評価する専門家です。\\n提供されたコンテキスト情報とポリシーに基づいて、AIエージェントのリクエストを判定してください。\\n\\n## 判定基準\\n1. エージェントの権限とリソースへのアクセス権\\n2. 操作の目的と組織のポリシーとの整合性  \\n3. セキュリティリスクの評価\\n4. 時間的・地理的制約の確認\\n\\n## コンテキスト情報\\n\\n- **エージェント**: test-agent (タイプ: 不明)\\n- **要求アクション**: read\\n- **対象リソース**: test-resource\\n- **業務目的**: 未指定\\n- **時刻**: 2026/2/13 9:16:57 (営業時間内)\\n- **場所**: 不明\\n- **クリアランスレベル**: 不明\\n- **過去の違反履歴**: なし\\n\\n## 環境情報\\n```json\\n{\\n  \\\"custom\\\": \\\"value\\\"\\n}\\n```\\n\\n## 適用ポリシー\\nCustom template test policy\\n\\n## 判定対象\\nエージェント: test-agent\\nアクション: read\\nリソース: test-resource\\n目的: 未指定\\n\\n## 出力形式\\n以下のJSON形式で回答してください：\\n{\\n  \\\"decision\\\": \\\"PERMIT\\\" | \\\"DENY\\\" | \\\"INDETERMINATE\\\",\\n  \\\"reason\\\": \\\"判定理由の詳細説明\\\",\\n  \\\"confidence\\\": 0.0-1.0の信頼度スコア,\\n  \\\"constraints\\\": [\\\"適用すべき制約のリスト\\\"],\\n  \\\"obligations\\\": [\\\"実行すべき義務のリスト\\\"],\\n  \\\"metadata\\\": {\\n    \\\"risk_level\\\": \\\"LOW\\\" | \\\"MEDIUM\\\" | \\\"HIGH\\\",\\n    \\\"policy_violations\\\": [\\\"違反したポリシー項目\\\"],\\n    \\\"recommendations\\\": [\\\"推奨事項\\\"]\\n  }\\n}\""

      540 |       // Verify custom template was used
      541 |       const call = mockLLM.complete.mock.calls[0][0];
    > 542 |       expect(JSON.stringify(call)).toContain('SECURITY POLICY EVALUATION');
          |                                    ^
      543 |     });
      544 |   });
      545 |

      at Object.<anonymous> (src/test/ai/judgment-engine-comprehensive.test.ts:542:36)

  ● AIJudgmentEngine - Comprehensive Tests › Monitoring and Metrics › should track decision metrics

    expect(received).toBe(expected) // Object.is equality

    Expected: 3
    Received: 100

      566 |       const stats = engine.getStats();
      567 |       
    > 568 |       expect(stats.totalDecisions).toBe(3);
          |                                    ^
      569 |       expect(stats.permitCount).toBe(2);
      570 |       expect(stats.denyCount).toBe(1);
      571 |       expect(stats.cacheHitRate).toBeGreaterThanOrEqual(0);

      at Object.<anonymous> (src/test/ai/judgment-engine-comprehensive.test.ts:568:36)

FAIL src/test/performance/stress-test.test.ts (106.843 s)
  ● Performance and Stress Tests › Load Testing › should handle sustained load within SLA

    thrown: "Exceeded timeout of 60000 ms for a test.
    Add a timeout value to this test to increase the timeout, if this is a long-running test. See https://jestjs.io/docs/api#testname-fn-timeout."

      72 |
      73 |   describe('Load Testing', () => {
    > 74 |     it('should handle sustained load within SLA', async () => {
         |     ^
      75 |       // SLA: 99% of requests < 100ms, 99.9% availability
      76 |       
      77 |       const responseTimes: number[] = [];

      at src/test/performance/stress-test.test.ts:74:5
      at src/test/performance/stress-test.test.ts:73:3
      at Object.<anonymous> (src/test/performance/stress-test.test.ts:30:1)

  ● Performance and Stress Tests › Rate Limiting Performance › should enforce rate limits without significant overhead

    expect(received).toBeLessThanOrEqual(expected)

    Expected: <= 1100
    Received:    12000

      345 |       results.forEach(result => {
      346 |         const effectiveRate = (result.allowed / requestsPerClient) * requestsPerClient * 60; // per minute
    > 347 |         expect(effectiveRate).toBeLessThanOrEqual(STRESS_TEST_CONFIG.RATE_LIMIT * 1.1); // Within 10% tolerance
          |                               ^
      348 |       });
      349 |
      350 |       // Verify low overhead

      at src/test/performance/stress-test.test.ts:347:31
          at Array.forEach (<anonymous>)
      at Object.<anonymous> (src/test/performance/stress-test.test.ts:345:15)

FAIL src/test/mcp/stdio-router.test.ts (155.45 s)
  ● StdioRouter › Server Lifecycle › should start server successfully

    expect(jest.fn()).toHaveBeenCalledWith(...expected)

    Expected: "Successfully started upstream server: test-server"
    Received
           1: "Configured upstream server: test-server", {"args": ["test.js"], "command": "node"}
           2: "�� Starting upstream server test-server"
           3: "�� test-server startup message detected: Server running on stdio"

    Number of calls: 5

      128 |       });
      129 |       
    > 130 |       expect(mockLogger.info).toHaveBeenCalledWith(
          |                               ^
      131 |         'Successfully started upstream server: test-server'
      132 |       );
      133 |     });

      at Object.<anonymous> (src/test/mcp/stdio-router.test.ts:130:31)

  ● StdioRouter › Request Routing › should aggregate tools/list from multiple servers

    thrown: "Exceeded timeout of 30000 ms for a test.
    Add a timeout value to this test to increase the timeout, if this is a long-running test. See https://jestjs.io/docs/api#testname-fn-timeout."

      348 |     });
      349 |
    > 350 |     it('should aggregate tools/list from multiple servers', async () => {
          |     ^
      351 |       // Add second server
      352 |       const { process: mockProcess2, stdin: stdin2, stdout: stdout2, stderr: stderr2 } = createMockProcess();
      353 |       mockSpawn.mockReturnValue(mockProcess2);

      at src/test/mcp/stdio-router.test.ts:350:5
      at src/test/mcp/stdio-router.test.ts:280:3
      at Object.<anonymous> (src/test/mcp/stdio-router.test.ts:39:1)


Test Suites: 34 failed, 18 passed, 52 total
Tests:       244 failed, 5 skipped, 553 passed, 802 total
Snapshots:   0 total
Time:        163.924 s
Ran all test suites.
